<html>
<body>
<pre>
<h1>µVision Build Log</h1>
<h2>Project:</h2>
C:\Users\micha\Desktop\aghmtm\Semestr 4\Ppo\cpp\5\ppo5.uvproj
Project File Date:  03/29/2026

<h2>Output:</h2>
Rebuild target 'Target 1'
assembling Startup.s...
compiling keyboard.cpp...
compiling led.cpp...
compiling main.cpp...
led.h(1): error:  #256: invalid redeclaration of type name "LedState" (declared at line 1)
led.h(1): error:  #101: "STEP_LEFT" has already been declared in the current scope
led.h(1): error:  #101: "STEP_RIGHT" has already been declared in the current scope
led.h(1): error:  #101: "LED_STOP" has already been declared in the current scope
led.h(3): error:  #256: invalid redeclaration of type name "Led" (declared at line 3)
compiling stepper.cpp...
led.h(1): error:  #256: invalid redeclaration of type name "LedState" (declared at line 1)
led.h(1): error:  #101: "STEP_LEFT" has already been declared in the current scope
led.h(1): error:  #101: "STEP_RIGHT" has already been declared in the current scope
led.h(1): error:  #101: "LED_STOP" has already been declared in the current scope
led.h(3): error:  #256: invalid redeclaration of type name "Led" (declared at line 3)
".\ppo.axf" - 10 Errors, 0 Warning(s).
Target not created
Rebuild target 'Target 1'
assembling Startup.s...
compiling keyboard.cpp...
compiling led.cpp...
compiling main.cpp...
compiling stepper.cpp...
stepper.h(7): error:  #262: not a class or struct name
stepper.cpp(10): error:  #20: identifier "On" is undefined
stepper.cpp(15): error:  #20: identifier "On" is undefined
".\ppo.axf" - 3 Errors, 0 Warning(s).
Target not created
Rebuild target 'Target 1'
assembling Startup.s...
compiling keyboard.cpp...
compiling led.cpp...
compiling main.cpp...
led.h(1): error:  #256: invalid redeclaration of type name "LedState" (declared at line 1)
led.h(1): error:  #101: "STEP_LEFT" has already been declared in the current scope
led.h(1): error:  #101: "STEP_RIGHT" has already been declared in the current scope
led.h(1): error:  #101: "LED_STOP" has already been declared in the current scope
led.h(3): error:  #256: invalid redeclaration of type name "Led" (declared at line 3)
compiling stepper.cpp...
led.h(1): error:  #256: invalid redeclaration of type name "LedState" (declared at line 1)
led.h(1): error:  #101: "STEP_LEFT" has already been declared in the current scope
led.h(1): error:  #101: "STEP_RIGHT" has already been declared in the current scope
led.h(1): error:  #101: "LED_STOP" has already been declared in the current scope
led.h(3): error:  #256: invalid redeclaration of type name "Led" (declared at line 3)
".\ppo.axf" - 10 Errors, 0 Warning(s).
Target not created
Rebuild target 'Target 1'
assembling Startup.s...
compiling keyboard.cpp...
compiling led.cpp...
compiling main.cpp...
compiling stepper.cpp...
stepper.h(8): error:  #262: not a class or struct name
stepper.cpp(10): error:  #20: identifier "On" is undefined
stepper.cpp(15): error:  #20: identifier "On" is undefined
".\ppo.axf" - 3 Errors, 0 Warning(s).
Target not created
Rebuild target 'Target 1'
assembling Startup.s...
compiling keyboard.cpp...
compiling led.cpp...
compiling main.cpp...
led.h(1): error:  #256: invalid redeclaration of type name "LedState" (declared at line 1)
led.h(1): error:  #101: "STEP_LEFT" has already been declared in the current scope
led.h(1): error:  #101: "STEP_RIGHT" has already been declared in the current scope
led.h(1): error:  #101: "LED_STOP" has already been declared in the current scope
led.h(3): error:  #256: invalid redeclaration of type name "Led" (declared at line 3)
compiling stepper.cpp...
led.h(1): error:  #256: invalid redeclaration of type name "LedState" (declared at line 1)
led.h(1): error:  #101: "STEP_LEFT" has already been declared in the current scope
led.h(1): error:  #101: "STEP_RIGHT" has already been declared in the current scope
led.h(1): error:  #101: "LED_STOP" has already been declared in the current scope
led.h(3): error:  #256: invalid redeclaration of type name "Led" (declared at line 3)
".\ppo.axf" - 10 Errors, 0 Warning(s).
Target not created
Rebuild target 'Target 1'
assembling Startup.s...
compiling keyboard.cpp...
compiling led.cpp...
compiling main.cpp...
led.h(1): error:  #256: invalid redeclaration of type name "LedState" (declared at line 1)
led.h(1): error:  #101: "STEP_LEFT" has already been declared in the current scope
led.h(1): error:  #101: "STEP_RIGHT" has already been declared in the current scope
led.h(1): error:  #101: "LED_STOP" has already been declared in the current scope
led.h(3): error:  #256: invalid redeclaration of type name "Led" (declared at line 3)
compiling stepper.cpp...
led.h(1): error:  #256: invalid redeclaration of type name "LedState" (declared at line 1)
led.h(1): error:  #101: "STEP_LEFT" has already been declared in the current scope
led.h(1): error:  #101: "STEP_RIGHT" has already been declared in the current scope
led.h(1): error:  #101: "LED_STOP" has already been declared in the current scope
led.h(3): error:  #256: invalid redeclaration of type name "Led" (declared at line 3)
".\ppo.axf" - 10 Errors, 0 Warning(s).
Target not created
Rebuild target 'Target 1'
assembling Startup.s...
compiling keyboard.cpp...
compiling led.cpp...
led.h(8): warning:  #1-D: last line of file ends without a newline
compiling main.cpp...
led.h(8): warning:  #1-D: last line of file ends without a newline
led.h(1): error:  #256: invalid redeclaration of type name "Led" (declared at line 1)
led.h(8): warning:  #1-D: last line of file ends without a newline
led.h(8): error:  #256: invalid redeclaration of type name "LedState" (declared at line 8)
led.h(8): error:  #101: "STEP_LEFT" has already been declared in the current scope
led.h(8): error:  #101: "STEP_RIGHT" has already been declared in the current scope
led.h(8): error:  #101: "LED_STOP" has already been declared in the current scope
compiling stepper.cpp...
led.h(8): warning:  #1-D: last line of file ends without a newline
led.h(1): error:  #256: invalid redeclaration of type name "Led" (declared at line 1)
led.h(8): warning:  #1-D: last line of file ends without a newline
led.h(8): error:  #256: invalid redeclaration of type name "LedState" (declared at line 8)
led.h(8): error:  #101: "STEP_LEFT" has already been declared in the current scope
led.h(8): error:  #101: "STEP_RIGHT" has already been declared in the current scope
led.h(8): error:  #101: "LED_STOP" has already been declared in the current scope
".\ppo.axf" - 10 Errors, 5 Warning(s).
Target not created
Rebuild target 'Target 1'
assembling Startup.s...
compiling keyboard.cpp...
compiling led.cpp...
led.h(13): warning:  #1-D: last line of file ends without a newline
compiling main.cpp...
led.h(13): warning:  #1-D: last line of file ends without a newline
compiling stepper.cpp...
led.h(13): warning:  #1-D: last line of file ends without a newline
linking...
Program Size: Code=1000 RO-data=36 RW-data=4 ZI-data=1260  
".\ppo.axf" - 0 Errors, 3 Warning(s).
Rebuild target 'Target 1'
assembling Startup.s...
compiling keyboard.cpp...
compiling led.cpp...
led.h(13): warning:  #1-D: last line of file ends without a newline
compiling main.cpp...
led.h(13): warning:  #1-D: last line of file ends without a newline
stepper.h(21): warning:  #1-D: last line of file ends without a newline
compiling stepper.cpp...
led.h(13): warning:  #1-D: last line of file ends without a newline
stepper.h(21): warning:  #1-D: last line of file ends without a newline
linking...
Program Size: Code=1000 RO-data=36 RW-data=4 ZI-data=1260  
".\ppo.axf" - 0 Errors, 5 Warning(s).
Rebuild target 'Target 1'
assembling Startup.s...
compiling keyboard.cpp...
compiling led.cpp...
led.h(13): warning:  #1-D: last line of file ends without a newline
compiling main.cpp...
led.h(13): warning:  #1-D: last line of file ends without a newline
stepper.h(20): warning:  #1-D: last line of file ends without a newline
compiling stepper.cpp...
led.h(13): warning:  #1-D: last line of file ends without a newline
stepper.h(20): warning:  #1-D: last line of file ends without a newline
linking...
Program Size: Code=1000 RO-data=36 RW-data=4 ZI-data=1260  
".\ppo.axf" - 0 Errors, 5 Warning(s).
Rebuild target 'Target 1'
assembling Startup.s...
compiling keyboard.cpp...
compiling led.cpp...
led.h(13): warning:  #1-D: last line of file ends without a newline
compiling main.cpp...
led.h(13): warning:  #1-D: last line of file ends without a newline
compiling stepper.cpp...
led.h(13): warning:  #1-D: last line of file ends without a newline
linking...
Program Size: Code=1000 RO-data=36 RW-data=4 ZI-data=1260  
".\ppo.axf" - 0 Errors, 3 Warning(s).
Rebuild target 'Target 1'
assembling Startup.s...
compiling keyboard.cpp...
compiling led.cpp...
compiling main.cpp...
compiling stepper.cpp...
linking...
Program Size: Code=1000 RO-data=36 RW-data=4 ZI-data=1260  
".\ppo.axf" - 0 Errors, 0 Warning(s).
Rebuild target 'Target 1'
assembling Startup.s...
compiling keyboard.cpp...
compiling led.cpp...
compiling main.cpp...
stepper.h(20): warning:  #1-D: last line of file ends without a newline
compiling stepper.cpp...
stepper.h(20): warning:  #1-D: last line of file ends without a newline
linking...
Program Size: Code=1000 RO-data=36 RW-data=4 ZI-data=1260  
".\ppo.axf" - 0 Errors, 2 Warning(s).
Rebuild target 'Target 1'
assembling Startup.s...
compiling keyboard.cpp...
compiling led.cpp...
compiling main.cpp...
compiling stepper.cpp...
linking...
Program Size: Code=1000 RO-data=36 RW-data=4 ZI-data=1260  
".\ppo.axf" - 0 Errors, 0 Warning(s).
Rebuild target 'Target 1'
assembling Startup.s...
compiling keyboard.cpp...
compiling led.cpp...
compiling main.cpp...
compiling stepper.cpp...
linking...
Program Size: Code=1000 RO-data=36 RW-data=4 ZI-data=1260  
".\ppo.axf" - 0 Errors, 0 Warning(s).
