Removed Pin From Net: NetName=BUS1 Pin=P2-18
Removed Pin From Net: NetName=BUS2 Pin=P2-20
Removed Pin From Net: NetName=BUS0 Pin=P2-22
Removed Pin From Net: NetName=BUS3 Pin=P2-24
Removed Pin From Net: NetName=BUS4 Pin=P2-26
Removed Pin From Net: NetName=BUS5 Pin=P2-28
Removed Pin From Net: NetName=BUS6 Pin=P2-30
Removed Pin From Net: NetName=BUS7 Pin=P2-32
Added Pin To Net: NetName=BUS7 Pin=P2-25
Added Pin To Net: NetName=BUS6 Pin=P2-27
Added Pin To Net: NetName=BUS5 Pin=P2-29
Added Pin To Net: NetName=BUS4 Pin=P2-31
Added Pin To Net: NetName=BUS3 Pin=P2-33
Added Pin To Net: NetName=BUS2 Pin=P2-35
Added Pin To Net: NetName=BUS1 Pin=P2-37
Added Pin To Net: NetName=BUS0 Pin=P2-39
Added Pin To Net: NetName=output1_N Pin=P1-4
Added Pin To Net: NetName=output1_N Pin=U2-10
Added Net: Name=output1_N
Added Pin To Net: NetName=output1_P Pin=P1-3
Added Pin To Net: NetName=output1_P Pin=U2-11
Added Net: Name=output1_P
Added Pin To Net: NetName=output2_N Pin=P1-2
Added Pin To Net: NetName=output2_N Pin=U2-12
Added Net: Name=output2_N
Added Pin To Net: NetName=output2_P Pin=P1-1
Added Pin To Net: NetName=output2_P Pin=U2-13
Added Net: Name=output2_P
Added Differential Pair: Name=output1
Added Differential Pair: Name=output2
Added Room: Name=Schemat_top
Added Room: Name=U_Processor
