<html>
<body>
<pre>
<h1>µVision Build Log</h1>
<h2>Project:</h2>
C:\Users\micha\Desktop\git\aghmtm\Semestr 4\Ppo\cpp\cpp-pop\2\2.uvproj
Project File Date:  04/20/2026

<h2>Output:</h2>
Rebuild target 'Target 1'
assembling Startup.s...
compiling main.cpp...
compiling led.cpp...
compiling keyboard.cpp...
linking...
Program Size: Code=892 RO-data=32 RW-data=4 ZI-data=1260  
".\ppo.axf" - 0 Errors, 0 Warning(s).
Rebuild target 'Target 1'
assembling Startup.s...
compiling main.cpp...
led.h(15): warning:  #1-D: last line of file ends without a newline
main.cpp(12): error:  #20: identifier "LedInit" is undefined
main.cpp(16): error:  #20: identifier "LedStepLeft" is undefined
compiling led.cpp...
led.h(15): warning:  #1-D: last line of file ends without a newline
led.cpp(50): error:  #20: identifier "On" is undefined
compiling keyboard.cpp...
".\ppo.axf" - 3 Errors, 2 Warning(s).
Target not created
Rebuild target 'Target 1'
assembling Startup.s...
compiling main.cpp...
led.h(15): warning:  #1-D: last line of file ends without a newline
main.cpp(12): error:  #20: identifier "LedInit" is undefined
main.cpp(16): error:  #20: identifier "LedStepLeft" is undefined
compiling led.cpp...
led.h(15): warning:  #1-D: last line of file ends without a newline
compiling keyboard.cpp...
".\ppo.axf" - 2 Errors, 2 Warning(s).
Target not created
Rebuild target 'Target 1'
assembling Startup.s...
compiling main.cpp...
main.cpp(12): error:  #20: identifier "LedInit" is undefined
main.cpp(16): error:  #20: identifier "LedStepLeft" is undefined
compiling led.cpp...
compiling keyboard.cpp...
".\ppo.axf" - 2 Errors, 0 Warning(s).
Target not created
Rebuild target 'Target 1'
assembling Startup.s...
compiling main.cpp...
compiling led.cpp...
compiling keyboard.cpp...
linking...
Program Size: Code=820 RO-data=16 RW-data=0 ZI-data=1256  
".\ppo.axf" - 0 Errors, 0 Warning(s).
Rebuild target 'Target 1'
assembling Startup.s...
compiling main.cpp...
compiling led.cpp...
compiling keyboard.cpp...
linking...
Program Size: Code=820 RO-data=16 RW-data=0 ZI-data=1256  
".\ppo.axf" - 0 Errors, 0 Warning(s).
Clean started: Project: '2'
   deleting intermediate output files for target 'Target 1'
