<html>
<body>
<pre>
<h1>µVision Build Log</h1>
<h2>Project:</h2>
C:\Users\micha\Desktop\git\aghmtm\Semestr 4\Ppo\cpp\cpp-pop\8a\8a.uvproj
Project File Date:  04/21/2026

<h2>Output:</h2>
Rebuild target 'Target 1'
assembling Startup.s...
compiling main.cpp...
compiling led.cpp...
compiling keyboard.cpp...
compiling stepper.cpp...
linking...
Program Size: Code=976 RO-data=36 RW-data=4 ZI-data=1260  
".\ppo.axf" - 0 Errors, 0 Warning(s).
Rebuild target 'Target 1'
assembling Startup.s...
compiling main.cpp...
compiling led.cpp...
compiling keyboard.cpp...
compiling stepper.cpp...
linking...
Program Size: Code=1140 RO-data=36 RW-data=4 ZI-data=1260  
".\ppo.axf" - 0 Errors, 0 Warning(s).
Rebuild target 'Target 1'
assembling Startup.s...
compiling main.cpp...
compiling led.cpp...
compiling keyboard.cpp...
compiling stepper.cpp...
linking...
Program Size: Code=1140 RO-data=36 RW-data=4 ZI-data=1260  
".\ppo.axf" - 0 Errors, 0 Warning(s).
Rebuild target 'Target 1'
assembling Startup.s...
compiling main.cpp...
compiling led.cpp...
led.cpp(57): warning:  #1-D: last line of file ends without a newline
compiling keyboard.cpp...
compiling stepper.cpp...
linking...
Program Size: Code=1348 RO-data=36 RW-data=4 ZI-data=1260  
".\ppo.axf" - 0 Errors, 1 Warning(s).
Rebuild target 'Target 1'
assembling Startup.s...
compiling main.cpp...
compiling led.cpp...
compiling keyboard.cpp...
compiling stepper.cpp...
linking...
Program Size: Code=1348 RO-data=36 RW-data=4 ZI-data=1260  
".\ppo.axf" - 0 Errors, 0 Warning(s).
Rebuild target 'Target 1'
assembling Startup.s...
compiling main.cpp...
compiling led.cpp...
compiling keyboard.cpp...
compiling stepper.cpp...
compiling ledinv.cpp...
linking...
Program Size: Code=1188 RO-data=36 RW-data=4 ZI-data=1260  
".\ppo.axf" - 0 Errors, 0 Warning(s).
Rebuild target 'Target 1'
assembling Startup.s...
compiling main.cpp...
compiling led.cpp...
compiling keyboard.cpp...
compiling stepper.cpp...
compiling ledinv.cpp...
linking...
Program Size: Code=1188 RO-data=36 RW-data=4 ZI-data=1260  
".\ppo.axf" - 0 Errors, 0 Warning(s).
Rebuild target 'Target 1'
assembling Startup.s...
compiling main.cpp...
compiling led.cpp...
compiling keyboard.cpp...
compiling stepper.cpp...
compiling ledinv.cpp...
linking...
Program Size: Code=1372 RO-data=36 RW-data=4 ZI-data=1260  
".\ppo.axf" - 0 Errors, 0 Warning(s).
Rebuild target 'Target 1'
assembling Startup.s...
compiling main.cpp...
led.h(4): error:  #256: invalid redeclaration of type name "Led" (declared at line 4)
compiling led.cpp...
compiling keyboard.cpp...
compiling stepper.cpp...
led.h(4): error:  #256: invalid redeclaration of type name "Led" (declared at line 4)
compiling ledinv.cpp...
".\ppo.axf" - 2 Errors, 0 Warning(s).
Target not created
Rebuild target 'Target 1'
assembling Startup.s...
compiling main.cpp...
compiling led.cpp...
compiling keyboard.cpp...
compiling stepper.cpp...
compiling ledinv.cpp...
linking...
Program Size: Code=1388 RO-data=36 RW-data=4 ZI-data=1260  
".\ppo.axf" - 0 Errors, 0 Warning(s).
Rebuild target 'Target 1'
assembling Startup.s...
compiling main.cpp...
main.cpp(17): error:  #20: identifier "ucInversion" is undefined
main.cpp(19): error:  #20: identifier "ucInversion" is undefined
compiling led.cpp...
compiling keyboard.cpp...
compiling stepper.cpp...
compiling ledinv.cpp...
".\ppo.axf" - 2 Errors, 0 Warning(s).
Target not created
Rebuild target 'Target 1'
assembling Startup.s...
compiling main.cpp...
compiling led.cpp...
compiling keyboard.cpp...
compiling stepper.cpp...
compiling ledinv.cpp...
linking...
.\ppo.axf: Error: L6218E: Undefined symbol ucInversion (referred from stepper.o).
".\ppo.axf" - 1 Errors, 0 Warning(s).
Target not created
Rebuild target 'Target 1'
assembling Startup.s...
compiling main.cpp...
compiling led.cpp...
compiling keyboard.cpp...
compiling stepper.cpp...
compiling ledinv.cpp...
linking...
.\ppo.axf: Error: L6218E: Undefined symbol ucInversion (referred from stepper.o).
".\ppo.axf" - 1 Errors, 0 Warning(s).
Target not created
Rebuild target 'Target 1'
assembling Startup.s...
compiling main.cpp...
compiling led.cpp...
compiling keyboard.cpp...
compiling stepper.cpp...
stepper.cpp(14): error:  #20: identifier "ucInversion" is undefined
stepper.cpp(30): error:  #20: identifier "ucInversion" is undefined
compiling ledinv.cpp...
".\ppo.axf" - 2 Errors, 0 Warning(s).
Target not created
Rebuild target 'Target 1'
assembling Startup.s...
compiling main.cpp...
compiling led.cpp...
compiling keyboard.cpp...
compiling stepper.cpp...
compiling ledinv.cpp...
linking...
.\ppo.axf: Error: L6218E: Undefined symbol ucInversion (referred from stepper.o).
".\ppo.axf" - 1 Errors, 0 Warning(s).
Target not created
Rebuild target 'Target 1'
assembling Startup.s...
compiling main.cpp...
compiling led.cpp...
compiling keyboard.cpp...
compiling stepper.cpp...
compiling ledinv.cpp...
linking...
Program Size: Code=1384 RO-data=36 RW-data=4 ZI-data=1260  
".\ppo.axf" - 0 Errors, 0 Warning(s).
Rebuild target 'Target 1'
assembling Startup.s...
compiling main.cpp...
led.h(4): error:  #256: invalid redeclaration of type name "Led" (declared at line 4)
main.cpp(20): error:  #513: a value of type "Ledinv *" cannot be assigned to an entity of type "Led *"
main.cpp(24): error:  #167: argument of type "Led *" is incompatible with parameter of type "Led *"
compiling led.cpp...
compiling keyboard.cpp...
compiling stepper.cpp...
stepper.cpp(16): error:  #393: pointer to incomplete class type is not allowed
compiling ledinv.cpp...
".\ppo.axf" - 4 Errors, 0 Warning(s).
Target not created
Rebuild target 'Target 1'
assembling Startup.s...
compiling main.cpp...
led.h(4): error:  #256: invalid redeclaration of type name "Led" (declared at line 4)
main.cpp(20): error:  #513: a value of type "Ledinv *" cannot be assigned to an entity of type "Led *"
main.cpp(24): error:  #167: argument of type "Led *" is incompatible with parameter of type "Led *"
compiling led.cpp...
compiling keyboard.cpp...
compiling stepper.cpp...
stepper.cpp(16): error:  #393: pointer to incomplete class type is not allowed
compiling ledinv.cpp...
".\ppo.axf" - 4 Errors, 0 Warning(s).
Target not created
Rebuild target 'Target 1'
assembling Startup.s...
compiling main.cpp...
led.h(4): error:  #256: invalid redeclaration of type name "Led" (declared at line 4)
main.cpp(21): error:  #513: a value of type "Ledinv *" cannot be assigned to an entity of type "Led *"
main.cpp(25): error:  #167: argument of type "Led *" is incompatible with parameter of type "Led *"
compiling led.cpp...
compiling keyboard.cpp...
compiling stepper.cpp...
stepper.cpp(16): error:  #393: pointer to incomplete class type is not allowed
compiling ledinv.cpp...
".\ppo.axf" - 4 Errors, 0 Warning(s).
Target not created
Rebuild target 'Target 1'
assembling Startup.s...
compiling main.cpp...
led.h(4): error:  #256: invalid redeclaration of type name "Led" (declared at line 4)
main.cpp(21): error:  #513: a value of type "Ledinv *" cannot be assigned to an entity of type "Led *"
main.cpp(25): error:  #167: argument of type "Led *" is incompatible with parameter of type "Led *"
compiling led.cpp...
compiling keyboard.cpp...
compiling stepper.cpp...
stepper.cpp(2): error:  #11-D: unrecognized preprocessing directive
stepper.cpp(15): error:  #393: pointer to incomplete class type is not allowed
compiling ledinv.cpp...
".\ppo.axf" - 5 Errors, 0 Warning(s).
Target not created
Rebuild target 'Target 1'
assembling Startup.s...
compiling main.cpp...
led.h(4): error:  #256: invalid redeclaration of type name "Led" (declared at line 4)
main.cpp(21): error:  #513: a value of type "Ledinv *" cannot be assigned to an entity of type "Led *"
main.cpp(25): error:  #167: argument of type "Led *" is incompatible with parameter of type "Led *"
compiling led.cpp...
compiling keyboard.cpp...
compiling stepper.cpp...
compiling ledinv.cpp...
".\ppo.axf" - 3 Errors, 0 Warning(s).
Target not created
Rebuild target 'Target 1'
assembling Startup.s...
compiling main.cpp...
led.h(4): error:  #256: invalid redeclaration of type name "Led" (declared at line 4)
main.cpp(21): error:  #269-D: conversion to inaccessible base class "Led" is not allowed
main.cpp(25): error:  #167: argument of type "Led *" is incompatible with parameter of type "Led *"
compiling led.cpp...
compiling keyboard.cpp...
compiling stepper.cpp...
compiling ledinv.cpp...
".\ppo.axf" - 3 Errors, 0 Warning(s).
Target not created
Rebuild target 'Target 1'
assembling Startup.s...
compiling main.cpp...
led.h(4): error:  #256: invalid redeclaration of type name "Led" (declared at line 4)
main.cpp(21): error:  #269-D: conversion to inaccessible base class "Led" is not allowed
main.cpp(25): error:  #167: argument of type "Led *" is incompatible with parameter of type "Led *"
compiling led.cpp...
compiling keyboard.cpp...
compiling stepper.cpp...
compiling ledinv.cpp...
".\ppo.axf" - 3 Errors, 0 Warning(s).
Target not created
Rebuild target 'Target 1'
assembling Startup.s...
compiling main.cpp...
main.cpp(20): error:  #269-D: conversion to inaccessible base class "Led" is not allowed
compiling led.cpp...
compiling keyboard.cpp...
compiling stepper.cpp...
compiling ledinv.cpp...
".\ppo.axf" - 1 Errors, 0 Warning(s).
Target not created
Rebuild target 'Target 1'
assembling Startup.s...
compiling main.cpp...
compiling led.cpp...
compiling keyboard.cpp...
compiling stepper.cpp...
compiling ledinv.cpp...
linking...
Program Size: Code=2364 RO-data=56 RW-data=8 ZI-data=1256  
".\ppo.axf" - 0 Errors, 0 Warning(s).
Rebuild target 'Target 1'
assembling Startup.s...
compiling main.cpp...
compiling led.cpp...
compiling keyboard.cpp...
compiling stepper.cpp...
compiling ledinv.cpp...
linking...
Program Size: Code=2364 RO-data=56 RW-data=8 ZI-data=1256  
".\ppo.axf" - 0 Errors, 0 Warning(s).
Rebuild target 'Target 1'
assembling Startup.s...
compiling main.cpp...
compiling led.cpp...
compiling keyboard.cpp...
compiling stepper.cpp...
compiling ledinv.cpp...
compiling ledpos.cpp...
linking...
Program Size: Code=2224 RO-data=56 RW-data=8 ZI-data=1256  
".\ppo.axf" - 0 Errors, 0 Warning(s).
Rebuild target 'Target 1'
assembling Startup.s...
compiling main.cpp...
led.h(4): error:  #256: invalid redeclaration of type name "Led" (declared at line 4)
main.cpp(21): error:  #513: a value of type "Ledinv *" cannot be assigned to an entity of type "Led *"
main.cpp(25): error:  #167: argument of type "Led *" is incompatible with parameter of type "Led *"
compiling led.cpp...
compiling keyboard.cpp...
compiling stepper.cpp...
compiling ledinv.cpp...
compiling ledpos.cpp...
".\ppo.axf" - 3 Errors, 0 Warning(s).
Target not created
Rebuild target 'Target 1'
assembling Startup.s...
compiling main.cpp...
led.h(4): error:  #256: invalid redeclaration of type name "Led" (declared at line 4)
main.cpp(21): error:  #513: a value of type "Ledinv *" cannot be assigned to an entity of type "Led *"
main.cpp(25): error:  #167: argument of type "Led *" is incompatible with parameter of type "Led *"
compiling led.cpp...
compiling keyboard.cpp...
compiling stepper.cpp...
compiling ledinv.cpp...
compiling ledpos.cpp...
".\ppo.axf" - 3 Errors, 0 Warning(s).
Target not created
Rebuild target 'Target 1'
assembling Startup.s...
compiling main.cpp...
led.h(4): error:  #256: invalid redeclaration of type name "Led" (declared at line 4)
main.cpp(21): error:  #513: a value of type "Ledinv *" cannot be assigned to an entity of type "Led *"
main.cpp(25): error:  #167: argument of type "Led *" is incompatible with parameter of type "Led *"
compiling led.cpp...
compiling keyboard.cpp...
compiling stepper.cpp...
compiling ledinv.cpp...
compiling ledpos.cpp...
".\ppo.axf" - 3 Errors, 0 Warning(s).
Target not created
Rebuild target 'Target 1'
assembling Startup.s...
compiling main.cpp...
led.h(4): error:  #256: invalid redeclaration of type name "Led" (declared at line 4)
main.cpp(21): error:  #513: a value of type "Ledinv *" cannot be assigned to an entity of type "Led *"
main.cpp(25): error:  #167: argument of type "Led *" is incompatible with parameter of type "Led *"
compiling led.cpp...
compiling keyboard.cpp...
compiling stepper.cpp...
compiling ledinv.cpp...
compiling ledpos.cpp...
".\ppo.axf" - 3 Errors, 0 Warning(s).
Target not created
Rebuild target 'Target 1'
assembling Startup.s...
compiling main.cpp...
led.h(4): error:  #256: invalid redeclaration of type name "Led" (declared at line 4)
led.h(4): error:  #256: invalid redeclaration of type name "Led" (declared at line 4)
main.cpp(22): error:  #513: a value of type "Ledinv *" cannot be assigned to an entity of type "Led *"
main.cpp(26): error:  #167: argument of type "Led *" is incompatible with parameter of type "Led *"
compiling led.cpp...
compiling keyboard.cpp...
compiling stepper.cpp...
compiling ledinv.cpp...
compiling ledpos.cpp...
".\ppo.axf" - 4 Errors, 0 Warning(s).
Target not created
Rebuild target 'Target 1'
assembling Startup.s...
compiling main.cpp...
compiling led.cpp...
compiling keyboard.cpp...
compiling stepper.cpp...
compiling ledinv.cpp...
compiling ledpos.cpp...
linking...
Program Size: Code=2396 RO-data=68 RW-data=8 ZI-data=1256  
".\ppo.axf" - 0 Errors, 0 Warning(s).
