ARM Linker, 5.03 [Build 76] [MDK-ARM Lite]

==============================================================================

Section Cross References

    startup.o(STACK) refers (Special) to heapauxi.o(.text) for __use_two_region_memory
    startup.o(HEAP) refers (Special) to heapauxi.o(.text) for __use_two_region_memory
    startup.o(RESET) refers (Special) to heapauxi.o(.text) for __use_two_region_memory
    startup.o(RESET) refers to startup.o(STACK) for Stack_Top
    startup.o(RESET) refers to __main.o(!!!main) for __main
    startup.o(.text) refers (Special) to heapauxi.o(.text) for __use_two_region_memory
    startup.o(.text) refers to startup.o(HEAP) for Heap_Mem
    startup.o(.text) refers to startup.o(STACK) for Stack_Mem
    keyboard.o(.ARM.exidx) refers to keyboard.o(.text) for .text
    led.o(.text) refers to led.o(.constdata__ZTV3Led) for vtable for Led
    led.o(.ARM.exidx) refers to led.o(.text) for .text
    main.o(.text) refers to keyboard.o(.text) for Keyboard::Keyboard()
    main.o(.text) refers to new.o(i._Znwj) for operator new(unsigned)
    main.o(.text) refers to led.o(.text) for Led::Led()
    main.o(.text) refers to stepper.o(.text) for Stepper::Setled(Led*)
    main.o(.text) refers to ledinv.o(.constdata__ZTV6Ledinv) for vtable for Ledinv
    main.o(.text) refers to ledpos.o(.constdata__ZTV6Ledpos) for vtable for Ledpos
    main.o(.text) refers to main.o(.bss) for mystep
    main.o(.ARM.exidx) refers to main.o(.text) for .text
    stepper.o(.ARM.exidx) refers to stepper.o(.text) for .text
    ledinv.o(.ARM.exidx) refers to ledinv.o(.text) for .text
    ledpos.o(.ARM.exidx) refers to ledpos.o(.text) for .text
    __main.o(!!!main) refers to rtentry.o(.ARM.Collect$$rtentry$$00000000) for __rt_entry
    new.o(i._Znwj) refers to rt_new_handler_addr_intlibspace.o(.text) for __rt_new_handler_addr
    new.o(i._Znwj) refers to new.o(i.__ARM_common_call_via_r0) for __ARM_common_call_via_r0
    new.o(i._Znwj) refers to h1_alloc.o(.text) for malloc
    new.o(i._Znwj) refers to arm_newhandler_noexceptions.o(.text) for __default_new_handler()
    new.o(.ARM.exidx) refers to new.o(i._Znwj) for i._Znwj
    new.o(.ARM.exidx) refers to unwind_pr0.o(.text) for __aeabi_unwind_cpp_pr0
    new.o(.ARM.exidx) refers to new.o(.ARM.extab) for .extab._Znwj
    new.o(.ARM.extab) refers to arm_callunex_noexceptions.o(.text) for __cxa_call_unexpected
    new.o(.ARM.extab) refers to bad_alloc_dtor.o(.constdata__ZTISt9bad_alloc) for typeinfo for std::bad_alloc
    lib_rtti_impl.o(i._ZN10__cxxabiv116__enum_type_infoD0Ev) refers to lib_rtti_impl.o(i._ZN10__cxxabiv116__enum_type_infoD1Ev) for __cxxabiv1::__enum_type_info::~__enum_type_info()
    lib_rtti_impl.o(i._ZN10__cxxabiv117__array_type_infoD0Ev) refers to lib_rtti_impl.o(i._ZN10__cxxabiv117__array_type_infoD1Ev) for __cxxabiv1::__array_type_info::~__array_type_info()
    lib_rtti_impl.o(i._ZN10__cxxabiv117__class_type_infoD0Ev) refers to lib_rtti_impl.o(i._ZN10__cxxabiv117__class_type_infoD1Ev) for __cxxabiv1::__class_type_info::~__class_type_info()
    lib_rtti_impl.o(i._ZN10__cxxabiv117__pbase_type_infoD0Ev) refers to lib_rtti_impl.o(i._ZN10__cxxabiv117__pbase_type_infoD1Ev) for __cxxabiv1::__pbase_type_info::~__pbase_type_info()
    lib_rtti_impl.o(i._ZN10__cxxabiv119__pointer_type_infoD0Ev) refers to lib_rtti_impl.o(i._ZN10__cxxabiv119__pointer_type_infoD1Ev) for __cxxabiv1::__pointer_type_info::~__pointer_type_info()
    lib_rtti_impl.o(i._ZN10__cxxabiv119__pointer_type_infoD1Ev) refers to lib_rtti_impl.o(i._ZN10__cxxabiv117__pbase_type_infoD1Ev) for __cxxabiv1::__pbase_type_info::~__pbase_type_info()
    lib_rtti_impl.o(i._ZN10__cxxabiv120__function_type_infoD0Ev) refers to lib_rtti_impl.o(i._ZN10__cxxabiv120__function_type_infoD1Ev) for __cxxabiv1::__function_type_info::~__function_type_info()
    lib_rtti_impl.o(i._ZN10__cxxabiv120__si_class_type_infoD0Ev) refers to lib_rtti_impl.o(i._ZN10__cxxabiv120__si_class_type_infoD1Ev) for __cxxabiv1::__si_class_type_info::~__si_class_type_info()
    lib_rtti_impl.o(i._ZN10__cxxabiv120__si_class_type_infoD1Ev) refers to lib_rtti_impl.o(i._ZN10__cxxabiv117__class_type_infoD1Ev) for __cxxabiv1::__class_type_info::~__class_type_info()
    lib_rtti_impl.o(i._ZN10__cxxabiv121__vmi_class_type_infoD0Ev) refers to lib_rtti_impl.o(i._ZN10__cxxabiv121__vmi_class_type_infoD1Ev) for __cxxabiv1::__vmi_class_type_info::~__vmi_class_type_info()
    lib_rtti_impl.o(i._ZN10__cxxabiv121__vmi_class_type_infoD1Ev) refers to lib_rtti_impl.o(i._ZN10__cxxabiv117__class_type_infoD1Ev) for __cxxabiv1::__class_type_info::~__class_type_info()
    lib_rtti_impl.o(i._ZN10__cxxabiv123__fundamental_type_infoD0Ev) refers to lib_rtti_impl.o(i._ZN10__cxxabiv123__fundamental_type_infoD1Ev) for __cxxabiv1::__fundamental_type_info::~__fundamental_type_info()
[...]
    heap2mt.o(i.___Heap_Valid$realtime$concurrent) refers to heap2mt.o(i._FDIterate) for _FDIterate
    heap2mt.o(i.___Heap_Valid$realtime$concurrent) refers to heap2mt.o(.constdata) for .constdata
    heap2mt.o(i._free$realtime$concurrent) refers to rt_heap_descriptor_intlibspace.o(.text) for __rt_heap_descriptor
    heap2mt.o(i._free$realtime$concurrent) refers to fdtree.o(i._FDTree_Delete) for _FDTree_Delete
    heap2mt.o(i._free$realtime$concurrent) refers to fdtree.o(i._FDTree_Insert) for _FDTree_Insert
    heap2mt.o(i._malloc$realtime$concurrent) refers to rt_heap_descriptor_intlibspace.o(.text) for __rt_heap_descriptor
    heap2mt.o(i._malloc$realtime$concurrent) refers to fdtree.o(i._FDTree_FindFirst) for _FDTree_FindFirst
    heap2mt.o(i._malloc$realtime$concurrent) refers to init_alloc.o(.text) for __Heap_Full
    heap2mt.o(i._malloc$realtime$concurrent) refers to fdtree.o(i._FDTree_RemoveNode) for _FDTree_RemoveNode
    heap2mt.o(i._malloc$realtime$concurrent) refers to fdtree.o(i._FDTree_Insert) for _FDTree_Insert
    heap2mt.o(i._posix_memalign$realtime$concurrent) refers to rt_heap_descriptor_intlibspace.o(.text) for __rt_heap_descriptor
    heap2mt.o(i._posix_memalign$realtime$concurrent) refers to fdtree.o(i._FDTree_FindFirst) for _FDTree_FindFirst
    heap2mt.o(i._posix_memalign$realtime$concurrent) refers to init_alloc.o(.text) for __Heap_Full
    heap2mt.o(i._posix_memalign$realtime$concurrent) refers to fdtree.o(i._FDTree_RemoveNode) for _FDTree_RemoveNode
    heap2mt.o(i._posix_memalign$realtime$concurrent) refers to fdtree.o(i._FDTree_Insert) for _FDTree_Insert
    heap2mt.o(i._realloc$realtime$concurrent) refers to rt_heap_descriptor_intlibspace.o(.text) for __rt_heap_descriptor
    heap2mt.o(i._realloc$realtime$concurrent) refers to h1_free.o(.text) for free
    heap2mt.o(i._realloc$realtime$concurrent) refers to h1_alloc.o(.text) for malloc
    heap2mt.o(i._realloc$realtime$concurrent) refers to fdtree.o(i._FDTree_Delete) for _FDTree_Delete
    heap2mt.o(i._realloc$realtime$concurrent) refers to fdtree.o(i._FDTree_Insert) for _FDTree_Insert
    heap2mt.o(i._realloc$realtime$concurrent) refers to rt_memcpy_w.o(.text) for __aeabi_memcpy4
    unwind_pr0.o(.text) refers to unwind_prcommon.o(.text) for __ARM_unwind_cpp_prcommon
    arm_callunex_noexceptions.o(.ARM.exidx) refers to arm_callunex_noexceptions.o(.text) for .text
    arm_newhandler_noexceptions.o(.text) refers to arm_exceptions_terminate.o(.text) for std::terminate()
    arm_newhandler_noexceptions.o(.ARM.exidx) refers to arm_newhandler_noexceptions.o(.text) for .text
    bad_alloc_dtor.o(i._ZNSt9bad_allocD0Ev) refers to bad_alloc_dtor.o(i._ZNSt9bad_allocD1Ev) for std::bad_alloc::~bad_alloc()
    bad_alloc_dtor.o(i._ZNSt9bad_allocD0Ev) refers to delete.o(i._ZdlPv) for operator delete (void*)
    bad_alloc_dtor.o(.ARM.exidx) refers to bad_alloc_dtor.o(i._ZNSt9bad_allocD1Ev) for i._ZNSt9bad_allocD1Ev
    bad_alloc_dtor.o(.ARM.exidx) refers to bad_alloc_dtor.o(i._ZNSt9bad_allocD0Ev) for i._ZNSt9bad_allocD0Ev
    type_info_dtor.o(.ARM.exidx) refers to type_info_dtor.o(i._ZNSt9type_infoD1Ev) for i._ZNSt9type_infoD1Ev
    type_info_dtor.o(.ARM.exidx) refers to type_info_dtor.o(i._ZNSt9type_infoD0Ev) for i._ZNSt9type_infoD0Ev
    libspace.o(.text) refers to libspace.o(.bss) for __libspace_start
    rtentry2.o(.ARM.Collect$$rtentry$$00000008) refers to boardinit2.o(.text) for _platform_post_stackheap_init
    rtentry2.o(.ARM.Collect$$rtentry$$0000000A) refers to libinit.o(.ARM.Collect$$libinit$$00000000) for __rt_lib_init
    rtentry2.o(.ARM.Collect$$rtentry$$0000000B) refers to boardinit3.o(.text) for _platform_post_lib_init
    rtentry2.o(.ARM.Collect$$rtentry$$0000000D) refers to exit.o(.text) for exit
    rtentry2.o(.ARM.Collect$$rtentry$$0000000D) refers to main.o(.text) for main
    rtentry2.o(.ARM.exidx) refers to rtentry2.o(.ARM.Collect$$rtentry$$00000001) for .ARM.Collect$$rtentry$$00000001
    rtentry2.o(.ARM.exidx) refers to rtentry2.o(.ARM.Collect$$rtentry$$00000008) for .ARM.Collect$$rtentry$$00000008
    rtentry2.o(.ARM.exidx) refers to rtentry2.o(.ARM.Collect$$rtentry$$0000000A) for .ARM.Collect$$rtentry$$0000000A
    rtentry2.o(.ARM.exidx) refers to rtentry2.o(.ARM.Collect$$rtentry$$0000000B) for .ARM.Collect$$rtentry$$0000000B
    rtentry2.o(.ARM.exidx) refers to rtentry2.o(.ARM.Collect$$rtentry$$0000000D) for .ARM.Collect$$rtentry$$0000000D
    rtentry4.o(.ARM.Collect$$rtentry$$00000004) refers to sys_stackheap_outer.o(.text) for __user_setup_stackheap
    rtentry4.o(.ARM.exidx) refers to rtentry4.o(.ARM.Collect$$rtentry$$00000004) for .ARM.Collect$$rtentry$$00000004
    rt_heap_descriptor.o(.text) refers to rt_heap_descriptor.o(.bss) for __rt_heap_descriptor_data
    rt_heap_descriptor_intlibspace.o(.text) refers to libspace.o(.bss) for __libspace_start
    init_alloc.o(.text) refers (Special) to hguard.o(.text) for __heap$guard
    init_alloc.o(.text) refers (Special) to libinit2.o(.ARM.Collect$$libinit$$00000003) for __rt_lib_init_heap_2
    init_alloc.o(.text) refers (Special) to maybetermalloc1.o(.emb_text) for _maybe_terminate_alloc
    init_alloc.o(.text) refers to h1_extend.o(.text) for __Heap_ProvideMemory
    init_alloc.o(.text) refers to defsig_rtmem_outer.o(.text) for __rt_SIGRTMEM
    init_alloc.o(.text) refers to rt_heap_descriptor_intlibspace.o(.text) for __rt_heap_descriptor
    init_alloc.o(.text) refers to h1_init.o(.text) for __Heap_Initialize
    free.o(.text) refers (Special) to hguard.o(.text) for __heap$guard
    free.o(.text) refers to rt_heap_descriptor_intlibspace.o(.text) for __rt_heap_descriptor
    h1_free.o(.text) refers to rt_heap_descriptor_intlibspace.o(.text) for __rt_heap_descriptor
    h1_init_mt.o(.text) refers to mutex_dummy.o(.text) for _mutex_initialize
    h1_free_mt.o(.text) refers to rt_heap_descriptor_intlibspace.o(.text) for __rt_heap_descriptor
    aeabi_sdiv.o(.text_udiv) refers to aeabi_sdiv.o(.text) for __arm_div2
    aeabi_sdiv_div0.o(.text_udiv) refers to aeabi_sdiv_div0.o(.text) for __arm_div2
    _get_argv.o(.text) refers (Special) to hrguard.o(.text) for __heap_region$guard
    _get_argv.o(.text) refers to h1_alloc.o(.text) for malloc
    _get_argv.o(.text) refers to defsig_rtmem_outer.o(.text) for __rt_SIGRTMEM
    _get_argv.o(.text) refers to sys_command.o(.text) for _sys_command_string
    libinit2.o(.ARM.Collect$$libinit$$00000001) refers to fpinit.o(x$fpl$fpinit) for _fp_init
    libinit2.o(.ARM.Collect$$libinit$$00000003) refers (Weak) to init_alloc.o(.text) for _init_alloc
    libinit2.o(.ARM.Collect$$libinit$$0000000E) refers to libinit2.o(.ARM.Collect$$libinit$$0000000D) for .ARM.Collect$$libinit$$0000000D
    libinit2.o(.ARM.Collect$$libinit$$00000010) refers to libinit2.o(.ARM.Collect$$libinit$$0000000D) for .ARM.Collect$$libinit$$0000000D
    libinit2.o(.ARM.Collect$$libinit$$00000012) refers to libinit2.o(.ARM.Collect$$libinit$$0000000D) for .ARM.Collect$$libinit$$0000000D
    libinit2.o(.ARM.Collect$$libinit$$00000014) refers to libinit2.o(.ARM.Collect$$libinit$$0000000D) for .ARM.Collect$$libinit$$0000000D
    libinit2.o(.ARM.Collect$$libinit$$00000016) refers to libinit2.o(.ARM.Collect$$libinit$$0000000D) for .ARM.Collect$$libinit$$0000000D
    libinit2.o(.ARM.Collect$$libinit$$00000024) refers to argv_veneer.o(.emb_text) for __ARM_argv_veneer
    libinit2.o(.ARM.Collect$$libinit$$00000025) refers to argv_veneer.o(.emb_text) for __ARM_argv_veneer
    unwind_prcommon.o(.text) refers to unwinder.o(.text) for _Unwind_VRS_Get
    unwind_prcommon.o(.text) refers to unwind_activity.o(.emb_text) for _Unwind_Activity
    unwind_prcommon.o(.text) refers (Weak) to arm_callunex_noexceptions.o(.text) for __cxa_call_unexpected
    unwind_prcommon.o(.text) refers (Weak) to arm_callunex_noexceptions.o(.text) for __cxa_call_unexpected
    delete.o(i._ZdlPv) refers to h1_free.o(.text) for free
    delete.o(.ARM.exidx) refers to delete.o(i._ZdlPv) for i._ZdlPv
    arm_exceptions_terminate.o(.text) refers to arm_exceptions_globs.o(.text) for __cxa_get_globals
    arm_exceptions_terminate.o(.text) refers to arm_exceptions_terminate.o(i.__ARM_common_call_via_r1) for __ARM_common_call_via_r1
    arm_exceptions_terminate.o(.text) refers to new.o(i.__ARM_common_call_via_r0) for __ARM_common_call_via_r0
    arm_exceptions_terminate.o(.text) refers to abort.o(.text) for abort
    arm_exceptions_terminate.o(.ARM.exidx) refers to arm_exceptions_terminate.o(.text) for .text
    bad_alloc_what.o(.ARM.exidx) refers to bad_alloc_what.o(i._ZNKSt9bad_alloc4whatEv) for i._ZNKSt9bad_alloc4whatEv
    exception_dtor.o(i._ZNSt9exceptionD0Ev) refers to delete.o(i._ZdlPv) for operator delete (void*)
    exception_dtor.o(.ARM.exidx) refers to exception_dtor.o(i._ZNSt9exceptionD1Ev) for i._ZNSt9exceptionD1Ev
    exception_dtor.o(.ARM.exidx) refers to exception_dtor.o(i._ZNSt9exceptionD0Ev) for i._ZNSt9exceptionD0Ev
    sys_command.o(.text) refers (Special) to use_no_semi.o(.text) for __I$use$semihosting
    sys_command.o(.text) refers (Special) to indicate_semi.o(.text) for __semihosting_library_function
    sys_stackheap_outer.o(.text) refers to libspace.o(.text) for __user_perproc_libspace
    sys_stackheap_outer.o(.text) refers to startup.o(.text) for __user_initial_stackheap
    aeabi_idiv0_sigfpe.o(.text) refers to rt_div0.o(.text) for __rt_div0
    maybetermalloc2.o(.emb_text) refers (Special) to term_alloc.o(.text) for _terminate_alloc
    h1_extend.o(.text) refers to h1_free.o(.text) for free
    h1_extend_mt.o(.text) refers to h1_free_mt.o(.text) for _free_internal
    exit.o(.text) refers to rtexit.o(.ARM.Collect$$rtexit$$00000000) for __rt_exit
    abort.o(.text) refers to defsig_abrt_outer.o(.text) for __rt_SIGABRT
    abort.o(.text) refers (Weak) to libshutdown.o(.ARM.Collect$$libshutdown$$00000000) for __rt_lib_shutdown
    abort.o(.text) refers to sys_exit.o(.text) for _sys_exit
    defsig_rtmem_outer.o(.text) refers to defsig_rtmem_inner.o(.text) for __rt_SIGRTMEM_inner
    defsig_rtmem_outer.o(.text) refers to defsig_exit.o(.text) for __sig_exit
    defsig_rtmem_formal.o(.text) refers to rt_raise.o(.text) for __rt_raise
    heapauxa.o(.text) refers to heapauxa.o(.data) for .data
    argv_veneer.o(.emb_text) refers to no_argv.o(.text) for __ARM_get_argv
    libinit.o(.ARM.Collect$$libinit$$00000000) refers (Special) to libinit2.o(.ARM.Collect$$libinit$$0000002C) for __rt_lib_init_alloca_1
    libinit.o(.ARM.Collect$$libinit$$00000000) refers (Special) to libinit2.o(.ARM.Collect$$libinit$$0000002A) for __rt_lib_init_argv_1
    libinit.o(.ARM.Collect$$libinit$$00000000) refers (Special) to libinit2.o(.ARM.Collect$$libinit$$00000019) for __rt_lib_init_atexit_1
    libinit.o(.ARM.Collect$$libinit$$00000000) refers (Special) to libinit2.o(.ARM.Collect$$libinit$$0000001F) for __rt_lib_init_clock_1
    libinit.o(.ARM.Collect$$libinit$$00000000) refers (Special) to libinit2.o(.ARM.Collect$$libinit$$00000030) for __rt_lib_init_cpp_1
    libinit.o(.ARM.Collect$$libinit$$00000000) refers (Special) to libinit2.o(.ARM.Collect$$libinit$$0000002E) for __rt_lib_init_exceptions_1
    libinit.o(.ARM.Collect$$libinit$$00000000) refers (Special) to libinit2.o(.ARM.Collect$$libinit$$00000002) for __rt_lib_init_fp_1
    libinit.o(.ARM.Collect$$libinit$$00000000) refers (Special) to libinit2.o(.ARM.Collect$$libinit$$0000001D) for __rt_lib_init_fp_trap_1
    libinit.o(.ARM.Collect$$libinit$$00000000) refers (Special) to libinit2.o(.ARM.Collect$$libinit$$00000021) for __rt_lib_init_getenv_1
    libinit.o(.ARM.Collect$$libinit$$00000000) refers (Special) to libinit2.o(.ARM.Collect$$libinit$$00000008) for __rt_lib_init_heap_1
    libinit.o(.ARM.Collect$$libinit$$00000000) refers (Special) to libinit2.o(.ARM.Collect$$libinit$$0000000F) for __rt_lib_init_lc_collate_1
    libinit.o(.ARM.Collect$$libinit$$00000000) refers (Special) to libinit2.o(.ARM.Collect$$libinit$$00000011) for __rt_lib_init_lc_ctype_1
    libinit.o(.ARM.Collect$$libinit$$00000000) refers (Special) to libinit2.o(.ARM.Collect$$libinit$$00000013) for __rt_lib_init_lc_monetary_1
    libinit.o(.ARM.Collect$$libinit$$00000000) refers (Special) to libinit2.o(.ARM.Collect$$libinit$$00000015) for __rt_lib_init_lc_numeric_1
    libinit.o(.ARM.Collect$$libinit$$00000000) refers (Special) to libinit2.o(.ARM.Collect$$libinit$$00000017) for __rt_lib_init_lc_time_1
    libinit.o(.ARM.Collect$$libinit$$00000000) refers (Special) to libinit2.o(.ARM.Collect$$libinit$$0000000C) for __rt_lib_init_rand_1
    libinit.o(.ARM.Collect$$libinit$$00000000) refers (Special) to libinit2.o(.ARM.Collect$$libinit$$00000031) for __rt_lib_init_return
    libinit.o(.ARM.Collect$$libinit$$00000000) refers (Special) to libinit2.o(.ARM.Collect$$libinit$$0000001B) for __rt_lib_init_signal_1
    libinit.o(.ARM.Collect$$libinit$$00000000) refers (Special) to libinit2.o(.ARM.Collect$$libinit$$00000023) for __rt_lib_init_stdio_1
    libinit.o(.ARM.Collect$$libinit$$00000000) refers (Special) to libinit2.o(.ARM.Collect$$libinit$$0000000A) for __rt_lib_init_user_alloc_1
    unwinder.o(.emb_text) refers to unwinder.o(.text) for __ARM_Unwind_RaiseException
    unwinder.o(.text) refers to unwinder.o(.emb_text) for __ARM_Unwind_VRS_VFPpreserve_low
    unwinder.o(.text) refers to bsearchnoex.o(.text) for bsearch
    unwinder.o(.text) refers to unwind_activity.o(.emb_text) for _Unwind_Activity
    unwinder.o(.text) refers to unwinder.o(i.__ARM_common_call_via_r3) for __ARM_common_call_via_r3
    unwinder.o(.text) refers to abort.o(.text) for abort
    unwinder.o(.text) refers to h1_alloc.o(.text) for malloc
    unwinder.o(.text) refers to rt_memcpy_w.o(.text) for __aeabi_memcpy4
    unwinder.o(.text) refers to h1_free.o(.text) for free
    unwinder.o(.text) refers (Weak) to unwind_pr0.o(.text) for __aeabi_unwind_cpp_pr0
    arm_exceptions_globs.o(.text) refers to abort.o(.text) for abort
    arm_exceptions_globs.o(.text) refers to rt_eh_globals_addr_intlibspace.o(.text) for __rt_eh_globals_addr
    arm_exceptions_globs.o(.text) refers to h1_alloc.o(.text) for malloc
    arm_exceptions_globs.o(.text) refers to arm_exceptions_mem.o(.text) for __ARM_exceptions_buffer_init
    arm_exceptions_globs.o(.ARM.exidx) refers to arm_exceptions_globs.o(.text) for .text
    exception_what.o(.ARM.exidx) refers to exception_what.o(i._ZNKSt9exception4whatEv) for i._ZNKSt9exception4whatEv
    sys_exit.o(.text) refers (Special) to use_no_semi.o(.text) for __I$use$semihosting
    sys_exit.o(.text) refers (Special) to indicate_semi.o(.text) for __semihosting_library_function
    rtexit.o(.ARM.Collect$$rtexit$$00000000) refers (Special) to rtexit2.o(.ARM.Collect$$rtexit$$00000004) for __rt_exit_exit
    rtexit.o(.ARM.Collect$$rtexit$$00000000) refers (Special) to rtexit2.o(.ARM.Collect$$rtexit$$00000003) for __rt_exit_ls
    rtexit.o(.ARM.Collect$$rtexit$$00000000) refers (Special) to rtexit2.o(.ARM.Collect$$rtexit$$00000002) for __rt_exit_prels_1
    rtexit.o(.ARM.exidx) refers (Special) to rtexit2.o(.ARM.Collect$$rtexit$$00000004) for __rt_exit_exit
    rtexit.o(.ARM.exidx) refers (Special) to rtexit2.o(.ARM.Collect$$rtexit$$00000003) for __rt_exit_ls
    rtexit.o(.ARM.exidx) refers (Special) to rtexit2.o(.ARM.Collect$$rtexit$$00000002) for __rt_exit_prels_1
    rtexit.o(.ARM.exidx) refers to rtexit.o(.ARM.Collect$$rtexit$$00000000) for .ARM.Collect$$rtexit$$00000000
    rt_div0.o(.text) refers to defsig_fpe_outer.o(.text) for __rt_SIGFPE
    rt_raise.o(.text) refers to __raise.o(.text) for __raise
    rt_raise.o(.text) refers to sys_exit.o(.text) for _sys_exit
    rt_eh_globals_addr.o(.text) refers to rt_eh_globals_addr.o(.bss) for __rt_eh_globals_addr_data
    rt_eh_globals_addr_intlibspace.o(.text) refers to libspace.o(.bss) for __libspace_start
    term_alloc.o(.text) refers (Special) to libshutdown2.o(.ARM.Collect$$libshutdown$$0000000D) for __rt_lib_shutdown_heap_2
    term_alloc.o(.text) refers to rt_heap_descriptor_intlibspace.o(.text) for __rt_heap_descriptor
    bsearchnoex.o(.text) refers to bsearchnoex.o(i.__ARM_common_call_via_r2) for __ARM_common_call_via_r2
    defsig_exit.o(.text) refers to sys_exit.o(.text) for _sys_exit
    defsig_abrt_outer.o(.text) refers to defsig_abrt_inner.o(.text) for __rt_SIGABRT_inner
    defsig_abrt_outer.o(.text) refers to defsig_exit.o(.text) for __sig_exit
    defsig_abrt_formal.o(.text) refers to rt_raise.o(.text) for __rt_raise
    defsig_rtmem_inner.o(.text) refers to defsig_general.o(.text) for __default_signal_display
    _get_argv_nomalloc.o(.text) refers (Special) to hrguard.o(.text) for __heap_region$guard
    _get_argv_nomalloc.o(.text) refers to defsig_rtmem_outer.o(.text) for __rt_SIGRTMEM
    _get_argv_nomalloc.o(.text) refers to sys_command.o(.text) for _sys_command_string
    arm_exceptions_mem.o(.text) refers to h1_alloc.o(.text) for malloc
    arm_exceptions_mem.o(.ARM.exidx) refers to arm_exceptions_mem.o(.text) for .text
    rtexit2.o(.ARM.Collect$$rtexit$$00000003) refers to libshutdown.o(.ARM.Collect$$libshutdown$$00000000) for __rt_lib_shutdown
    rtexit2.o(.ARM.Collect$$rtexit$$00000004) refers to sys_exit.o(.text) for _sys_exit
    rtexit2.o(.ARM.exidx) refers to rtexit2.o(.ARM.Collect$$rtexit$$00000001) for .ARM.Collect$$rtexit$$00000001
    rtexit2.o(.ARM.exidx) refers to rtexit2.o(.ARM.Collect$$rtexit$$00000003) for .ARM.Collect$$rtexit$$00000003
    rtexit2.o(.ARM.exidx) refers to rtexit2.o(.ARM.Collect$$rtexit$$00000004) for .ARM.Collect$$rtexit$$00000004
    __raise.o(.text) refers to bsearchnoex.o(i.__ARM_common_call_via_r2) for __ARM_common_call_via_r2
    __raise.o(.text) refers to defsig.o(CL$$defsig) for __default_signal_handler
    defsig_general.o(.text) refers to sys_wrch.o(.text) for _ttywrch
    defsig_abrt_inner.o(.text) refers to defsig_general.o(.text) for __default_signal_display
    defsig_fpe_outer.o(.text) refers to defsig_fpe_inner.o(.text) for __rt_SIGFPE_inner
    defsig_fpe_outer.o(.text) refers to defsig_exit.o(.text) for __sig_exit
    defsig_fpe_formal.o(.text) refers to rt_raise.o(.text) for __rt_raise
    libshutdown2.o(.ARM.Collect$$libshutdown$$0000000C) refers (Weak) to term_alloc.o(.text) for _terminate_alloc
    sys_wrch.o(.text) refers (Special) to use_no_semi.o(.text) for __I$use$semihosting
    sys_wrch.o(.text) refers (Special) to indicate_semi.o(.text) for __semihosting_library_function
    defsig_fpe_inner.o(.text) refers to defsig_general.o(.text) for __default_signal_display
    defsig.o(CL$$defsig) refers to defsig_abrt_inner.o(.text) for __rt_SIGABRT_inner
    defsig.o(CL$$defsig) refers to defsig_fpe_inner.o(.text) for __rt_SIGFPE_inner
    defsig.o(CL$$defsig) refers to defsig_rtmem_inner.o(.text) for __rt_SIGRTMEM_inner
    libshutdown.o(.ARM.Collect$$libshutdown$$00000000) refers (Special) to libshutdown2.o(.ARM.Collect$$libshutdown$$00000006) for __rt_lib_shutdown_fp_trap_1
    libshutdown.o(.ARM.Collect$$libshutdown$$00000000) refers (Special) to libshutdown2.o(.ARM.Collect$$libshutdown$$0000000E) for __rt_lib_shutdown_heap_1
    libshutdown.o(.ARM.Collect$$libshutdown$$00000000) refers (Special) to libshutdown2.o(.ARM.Collect$$libshutdown$$0000000F) for __rt_lib_shutdown_return
    libshutdown.o(.ARM.Collect$$libshutdown$$00000000) refers (Special) to libshutdown2.o(.ARM.Collect$$libshutdown$$00000009) for __rt_lib_shutdown_signal_1
    libshutdown.o(.ARM.Collect$$libshutdown$$00000000) refers (Special) to libshutdown2.o(.ARM.Collect$$libshutdown$$00000003) for __rt_lib_shutdown_stdio_1
    libshutdown.o(.ARM.Collect$$libshutdown$$00000000) refers (Special) to libshutdown2.o(.ARM.Collect$$libshutdown$$0000000B) for __rt_lib_shutdown_user_alloc_1
    defsig_rtred_inner.o(.text) refers to defsig_general.o(.text) for __default_signal_display
    defsig_stak_inner.o(.text) refers to defsig_general.o(.text) for __default_signal_display
    defsig_pvfn_inner.o(.text) refers to defsig_general.o(.text) for __default_signal_display
    defsig_cppl_inner.o(.text) refers to defsig_general.o(.text) for __default_signal_display
    defsig_segv_inner.o(.text) refers to defsig_general.o(.text) for __default_signal_display
    defsig_other.o(.text) refers to defsig_general.o(.text) for __default_signal_display
    led.o(.constdata__ZTV3Led) refers to led.o(.constdata__ZTI3Led) for typeinfo for Led
    led.o(.constdata__ZTV3Led) refers to led.o(.text) for Led::On(unsigned char)
    led.o(.constdata__ZTI3Led) refers to lib_rtti_impl.o(.constdata__ZTVN10__cxxabiv117__class_type_infoE) for vtable for __cxxabiv1::__class_type_info
    led.o(.constdata__ZTI3Led) refers to led.o(.constdata__ZTS3Led) for typeinfo name for Led
    ledinv.o(.constdata__ZTV6Ledinv) refers to ledinv.o(.constdata__ZTI6Ledinv) for typeinfo for Ledinv
    ledinv.o(.constdata__ZTV6Ledinv) refers to ledinv.o(.text) for Ledinv::On(unsigned char)
    ledinv.o(.constdata__ZTI6Ledinv) refers to lib_rtti_impl.o(.constdata__ZTVN10__cxxabiv120__si_class_type_infoE) for vtable for __cxxabiv1::__si_class_type_info
    ledinv.o(.constdata__ZTI6Ledinv) refers to ledinv.o(.constdata__ZTS6Ledinv) for typeinfo name for Ledinv
    ledinv.o(.constdata__ZTI6Ledinv) refers to led.o(.constdata__ZTI3Led) for typeinfo for Led
    ledpos.o(.constdata__ZTV6Ledpos) refers to ledpos.o(.constdata__ZTI6Ledpos) for typeinfo for Ledpos
    ledpos.o(.constdata__ZTV6Ledpos) refers to ledpos.o(.text) for Ledpos::On(unsigned char)
    ledpos.o(.constdata__ZTI6Ledpos) refers to lib_rtti_impl.o(.constdata__ZTVN10__cxxabiv120__si_class_type_infoE) for vtable for __cxxabiv1::__si_class_type_info
    ledpos.o(.constdata__ZTI6Ledpos) refers to ledpos.o(.constdata__ZTS6Ledpos) for typeinfo name for Ledpos
    ledpos.o(.constdata__ZTI6Ledpos) refers to led.o(.constdata__ZTI3Led) for typeinfo for Led
    new.o(.ARM.exidx) refers to new.o(i.__ARM_common_call_via_r0) for i.__ARM_common_call_via_r0
    lib_rtti_impl.o(.constdata__ZTVN10__cxxabiv123__fundamental_type_infoE) refers to lib_rtti_impl.o(.constdata__ZTIN10__cxxabiv123__fundamental_type_infoE) for typeinfo for __cxxabiv1::__fundamental_type_info
    lib_rtti_impl.o(.constdata__ZTVN10__cxxabiv123__fundamental_type_infoE) refers to lib_rtti_impl.o(i._ZN10__cxxabiv123__fundamental_type_infoD1Ev) for __cxxabiv1::__fundamental_type_info::~__fundamental_type_info()
    lib_rtti_impl.o(.constdata__ZTVN10__cxxabiv123__fundamental_type_infoE) refers to lib_rtti_impl.o(i._ZN10__cxxabiv123__fundamental_type_infoD0Ev) for __cxxabiv1::__fundamental_type_info::~__fundamental_type_info__deallocating()
    lib_rtti_impl.o(.constdata__ZTVN10__cxxabiv117__array_type_infoE) refers to lib_rtti_impl.o(.constdata__ZTIN10__cxxabiv117__array_type_infoE) for typeinfo for __cxxabiv1::__array_type_info
    lib_rtti_impl.o(.constdata__ZTVN10__cxxabiv117__array_type_infoE) refers to lib_rtti_impl.o(i._ZN10__cxxabiv117__array_type_infoD1Ev) for __cxxabiv1::__array_type_info::~__array_type_info()
    lib_rtti_impl.o(.constdata__ZTVN10__cxxabiv117__array_type_infoE) refers to lib_rtti_impl.o(i._ZN10__cxxabiv117__array_type_infoD0Ev) for __cxxabiv1::__array_type_info::~__array_type_info__deallocating()
    lib_rtti_impl.o(.constdata__ZTVN10__cxxabiv120__function_type_infoE) refers to lib_rtti_impl.o(.constdata__ZTIN10__cxxabiv120__function_type_infoE) for typeinfo for __cxxabiv1::__function_type_info
    lib_rtti_impl.o(.constdata__ZTVN10__cxxabiv120__function_type_infoE) refers to lib_rtti_impl.o(i._ZN10__cxxabiv120__function_type_infoD1Ev) for __cxxabiv1::__function_type_info::~__function_type_info()
    lib_rtti_impl.o(.constdata__ZTVN10__cxxabiv120__function_type_infoE) refers to lib_rtti_impl.o(i._ZN10__cxxabiv120__function_type_infoD0Ev) for __cxxabiv1::__function_type_info::~__function_type_info__deallocating()
    lib_rtti_impl.o(.constdata__ZTVN10__cxxabiv116__enum_type_infoE) refers to lib_rtti_impl.o(.constdata__ZTIN10__cxxabiv116__enum_type_infoE) for typeinfo for __cxxabiv1::__enum_type_info
    lib_rtti_impl.o(.constdata__ZTVN10__cxxabiv116__enum_type_infoE) refers to lib_rtti_impl.o(i._ZN10__cxxabiv116__enum_type_infoD1Ev) for __cxxabiv1::__enum_type_info::~__enum_type_info()
    lib_rtti_impl.o(.constdata__ZTVN10__cxxabiv116__enum_type_infoE) refers to lib_rtti_impl.o(i._ZN10__cxxabiv116__enum_type_infoD0Ev) for __cxxabiv1::__enum_type_info::~__enum_type_info__deallocating()
    lib_rtti_impl.o(.constdata__ZTVN10__cxxabiv117__class_type_infoE) refers to lib_rtti_impl.o(.constdata__ZTIN10__cxxabiv117__class_type_infoE) for typeinfo for __cxxabiv1::__class_type_info
    lib_rtti_impl.o(.constdata__ZTVN10__cxxabiv117__class_type_infoE) refers to lib_rtti_impl.o(i._ZN10__cxxabiv117__class_type_infoD1Ev) for __cxxabiv1::__class_type_info::~__class_type_info()
    lib_rtti_impl.o(.constdata__ZTVN10__cxxabiv117__class_type_infoE) refers to lib_rtti_impl.o(i._ZN10__cxxabiv117__class_type_infoD0Ev) for __cxxabiv1::__class_type_info::~__class_type_info__deallocating()
    lib_rtti_impl.o(.constdata__ZTVN10__cxxabiv120__si_class_type_infoE) refers to lib_rtti_impl.o(.constdata__ZTIN10__cxxabiv120__si_class_type_infoE) for typeinfo for __cxxabiv1::__si_class_type_info
    lib_rtti_impl.o(.constdata__ZTVN10__cxxabiv120__si_class_type_infoE) refers to lib_rtti_impl.o(i._ZN10__cxxabiv120__si_class_type_infoD1Ev) for __cxxabiv1::__si_class_type_info::~__si_class_type_info()
    lib_rtti_impl.o(.constdata__ZTVN10__cxxabiv120__si_class_type_infoE) refers to lib_rtti_impl.o(i._ZN10__cxxabiv120__si_class_type_infoD0Ev) for __cxxabiv1::__si_class_type_info::~__si_class_type_info__deallocating()
    lib_rtti_impl.o(.constdata__ZTVN10__cxxabiv121__vmi_class_type_infoE) refers to lib_rtti_impl.o(.constdata__ZTIN10__cxxabiv121__vmi_class_type_infoE) for typeinfo for __cxxabiv1::__vmi_class_type_info
    lib_rtti_impl.o(.constdata__ZTVN10__cxxabiv121__vmi_class_type_infoE) refers to lib_rtti_impl.o(i._ZN10__cxxabiv121__vmi_class_type_infoD1Ev) for __cxxabiv1::__vmi_class_type_info::~__vmi_class_type_info()
    lib_rtti_impl.o(.constdata__ZTVN10__cxxabiv121__vmi_class_type_infoE) refers to lib_rtti_impl.o(i._ZN10__cxxabiv121__vmi_class_type_infoD0Ev) for __cxxabiv1::__vmi_class_type_info::~__vmi_class_type_info__deallocating()
    lib_rtti_impl.o(.constdata__ZTVN10__cxxabiv117__pbase_type_infoE) refers to lib_rtti_impl.o(.constdata__ZTIN10__cxxabiv117__pbase_type_infoE) for typeinfo for __cxxabiv1::__pbase_type_info
    lib_rtti_impl.o(.constdata__ZTVN10__cxxabiv117__pbase_type_infoE) refers to lib_rtti_impl.o(i._ZN10__cxxabiv117__pbase_type_infoD1Ev) for __cxxabiv1::__pbase_type_info::~__pbase_type_info()
    lib_rtti_impl.o(.constdata__ZTVN10__cxxabiv117__pbase_type_infoE) refers to lib_rtti_impl.o(i._ZN10__cxxabiv117__pbase_type_infoD0Ev) for __cxxabiv1::__pbase_type_info::~__pbase_type_info__deallocating()
    lib_rtti_impl.o(.constdata__ZTVN10__cxxabiv119__pointer_type_infoE) refers to lib_rtti_impl.o(.constdata__ZTIN10__cxxabiv119__pointer_type_infoE) for typeinfo for __cxxabiv1::__pointer_type_info
    lib_rtti_impl.o(.constdata__ZTVN10__cxxabiv119__pointer_type_infoE) refers to lib_rtti_impl.o(i._ZN10__cxxabiv119__pointer_type_infoD1Ev) for __cxxabiv1::__pointer_type_info::~__pointer_type_info()
    lib_rtti_impl.o(.constdata__ZTVN10__cxxabiv119__pointer_type_infoE) refers to lib_rtti_impl.o(i._ZN10__cxxabiv119__pointer_type_infoD0Ev) for __cxxabiv1::__pointer_type_info::~__pointer_type_info__deallocating()
    lib_rtti_impl.o(.constdata__ZTVN10__cxxabiv129__pointer_to_member_type_infoE) refers to lib_rtti_impl.o(.constdata__ZTIN10__cxxabiv129__pointer_to_member_type_infoE) for typeinfo for __cxxabiv1::__pointer_to_member_type_info
    lib_rtti_impl.o(.constdata__ZTVN10__cxxabiv129__pointer_to_member_type_infoE) refers to lib_rtti_impl.o(i._ZN10__cxxabiv129__pointer_to_member_type_infoD1Ev) for __cxxabiv1::__pointer_to_member_type_info::~__pointer_to_member_type_info()
    lib_rtti_impl.o(.constdata__ZTVN10__cxxabiv129__pointer_to_member_type_infoE) refers to lib_rtti_impl.o(i._ZN10__cxxabiv129__pointer_to_member_type_infoD0Ev) for __cxxabiv1::__pointer_to_member_type_info::~__pointer_to_member_type_info__deallocating()
    lib_rtti_impl.o(.constdata__ZTIN10__cxxabiv123__fundamental_type_infoE) refers to lib_rtti_impl.o(.constdata__ZTVN10__cxxabiv120__si_class_type_infoE) for vtable for __cxxabiv1::__si_class_type_info
    lib_rtti_impl.o(.constdata__ZTIN10__cxxabiv123__fundamental_type_infoE) refers to lib_rtti_impl.o(.constdata__ZTSN10__cxxabiv123__fundamental_type_infoE) for typeinfo name for __cxxabiv1::__fundamental_type_info
    lib_rtti_impl.o(.constdata__ZTIN10__cxxabiv123__fundamental_type_infoE) refers to type_info_dtor.o(.constdata__ZTISt9type_info) for typeinfo for std::type_info
    lib_rtti_impl.o(.constdata__ZTIN10__cxxabiv117__array_type_infoE) refers to lib_rtti_impl.o(.constdata__ZTVN10__cxxabiv120__si_class_type_infoE) for vtable for __cxxabiv1::__si_class_type_info
    lib_rtti_impl.o(.constdata__ZTIN10__cxxabiv117__array_type_infoE) refers to lib_rtti_impl.o(.constdata__ZTSN10__cxxabiv117__array_type_infoE) for typeinfo name for __cxxabiv1::__array_type_info
    lib_rtti_impl.o(.constdata__ZTIN10__cxxabiv117__array_type_infoE) refers to type_info_dtor.o(.constdata__ZTISt9type_info) for typeinfo for std::type_info
    lib_rtti_impl.o(.constdata__ZTIN10__cxxabiv120__function_type_infoE) refers to lib_rtti_impl.o(.constdata__ZTVN10__cxxabiv120__si_class_type_infoE) for vtable for __cxxabiv1::__si_class_type_info
    lib_rtti_impl.o(.constdata__ZTIN10__cxxabiv120__function_type_infoE) refers to lib_rtti_impl.o(.constdata__ZTSN10__cxxabiv120__function_type_infoE) for typeinfo name for __cxxabiv1::__function_type_info
    lib_rtti_impl.o(.constdata__ZTIN10__cxxabiv120__function_type_infoE) refers to type_info_dtor.o(.constdata__ZTISt9type_info) for typeinfo for std::type_info
    lib_rtti_impl.o(.constdata__ZTIN10__cxxabiv116__enum_type_infoE) refers to lib_rtti_impl.o(.constdata__ZTVN10__cxxabiv120__si_class_type_infoE) for vtable for __cxxabiv1::__si_class_type_info
    lib_rtti_impl.o(.constdata__ZTIN10__cxxabiv116__enum_type_infoE) refers to lib_rtti_impl.o(.constdata__ZTSN10__cxxabiv116__enum_type_infoE) for typeinfo name for __cxxabiv1::__enum_type_info
    lib_rtti_impl.o(.constdata__ZTIN10__cxxabiv116__enum_type_infoE) refers to type_info_dtor.o(.constdata__ZTISt9type_info) for typeinfo for std::type_info
    lib_rtti_impl.o(.constdata__ZTIN10__cxxabiv117__class_type_infoE) refers to lib_rtti_impl.o(.constdata__ZTVN10__cxxabiv120__si_class_type_infoE) for vtable for __cxxabiv1::__si_class_type_info
    lib_rtti_impl.o(.constdata__ZTIN10__cxxabiv117__class_type_infoE) refers to lib_rtti_impl.o(.constdata__ZTSN10__cxxabiv117__class_type_infoE) for typeinfo name for __cxxabiv1::__class_type_info
    lib_rtti_impl.o(.constdata__ZTIN10__cxxabiv117__class_type_infoE) refers to type_info_dtor.o(.constdata__ZTISt9type_info) for typeinfo for std::type_info
    lib_rtti_impl.o(.constdata__ZTIN10__cxxabiv120__si_class_type_infoE) refers to lib_rtti_impl.o(.constdata__ZTVN10__cxxabiv120__si_class_type_infoE) for vtable for __cxxabiv1::__si_class_type_info
    lib_rtti_impl.o(.constdata__ZTIN10__cxxabiv120__si_class_type_infoE) refers to lib_rtti_impl.o(.constdata__ZTSN10__cxxabiv120__si_class_type_infoE) for typeinfo name for __cxxabiv1::__si_class_type_info
    lib_rtti_impl.o(.constdata__ZTIN10__cxxabiv120__si_class_type_infoE) refers to lib_rtti_impl.o(.constdata__ZTIN10__cxxabiv117__class_type_infoE) for typeinfo for __cxxabiv1::__class_type_info
    lib_rtti_impl.o(.constdata__ZTIN10__cxxabiv121__vmi_class_type_infoE) refers to lib_rtti_impl.o(.constdata__ZTVN10__cxxabiv120__si_class_type_infoE) for vtable for __cxxabiv1::__si_class_type_info
    lib_rtti_impl.o(.constdata__ZTIN10__cxxabiv121__vmi_class_type_infoE) refers to lib_rtti_impl.o(.constdata__ZTSN10__cxxabiv121__vmi_class_type_infoE) for typeinfo name for __cxxabiv1::__vmi_class_type_info
    lib_rtti_impl.o(.constdata__ZTIN10__cxxabiv121__vmi_class_type_infoE) refers to lib_rtti_impl.o(.constdata__ZTIN10__cxxabiv117__class_type_infoE) for typeinfo for __cxxabiv1::__class_type_info
    lib_rtti_impl.o(.constdata__ZTIN10__cxxabiv117__pbase_type_infoE) refers to lib_rtti_impl.o(.constdata__ZTVN10__cxxabiv120__si_class_type_infoE) for vtable for __cxxabiv1::__si_class_type_info
    lib_rtti_impl.o(.constdata__ZTIN10__cxxabiv117__pbase_type_infoE) refers to lib_rtti_impl.o(.constdata__ZTSN10__cxxabiv117__pbase_type_infoE) for typeinfo name for __cxxabiv1::__pbase_type_info
    lib_rtti_impl.o(.constdata__ZTIN10__cxxabiv117__pbase_type_infoE) refers to type_info_dtor.o(.constdata__ZTISt9type_info) for typeinfo for std::type_info
    lib_rtti_impl.o(.constdata__ZTIN10__cxxabiv119__pointer_type_infoE) refers to lib_rtti_impl.o(.constdata__ZTVN10__cxxabiv120__si_class_type_infoE) for vtable for __cxxabiv1::__si_class_type_info
    lib_rtti_impl.o(.constdata__ZTIN10__cxxabiv119__pointer_type_infoE) refers to lib_rtti_impl.o(.constdata__ZTSN10__cxxabiv119__pointer_type_infoE) for typeinfo name for __cxxabiv1::__pointer_type_info
    lib_rtti_impl.o(.constdata__ZTIN10__cxxabiv119__pointer_type_infoE) refers to lib_rtti_impl.o(.constdata__ZTIN10__cxxabiv117__pbase_type_infoE) for typeinfo for __cxxabiv1::__pbase_type_info
    lib_rtti_impl.o(.constdata__ZTIN10__cxxabiv129__pointer_to_member_type_infoE) refers to lib_rtti_impl.o(.constdata__ZTVN10__cxxabiv120__si_class_type_infoE) for vtable for __cxxabiv1::__si_class_type_info
    lib_rtti_impl.o(.constdata__ZTIN10__cxxabiv129__pointer_to_member_type_infoE) refers to lib_rtti_impl.o(.constdata__ZTSN10__cxxabiv129__pointer_to_member_type_infoE) for typeinfo name for __cxxabiv1::__pointer_to_member_type_info
    lib_rtti_impl.o(.constdata__ZTIN10__cxxabiv129__pointer_to_member_type_infoE) refers to lib_rtti_impl.o(.constdata__ZTIN10__cxxabiv117__pbase_type_infoE) for typeinfo for __cxxabiv1::__pbase_type_info
    bad_alloc_dtor.o(.constdata__ZTVSt9bad_alloc) refers to bad_alloc_dtor.o(.constdata__ZTISt9bad_alloc) for typeinfo for std::bad_alloc
    bad_alloc_dtor.o(.constdata__ZTVSt9bad_alloc) refers to bad_alloc_dtor.o(i._ZNSt9bad_allocD1Ev) for std::bad_alloc::~bad_alloc()
    bad_alloc_dtor.o(.constdata__ZTVSt9bad_alloc) refers to bad_alloc_dtor.o(i._ZNSt9bad_allocD0Ev) for std::bad_alloc::~bad_alloc__deallocating()
    bad_alloc_dtor.o(.constdata__ZTVSt9bad_alloc) refers to bad_alloc_what.o(i._ZNKSt9bad_alloc4whatEv) for std::bad_alloc::what() const
    bad_alloc_dtor.o(.constdata__ZTISt9bad_alloc) refers to lib_rtti_impl.o(.constdata__ZTVN10__cxxabiv120__si_class_type_infoE) for vtable for __cxxabiv1::__si_class_type_info
    bad_alloc_dtor.o(.constdata__ZTISt9bad_alloc) refers to bad_alloc_dtor.o(.constdata__ZTSSt9bad_alloc) for typeinfo name for std::bad_alloc
    bad_alloc_dtor.o(.constdata__ZTISt9bad_alloc) refers to exception_dtor.o(.constdata__ZTISt9exception) for typeinfo for std::exception
    type_info_dtor.o(.constdata__ZTVSt9type_info) refers to type_info_dtor.o(.constdata__ZTISt9type_info) for typeinfo for std::type_info
    type_info_dtor.o(.constdata__ZTVSt9type_info) refers to type_info_dtor.o(i._ZNSt9type_infoD1Ev) for std::type_info::~type_info()
    type_info_dtor.o(.constdata__ZTVSt9type_info) refers to type_info_dtor.o(i._ZNSt9type_infoD0Ev) for std::type_info::~type_info__deallocating()
    type_info_dtor.o(.constdata__ZTISt9type_info) refers to lib_rtti_impl.o(.constdata__ZTVN10__cxxabiv117__class_type_infoE) for vtable for __cxxabiv1::__class_type_info
    type_info_dtor.o(.constdata__ZTISt9type_info) refers to type_info_dtor.o(.constdata__ZTSSt9type_info) for typeinfo name for std::type_info
    arm_exceptions_terminate.o(.ARM.exidx) refers to arm_exceptions_terminate.o(i.__ARM_common_call_via_r1) for i.__ARM_common_call_via_r1
    exception_dtor.o(.constdata__ZTVSt9exception) refers to exception_dtor.o(.constdata__ZTISt9exception) for typeinfo for std::exception
    exception_dtor.o(.constdata__ZTVSt9exception) refers to exception_dtor.o(i._ZNSt9exceptionD1Ev) for std::exception::~exception()
    exception_dtor.o(.constdata__ZTVSt9exception) refers to exception_dtor.o(i._ZNSt9exceptionD0Ev) for std::exception::~exception__deallocating()
    exception_dtor.o(.constdata__ZTVSt9exception) refers to exception_what.o(i._ZNKSt9exception4whatEv) for std::exception::what() const
    exception_dtor.o(.constdata__ZTISt9exception) refers to lib_rtti_impl.o(.constdata__ZTVN10__cxxabiv117__class_type_infoE) for vtable for __cxxabiv1::__class_type_info
    exception_dtor.o(.constdata__ZTISt9exception) refers to exception_dtor.o(.constdata__ZTSSt9exception) for typeinfo name for std::exception


==============================================================================

Removing Unused input sections from the image.

    Removing startup.o(RESET), (272 bytes).
    Removing keyboard.o(.ARM.exidx), (8 bytes).
    Removing led.o(.ARM.exidx), (8 bytes).
    Removing main.o(.ARM.exidx), (8 bytes).
    Removing stepper.o(.ARM.exidx), (8 bytes).
    Removing ledinv.o(.ARM.exidx), (8 bytes).
    Removing ledpos.o(.ARM.exidx), (8 bytes).
    Removing led.o(.constdata__ZTI3Led), (8 bytes).
    Removing led.o(.constdata__ZTS3Led), (5 bytes).
    Removing ledinv.o(.constdata__ZTI6Ledinv), (12 bytes).
    Removing ledinv.o(.constdata__ZTS6Ledinv), (8 bytes).
    Removing ledpos.o(.constdata__ZTI6Ledpos), (12 bytes).
    Removing ledpos.o(.constdata__ZTS6Ledpos), (8 bytes).

13 unused section(s) (total 373 bytes) removed from the image.

==============================================================================

Adding Veneers to the image

    Adding AT veneer (8 bytes, Inline) for call to '__rt_lib_init' from rtentry2.o(.ARM.Collect$$rtentry$$0000000A).
    Adding AT veneer (8 bytes, Inline) for call to '__rt_lib_shutdown' from rtexit2.o(.ARM.Collect$$rtexit$$00000003).
    Adding TA veneer (4 bytes, Inline) for call to '__rt_exit' from exit.o(.text).
    Adding TA veneer (4 bytes, Inline) for call to '__rt_new_handler_addr' from new.o(i._Znwj).
    Adding TA veneer (4 bytes, Inline) for call to '__rt_heap_descriptor' from h1_alloc.o(.text).
    Adding AT veneer (8 bytes, Inline) for call to '_sys_exit' from rtexit2.o(.ARM.Collect$$rtexit$$00000004).
    Adding TA veneer (4 bytes, Inline) for call to '__rt_eh_globals_addr' from arm_exceptions_globs.o(.text).
    Adding AT veneer (8 bytes, Inline) for call to 'operator new(unsigned)' from main.o(.text).

8 Veneer(s) (total 48 bytes) added to the image.

==============================================================================

Image Symbol Table

    Local Symbols

    Symbol Name                              Value     Ov Type        Size  Object(Section)

    !!!main                                  0x00000000   Section        8  __main.o(!!!main)
    ../../../edgfe/lib_src/arm_exceptions.c  0x00000000   Number         0  arm_exceptions_globs.o ABSOLUTE
    ../../../edgfe/lib_src/arm_exceptions.c  0x00000000   Number         0  arm_exceptions_mem.o ABSOLUTE
    ../../../edgfe/lib_src/arm_exceptions.c  0x00000000   Number         0  arm_exceptions_terminate.o ABSOLUTE
    ../../../edgfe/lib_src/arm_noexceptions.c 0x00000000   Number         0  arm_callunex_noexceptions.o ABSOLUTE
    ../../../edgfe/lib_src/arm_noexceptions.c 0x00000000   Number         0  arm_newhandler_noexceptions.o ABSOLUTE
    ../../../edgfe/lib_src/bad_alloc.c       0x00000000   Number         0  bad_alloc_dtor.o ABSOLUTE
    ../../../edgfe/lib_src/bad_alloc.c       0x00000000   Number         0  bad_alloc_what.o ABSOLUTE
    ../../../edgfe/lib_src/delete.c          0x00000000   Number         0  delete.o ABSOLUTE
    ../../../edgfe/lib_src/exception.c       0x00000000   Number         0  exception_what.o ABSOLUTE
    ../../../edgfe/lib_src/exception.c       0x00000000   Number         0  exception_dtor.o ABSOLUTE
    ../../../edgfe/lib_src/new.c             0x00000000   Number         0  new.o ABSOLUTE
    ../../../edgfe/lib_src/typeinfo.c        0x00000000   Number         0  type_info_dtor.o ABSOLUTE
    ../../../edgfe/lib_src/typeinfo.c        0x00000000   Number         0  lib_rtti_impl.o ABSOLUTE
    ../clib/angel/boardlib.s                 0x00000000   Number         0  boardinit2.o ABSOLUTE
    ../clib/angel/boardlib.s                 0x00000000   Number         0  boardinit1.o ABSOLUTE
    ../clib/angel/boardlib.s                 0x00000000   Number         0  boardinit3.o ABSOLUTE
    ../clib/angel/boardlib.s                 0x00000000   Number         0  boardshut.o ABSOLUTE
    ../clib/angel/handlers.s                 0x00000000   Number         0  __scatter_zi.o ABSOLUTE
    ../clib/angel/kernel.s                   0x00000000   Number         0  rtentry.o ABSOLUTE
    ../clib/angel/kernel.s                   0x00000000   Number         0  rtexit2.o ABSOLUTE
    ../clib/angel/kernel.s                   0x00000000   Number         0  rtentry2.o ABSOLUTE
    ../clib/angel/kernel.s                   0x00000000   Number         0  rtentry4.o ABSOLUTE
    ../clib/angel/kernel.s                   0x00000000   Number         0  rtexit.o ABSOLUTE
    ../clib/angel/rt.s                       0x00000000   Number         0  rt_heap_descriptor.o ABSOLUTE
    ../clib/angel/rt.s                       0x00000000   Number         0  aeabi_idiv0_sigfpe.o ABSOLUTE
    ../clib/angel/rt.s                       0x00000000   Number         0  rt_new_handler_addr.o ABSOLUTE
    ../clib/angel/rt.s                       0x00000000   Number         0  rt_new_handler_addr_intlibspace.o ABSOLUTE
    ../clib/angel/rt.s                       0x00000000   Number         0  rt_eh_globals_addr_intlibspace.o ABSOLUTE
    ../clib/angel/rt.s                       0x00000000   Number         0  rt_eh_globals_addr.o ABSOLUTE
    ../clib/angel/rt.s                       0x00000000   Number         0  rt_raise.o ABSOLUTE
    ../clib/angel/rt.s                       0x00000000   Number         0  rt_heap_descriptor_intlibspace.o ABSOLUTE
    ../clib/angel/rt.s                       0x00000000   Number         0  rt_div0.o ABSOLUTE
    ../clib/angel/rt.s                       0x00000000   Number         0  aeabi_idiv0.o ABSOLUTE
    ../clib/angel/scatter.s                  0x00000000   Number         0  __scatter.o ABSOLUTE
    ../clib/angel/startup.s                  0x00000000   Number         0  __main.o ABSOLUTE
    ../clib/angel/sys.s                      0x00000000   Number         0  use_no_semi.o ABSOLUTE
    ../clib/angel/sys.s                      0x00000000   Number         0  sys_stackheap_outer.o ABSOLUTE
    ../clib/angel/sys.s                      0x00000000   Number         0  mutex_dummy.o ABSOLUTE
    ../clib/angel/sys.s                      0x00000000   Number         0  libspace.o ABSOLUTE
    ../clib/angel/sys.s                      0x00000000   Number         0  indicate_semi.o ABSOLUTE
    ../clib/angel/sysapp.c                   0x00000000   Number         0  sys_exit.o ABSOLUTE
    ../clib/angel/sysapp.c                   0x00000000   Number         0  sys_wrch.o ABSOLUTE
    ../clib/angel/sysapp.c                   0x00000000   Number         0  sys_command.o ABSOLUTE
    ../clib/armsys.c                         0x00000000   Number         0  argv_veneer.o ABSOLUTE
    ../clib/armsys.c                         0x00000000   Number         0  argv_veneer.o ABSOLUTE
    ../clib/armsys.c                         0x00000000   Number         0  no_argv.o ABSOLUTE
    ../clib/armsys.c                         0x00000000   Number         0  _get_argv.o ABSOLUTE
    ../clib/armsys.c                         0x00000000   Number         0  _get_argv_nomalloc.o ABSOLUTE
    ../clib/division.s                       0x00000000   Number         0  aeabi_sdiv.o ABSOLUTE
    ../clib/division.s                       0x00000000   Number         0  aeabi_sdiv_div0.o ABSOLUTE
    ../clib/divrt.s                          0x00000000   Number         0  divrt_7tdmi_div0.o ABSOLUTE
    ../clib/divrt.s                          0x00000000   Number         0  divrt_7tdmi.o ABSOLUTE
    ../clib/heap1.c                          0x00000000   Number         0  h1_alloc_mt.o ABSOLUTE
    ../clib/heap1.c                          0x00000000   Number         0  h1_extend_mt.o ABSOLUTE
    ../clib/heap1.c                          0x00000000   Number         0  h1_init_mt.o ABSOLUTE
    ../clib/heap1.c                          0x00000000   Number         0  h1_free.o ABSOLUTE
    ../clib/heap1.c                          0x00000000   Number         0  h1_extend.o ABSOLUTE
    ../clib/heap1.c                          0x00000000   Number         0  h1_final_mt.o ABSOLUTE
    ../clib/heap1.c                          0x00000000   Number         0  h1_final.o ABSOLUTE
    ../clib/heap1.c                          0x00000000   Number         0  h1_free_mt.o ABSOLUTE
    ../clib/heap1.c                          0x00000000   Number         0  h1_init.o ABSOLUTE
    ../clib/heap1.c                          0x00000000   Number         0  h1_alloc.o ABSOLUTE
    ../clib/heap2.c                          0x00000000   Number         0  fdtree.o ABSOLUTE
    ../clib/heap2.c                          0x00000000   Number         0  heap2mt.o ABSOLUTE
    ../clib/heap2.c                          0x00000000   Number         0  heap2.o ABSOLUTE
    ../clib/heapalloc.c                      0x00000000   Number         0  maybetermalloc2.o ABSOLUTE
    ../clib/heapalloc.c                      0x00000000   Number         0  term_alloc.o ABSOLUTE
    ../clib/heapalloc.c                      0x00000000   Number         0  maybetermalloc2.o ABSOLUTE
    ../clib/heapalloc.c                      0x00000000   Number         0  init_alloc.o ABSOLUTE
    ../clib/heapalloc.c                      0x00000000   Number         0  free.o ABSOLUTE
    ../clib/heapalloc.c                      0x00000000   Number         0  heapstubs.o ABSOLUTE
    ../clib/heapalloc.c                      0x00000000   Number         0  maybetermalloc1.o ABSOLUTE
    ../clib/heapalloc.c                      0x00000000   Number         0  maybetermalloc1.o ABSOLUTE
    ../clib/heapalloc.c                      0x00000000   Number         0  hrguard.o ABSOLUTE
    ../clib/heapalloc.c                      0x00000000   Number         0  hguard.o ABSOLUTE
    ../clib/heapalloc.c                      0x00000000   Number         0  malloc.o ABSOLUTE
    ../clib/heapaux.c                        0x00000000   Number         0  heapauxi.o ABSOLUTE
    ../clib/heapaux.c                        0x00000000   Number         0  heapauxa.o ABSOLUTE
    ../clib/libinit.s                        0x00000000   Number         0  libshutdown2.o ABSOLUTE
    ../clib/libinit.s                        0x00000000   Number         0  libshutdown.o ABSOLUTE
    ../clib/libinit.s                        0x00000000   Number         0  libinit2.o ABSOLUTE
    ../clib/libinit.s                        0x00000000   Number         0  libinit.o ABSOLUTE
    ../clib/memcpset.s                       0x00000000   Number         0  rt_memcpy_w.o ABSOLUTE
    ../clib/signal.c                         0x00000000   Number         0  defsig_fpe_formal.o ABSOLUTE
    ../clib/signal.c                         0x00000000   Number         0  defsig_fpe_outer.o ABSOLUTE
    ../clib/signal.c                         0x00000000   Number         0  defsig_exit.o ABSOLUTE
    ../clib/signal.c                         0x00000000   Number         0  defsig_abrt_outer.o ABSOLUTE
    ../clib/signal.c                         0x00000000   Number         0  defsig_abrt_formal.o ABSOLUTE
    ../clib/signal.c                         0x00000000   Number         0  defsig_rtmem_inner.o ABSOLUTE
    ../clib/signal.c                         0x00000000   Number         0  __raise.o ABSOLUTE
    ../clib/signal.c                         0x00000000   Number         0  defsig_fpe_inner.o ABSOLUTE
    ../clib/signal.c                         0x00000000   Number         0  defsig_general.o ABSOLUTE
    ../clib/signal.c                         0x00000000   Number         0  defsig_rtmem_outer.o ABSOLUTE
    ../clib/signal.c                         0x00000000   Number         0  defsig_rtmem_formal.o ABSOLUTE
    ../clib/signal.c                         0x00000000   Number         0  defsig_abrt_inner.o ABSOLUTE
    ../clib/signal.c                         0x00000000   Number         0  defsig_rtred_inner.o ABSOLUTE
    ../clib/signal.c                         0x00000000   Number         0  defsig_stak_inner.o ABSOLUTE
    ../clib/signal.c                         0x00000000   Number         0  defsig_pvfn_inner.o ABSOLUTE
    ../clib/signal.c                         0x00000000   Number         0  defsig_cppl_inner.o ABSOLUTE
    ../clib/signal.c                         0x00000000   Number         0  defsig_segv_inner.o ABSOLUTE
    ../clib/signal.c                         0x00000000   Number         0  defsig_other.o ABSOLUTE
    ../clib/signal.s                         0x00000000   Number         0  defsig.o ABSOLUTE
    ../clib/stdlib.c                         0x00000000   Number         0  bsearchnoex.o ABSOLUTE
    ../clib/stdlib.c                         0x00000000   Number         0  exit.o ABSOLUTE
    ../clib/stdlib.c                         0x00000000   Number         0  abort.o ABSOLUTE
    ../clib/unwind_pr.c                      0x00000000   Number         0  unwind_pr0.o ABSOLUTE
    ../clib/unwind_pr.c                      0x00000000   Number         0  unwind_prcommon.o ABSOLUTE
    ../clib/unwinder.c                       0x00000000   Number         0  unwinder.o ABSOLUTE
    ../clib/unwinder.c                       0x00000000   Number         0  unwind_activity.o ABSOLUTE
    ../clib/unwinder.c                       0x00000000   Number         0  unwinder.o ABSOLUTE
    ../clib/unwinder.c                       0x00000000   Number         0  unwind_activity.o ABSOLUTE
    ../fplib/fpinit.s                        0x00000000   Number         0  fpinit.o ABSOLUTE
    Startup.s                                0x00000000   Number         0  startup.o ABSOLUTE
    dc.s                                     0x00000000   Number         0  dc.o ABSOLUTE
    keyboard.cpp                             0x00000000   Number         0  keyboard.o ABSOLUTE
    led.cpp                                  0x00000000   Number         0  led.o ABSOLUTE
    ledinv.cpp                               0x00000000   Number         0  ledinv.o ABSOLUTE
    ledpos.cpp                               0x00000000   Number         0  ledpos.o ABSOLUTE
    main.cpp                                 0x00000000   Number         0  main.o ABSOLUTE
    stepper.cpp                              0x00000000   Number         0  stepper.o ABSOLUTE
    !!!scatter                               0x00000008   Section       60  __scatter.o(!!!scatter)
    !!handler_zi                             0x00000044   Section       44  __scatter_zi.o(!!handler_zi)
    .ARM.Collect$$libinit$$00000000          0x00000078   Section        2  libinit.o(.ARM.Collect$$libinit$$00000000)
    .ARM.Collect$$libinit$$00000002          0x0000007a   Section        0  libinit2.o(.ARM.Collect$$libinit$$00000002)
    .ARM.Collect$$libinit$$00000003          0x0000007a   Section        8  libinit2.o(.ARM.Collect$$libinit$$00000003)
    .ARM.Collect$$libinit$$00000008          0x00000082   Section        0  libinit2.o(.ARM.Collect$$libinit$$00000008)
    .ARM.Collect$$libinit$$0000000A          0x00000082   Section        0  libinit2.o(.ARM.Collect$$libinit$$0000000A)
    .ARM.Collect$$libinit$$0000000C          0x00000082   Section        0  libinit2.o(.ARM.Collect$$libinit$$0000000C)
    .ARM.Collect$$libinit$$0000000F          0x00000082   Section        0  libinit2.o(.ARM.Collect$$libinit$$0000000F)
    .ARM.Collect$$libinit$$00000011          0x00000082   Section        0  libinit2.o(.ARM.Collect$$libinit$$00000011)
    .ARM.Collect$$libinit$$00000013          0x00000082   Section        0  libinit2.o(.ARM.Collect$$libinit$$00000013)
    .ARM.Collect$$libinit$$00000015          0x00000082   Section        0  libinit2.o(.ARM.Collect$$libinit$$00000015)
    .ARM.Collect$$libinit$$00000017          0x00000082   Section        0  libinit2.o(.ARM.Collect$$libinit$$00000017)
    .ARM.Collect$$libinit$$00000019          0x00000082   Section        0  libinit2.o(.ARM.Collect$$libinit$$00000019)
    .ARM.Collect$$libinit$$0000001B          0x00000082   Section        0  libinit2.o(.ARM.Collect$$libinit$$0000001B)
    .ARM.Collect$$libinit$$0000001D          0x00000082   Section        0  libinit2.o(.ARM.Collect$$libinit$$0000001D)
    .ARM.Collect$$libinit$$0000001F          0x00000082   Section        0  libinit2.o(.ARM.Collect$$libinit$$0000001F)
    .ARM.Collect$$libinit$$00000021          0x00000082   Section        0  libinit2.o(.ARM.Collect$$libinit$$00000021)
    .ARM.Collect$$libinit$$00000023          0x00000082   Section        0  libinit2.o(.ARM.Collect$$libinit$$00000023)
    .ARM.Collect$$libinit$$0000002A          0x00000082   Section        0  libinit2.o(.ARM.Collect$$libinit$$0000002A)
    .ARM.Collect$$libinit$$0000002C          0x00000082   Section        0  libinit2.o(.ARM.Collect$$libinit$$0000002C)
    .ARM.Collect$$libinit$$0000002E          0x00000082   Section        0  libinit2.o(.ARM.Collect$$libinit$$0000002E)
    .ARM.Collect$$libinit$$00000030          0x00000082   Section        0  libinit2.o(.ARM.Collect$$libinit$$00000030)
    .ARM.Collect$$libinit$$00000031          0x00000082   Section       12  libinit2.o(.ARM.Collect$$libinit$$00000031)
    .ARM.Collect$$libshutdown$$00000000      0x00000098   Section        4  libshutdown.o(.ARM.Collect$$libshutdown$$00000000)
    .ARM.Collect$$libshutdown$$00000003      0x0000009c   Section        0  libshutdown2.o(.ARM.Collect$$libshutdown$$00000003)
    .ARM.Collect$$libshutdown$$00000006      0x0000009c   Section        0  libshutdown2.o(.ARM.Collect$$libshutdown$$00000006)
    .ARM.Collect$$libshutdown$$00000009      0x0000009c   Section        0  libshutdown2.o(.ARM.Collect$$libshutdown$$00000009)
    .ARM.Collect$$libshutdown$$0000000B      0x0000009c   Section        0  libshutdown2.o(.ARM.Collect$$libshutdown$$0000000B)
    .ARM.Collect$$libshutdown$$0000000E      0x0000009c   Section        0  libshutdown2.o(.ARM.Collect$$libshutdown$$0000000E)
    .ARM.Collect$$libshutdown$$0000000F      0x0000009c   Section        6  libshutdown2.o(.ARM.Collect$$libshutdown$$0000000F)
    .ARM.Collect$$rtentry$$00000000          0x000000a4   Section        0  rtentry.o(.ARM.Collect$$rtentry$$00000000)
    .ARM.Collect$$rtentry$$00000002          0x000000a4   Section        0  rtentry2.o(.ARM.Collect$$rtentry$$00000002)
    .ARM.Collect$$rtentry$$00000004          0x000000a4   Section        8  rtentry4.o(.ARM.Collect$$rtentry$$00000004)
    .ARM.Collect$$rtentry$$00000009          0x000000ac   Section        0  rtentry2.o(.ARM.Collect$$rtentry$$00000009)
    .ARM.Collect$$rtentry$$0000000A          0x000000ac   Section        4  rtentry2.o(.ARM.Collect$$rtentry$$0000000A)
    .ARM.Collect$$rtentry$$0000000C          0x000000b0   Section        0  rtentry2.o(.ARM.Collect$$rtentry$$0000000C)
    .ARM.Collect$$rtentry$$0000000D          0x000000b0   Section       40  rtentry2.o(.ARM.Collect$$rtentry$$0000000D)
    .ARM.Collect$$rtexit$$00000000           0x000000dc   Section        4  rtexit.o(.ARM.Collect$$rtexit$$00000000)
    .ARM.Collect$$rtexit$$00000002           0x000000e0   Section        0  rtexit2.o(.ARM.Collect$$rtexit$$00000002)
    .ARM.Collect$$rtexit$$00000003           0x000000e0   Section        4  rtexit2.o(.ARM.Collect$$rtexit$$00000003)
    .ARM.Collect$$rtexit$$00000004           0x000000e4   Section        8  rtexit2.o(.ARM.Collect$$rtexit$$00000004)
    .emb_text                                0x000000ec   Section        0  maybetermalloc1.o(.emb_text)
    .text                                    0x000000ec   Section       32  startup.o(.text)
    .text                                    0x0000010c   Section        0  keyboard.o(.text)
    .text                                    0x00000194   Section        0  led.o(.text)
    .text                                    0x000001c8   Section        0  main.o(.text)
    .text                                    0x000002d8   Section        0  stepper.o(.text)
    .text                                    0x00000388   Section        0  ledinv.o(.text)
    .text                                    0x0000041c   Section        0  ledpos.o(.text)
    .text                                    0x000004b0   Section        0  heapauxi.o(.text)
    .text                                    0x000004bc   Section       12  rt_new_handler_addr_intlibspace.o(.text)
    .text                                    0x000004c8   Section        0  h1_alloc.o(.text)
    .text                                    0x00000536   Section        0  arm_newhandler_noexceptions.o(.text)
    .text                                    0x00000544   Section       12  libspace.o(.text)
    .text                                    0x00000554   Section       12  rt_heap_descriptor_intlibspace.o(.text)
    .text                                    0x00000560   Section        0  hguard.o(.text)
    .text                                    0x00000564   Section        0  init_alloc.o(.text)
    .text                                    0x000005f8   Section        0  h1_init.o(.text)
    .text                                    0x00000606   Section        0  h1_free.o(.text)
    .text                                    0x0000065a   Section        0  arm_exceptions_terminate.o(.text)
    .text                                    0x0000067c   Section       96  sys_stackheap_outer.o(.text)
    .text                                    0x000006dc   Section        0  h1_extend.o(.text)
    .text                                    0x00000714   Section        0  exit.o(.text)
    .text                                    0x00000720   Section        0  abort.o(.text)
    .text                                    0x00000730   Section        0  defsig_rtmem_outer.o(.text)
    .text                                    0x00000740   Section        0  arm_exceptions_globs.o(.text)
    __default_terminate_handler()            0x00000741   Thumb Code     6  arm_exceptions_globs.o(.text)
    .text                                    0x000007a0   Section        0  sys_exit.o(.text)
    .text                                    0x000007ac   Section        4  use_no_semi.o(.text)
    .text                                    0x000007b0   Section        0  indicate_semi.o(.text)
    .text                                    0x000007b4   Section       12  rt_eh_globals_addr_intlibspace.o(.text)
    .text                                    0x000007c0   Section        0  defsig_exit.o(.text)
    .text                                    0x000007d0   Section        0  defsig_abrt_outer.o(.text)
    .text                                    0x000007e0   Section        0  defsig_rtmem_inner.o(.text)
    .text                                    0x00000834   Section        0  arm_exceptions_mem.o(.text)
    .text                                    0x0000087a   Section        0  defsig_general.o(.text)
    .text                                    0x000008b4   Section        0  defsig_abrt_inner.o(.text)
    .text                                    0x000008e8   Section        0  sys_wrch.o(.text)
    i._Znwj                                  0x00000900   Section        0  new.o(i._Znwj)
    i.__ARM_common_call_via_r0               0x00000930   Section        0  new.o(i.__ARM_common_call_via_r0)
    i.__ARM_common_call_via_r1               0x00000932   Section        0  arm_exceptions_terminate.o(i.__ARM_common_call_via_r1)
    .constdata__ZTV3Led                      0x00000934   Section       12  led.o(.constdata__ZTV3Led)
    .constdata__ZTV6Ledinv                   0x00000940   Section       12  ledinv.o(.constdata__ZTV6Ledinv)
    .constdata__ZTV6Ledpos                   0x0000094c   Section       12  ledpos.o(.constdata__ZTV6Ledpos)
    .bss                                     0x40000000   Section       12  main.o(.bss)
    .bss                                     0x4000000c   Section       96  libspace.o(.bss)
    HEAP                                     0x40000070   Section        0  startup.o(HEAP)
    STACK                                    0x40000070   Section     1160  startup.o(STACK)
    Heap_Mem                                 0x40000070   Data           0  startup.o(HEAP)
    Stack_Mem                                0x40000070   Data        1024  startup.o(STACK)
    Stack_Top                                0x400004f8   Data           0  startup.o(STACK)

    Global Symbols

    Symbol Name                              Value     Ov Type        Size  Object(Section)

    BuildAttributes$$THM_ISAv1$ARM_ISAv4$S$PE$A:L22$X:L11$S22$IEEE1$IW$USESV6$~STKCKD$USESV7$~SHL$OTIME$ROPI$EBA8$UX$STANDARDLIB$REQ8$PRES8$EABIv2 0x00000000   Number         0  anon$$obj.o ABSOLUTE
    __ARM_use_no_argv                        0x00000000   Number         0  main.o ABSOLUTE
    __main                                   0x00000000   ARM Code       8  __main.o(!!!main)
    SHT$$ARM_EXIDX$$Base                      - Undefined Reference
    SHT$$ARM_EXIDX$$Limit                     - Undefined Reference
    __ARM::default_unexpected_handler()       - Undefined Weak Reference
    __ARM_exceptions_buffer_required          - Undefined Weak Reference
    __ARM_exceptions_init                     - Undefined Weak Reference
    __aeabi_unwind_cpp_pr1                    - Undefined Weak Reference
    __aeabi_unwind_cpp_pr2                    - Undefined Weak Reference
    __alloca_initialize                       - Undefined Weak Reference
    __cpp_initialize__aeabi_                  - Undefined Weak Reference
    __cxa_begin_cleanup                       - Undefined Weak Reference
    __cxa_finalize                            - Undefined Weak Reference
    __cxa_type_match                          - Undefined Weak Reference
    __rt_locale                               - Undefined Weak Reference
    __sigvec_lookup                           - Undefined Weak Reference
    __user_heap_extent                        - Undefined Weak Reference
    _atexit_init                              - Undefined Weak Reference
    _call_atexit_fns                          - Undefined Weak Reference
    _clock_init                               - Undefined Weak Reference
    _fp_trap_init                             - Undefined Weak Reference
    _fp_trap_shutdown                         - Undefined Weak Reference
    _get_lc_collate                           - Undefined Weak Reference
    _get_lc_ctype                             - Undefined Weak Reference
    _get_lc_monetary                          - Undefined Weak Reference
    _get_lc_numeric                           - Undefined Weak Reference
    _get_lc_time                              - Undefined Weak Reference
    _getenv_init                              - Undefined Weak Reference
    _handle_redirection                       - Undefined Weak Reference
    _initio                                   - Undefined Weak Reference
    _mutex_acquire                            - Undefined Weak Reference
    _mutex_free                               - Undefined Weak Reference
    _mutex_release                            - Undefined Weak Reference
    _rand_init                                - Undefined Weak Reference
    _signal_finish                            - Undefined Weak Reference
    _signal_init                              - Undefined Weak Reference
    _terminateio                              - Undefined Weak Reference
    __scatterload                            0x00000008   ARM Code       0  __scatter.o(!!!scatter)
    __scatterload_rt2                        0x00000008   ARM Code      52  __scatter.o(!!!scatter)
    __scatterload_null                       0x0000001c   ARM Code       0  __scatter.o(!!!scatter)
    __scatterload_zeroinit                   0x00000044   ARM Code      44  __scatter_zi.o(!!handler_zi)
    Inline ARM to Thumb Veneer to __rt_lib_init 0x00000070   ARM Code       8  libinit.o(.ARM.Collect$$libinit$$00000000)
    __rt_lib_init                            0x00000079   Thumb Code     0  libinit.o(.ARM.Collect$$libinit$$00000000)
    __rt_lib_init_fp_1                       0x0000007b   Thumb Code     0  libinit2.o(.ARM.Collect$$libinit$$00000002)
    __rt_lib_init_heap_2                     0x0000007b   Thumb Code     0  libinit2.o(.ARM.Collect$$libinit$$00000003)
    __rt_lib_init_alloca_1                   0x00000083   Thumb Code     0  libinit2.o(.ARM.Collect$$libinit$$0000002C)
    __rt_lib_init_argv_1                     0x00000083   Thumb Code     0  libinit2.o(.ARM.Collect$$libinit$$0000002A)
    __rt_lib_init_atexit_1                   0x00000083   Thumb Code     0  libinit2.o(.ARM.Collect$$libinit$$00000019)
    __rt_lib_init_clock_1                    0x00000083   Thumb Code     0  libinit2.o(.ARM.Collect$$libinit$$0000001F)
    __rt_lib_init_cpp_1                      0x00000083   Thumb Code     0  libinit2.o(.ARM.Collect$$libinit$$00000030)
    __rt_lib_init_exceptions_1               0x00000083   Thumb Code     0  libinit2.o(.ARM.Collect$$libinit$$0000002E)
    __rt_lib_init_fp_trap_1                  0x00000083   Thumb Code     0  libinit2.o(.ARM.Collect$$libinit$$0000001D)
    __rt_lib_init_getenv_1                   0x00000083   Thumb Code     0  libinit2.o(.ARM.Collect$$libinit$$00000021)
    __rt_lib_init_heap_1                     0x00000083   Thumb Code     0  libinit2.o(.ARM.Collect$$libinit$$00000008)
    __rt_lib_init_lc_collate_1               0x00000083   Thumb Code     0  libinit2.o(.ARM.Collect$$libinit$$0000000F)
    __rt_lib_init_lc_ctype_1                 0x00000083   Thumb Code     0  libinit2.o(.ARM.Collect$$libinit$$00000011)
    __rt_lib_init_lc_monetary_1              0x00000083   Thumb Code     0  libinit2.o(.ARM.Collect$$libinit$$00000013)
    __rt_lib_init_lc_numeric_1               0x00000083   Thumb Code     0  libinit2.o(.ARM.Collect$$libinit$$00000015)
    __rt_lib_init_lc_time_1                  0x00000083   Thumb Code     0  libinit2.o(.ARM.Collect$$libinit$$00000017)
    __rt_lib_init_rand_1                     0x00000083   Thumb Code     0  libinit2.o(.ARM.Collect$$libinit$$0000000C)
    __rt_lib_init_return                     0x00000083   Thumb Code     0  libinit2.o(.ARM.Collect$$libinit$$00000031)
    __rt_lib_init_signal_1                   0x00000083   Thumb Code     0  libinit2.o(.ARM.Collect$$libinit$$0000001B)
    __rt_lib_init_stdio_1                    0x00000083   Thumb Code     0  libinit2.o(.ARM.Collect$$libinit$$00000023)
    __rt_lib_init_user_alloc_1               0x00000083   Thumb Code     0  libinit2.o(.ARM.Collect$$libinit$$0000000A)
    Inline ARM to Thumb Veneer to __rt_lib_shutdown 0x00000090   ARM Code       8  libshutdown.o(.ARM.Collect$$libshutdown$$00000000)
    __rt_lib_shutdown                        0x00000099   Thumb Code     0  libshutdown.o(.ARM.Collect$$libshutdown$$00000000)
    __rt_lib_shutdown_fp_trap_1              0x0000009d   Thumb Code     0  libshutdown2.o(.ARM.Collect$$libshutdown$$00000006)
    __rt_lib_shutdown_heap_1                 0x0000009d   Thumb Code     0  libshutdown2.o(.ARM.Collect$$libshutdown$$0000000E)
    __rt_lib_shutdown_return                 0x0000009d   Thumb Code     0  libshutdown2.o(.ARM.Collect$$libshutdown$$0000000F)
    __rt_lib_shutdown_signal_1               0x0000009d   Thumb Code     0  libshutdown2.o(.ARM.Collect$$libshutdown$$00000009)
    __rt_lib_shutdown_stdio_1                0x0000009d   Thumb Code     0  libshutdown2.o(.ARM.Collect$$libshutdown$$00000003)
    __rt_lib_shutdown_user_alloc_1           0x0000009d   Thumb Code     0  libshutdown2.o(.ARM.Collect$$libshutdown$$0000000B)
    __rt_entry                               0x000000a4   ARM Code       0  rtentry.o(.ARM.Collect$$rtentry$$00000000)
    __rt_entry_presh_1                       0x000000a4   ARM Code       0  rtentry2.o(.ARM.Collect$$rtentry$$00000002)
    __rt_entry_sh                            0x000000a4   ARM Code       0  rtentry4.o(.ARM.Collect$$rtentry$$00000004)
    __rt_entry_li                            0x000000ac   ARM Code       0  rtentry2.o(.ARM.Collect$$rtentry$$0000000A)
    __rt_entry_postsh_1                      0x000000ac   ARM Code       0  rtentry2.o(.ARM.Collect$$rtentry$$00000009)
    __rt_entry_main                          0x000000b0   ARM Code       0  rtentry2.o(.ARM.Collect$$rtentry$$0000000D)
    __rt_entry_postli_1                      0x000000b0   ARM Code       0  rtentry2.o(.ARM.Collect$$rtentry$$0000000C)
    Inline Thumb to ARM Veneer to __rt_exit  0x000000d9   Thumb Code     4  rtexit.o(.ARM.Collect$$rtexit$$00000000)
    __rt_exit                                0x000000dc   ARM Code       0  rtexit.o(.ARM.Collect$$rtexit$$00000000)
    __rt_exit_ls                             0x000000e0   ARM Code       0  rtexit2.o(.ARM.Collect$$rtexit$$00000003)
    __rt_exit_prels_1                        0x000000e0   ARM Code       0  rtexit2.o(.ARM.Collect$$rtexit$$00000002)
    __rt_exit_exit                           0x000000e4   ARM Code       0  rtexit2.o(.ARM.Collect$$rtexit$$00000004)
    __user_initial_stackheap                 0x000000ec   ARM Code       0  startup.o(.text)
    _maybe_terminate_alloc                   0x000000ed   Thumb Code     0  maybetermalloc1.o(.emb_text)
    Keyboard::Keyboard()                     0x0000010c   ARM Code      24  keyboard.o(.text)
    Keyboard::Keyboard__sub_object()         0x0000010c   ARM Code       0  keyboard.o(.text)
    Keyboard::eRead()                        0x00000124   ARM Code     108  keyboard.o(.text)
    Led::On(unsigned char)                   0x00000194   ARM Code       4  led.o(.text)
    Led::Led()                               0x00000198   ARM Code      40  led.o(.text)
    Led::Led__sub_object()                   0x00000198   ARM Code       0  led.o(.text)
    Delay(int)                               0x000001c8   ARM Code      32  main.o(.text)
    main                                     0x000001e8   ARM Code     224  main.o(.text)
    Stepper::Step(Step)                      0x000002d8   ARM Code     112  stepper.o(.text)
    Stepper::StepLeft()                      0x00000348   ARM Code      28  stepper.o(.text)
    Stepper::StepRight()                     0x00000364   ARM Code      28  stepper.o(.text)
    Stepper::Setled(Led*)                    0x00000380   ARM Code       8  stepper.o(.text)
    Ledinv::On(unsigned char)                0x00000388   ARM Code     144  ledinv.o(.text)
    Ledpos::On(unsigned char)                0x0000041c   ARM Code     144  ledpos.o(.text)
    __use_two_region_memory                  0x000004b1   Thumb Code     2  heapauxi.o(.text)
    __rt_heap_escrow                         0x000004b3   Thumb Code     2  heapauxi.o(.text)
    __rt_heap_expand                         0x000004b5   Thumb Code     2  heapauxi.o(.text)
    Inline Thumb to ARM Veneer to __rt_new_handler_addr 0x000004b9   Thumb Code     4  rt_new_handler_addr_intlibspace.o(.text)
    __rt_new_handler_addr                    0x000004bc   ARM Code      12  rt_new_handler_addr_intlibspace.o(.text)
    malloc                                   0x000004c9   Thumb Code   110  h1_alloc.o(.text)
    __default_new_handler()                  0x00000537   Thumb Code    12  arm_newhandler_noexceptions.o(.text)
    __user_libspace                          0x00000544   ARM Code      12  libspace.o(.text)
    __user_perproc_libspace                  0x00000544   ARM Code       0  libspace.o(.text)
    __user_perthread_libspace                0x00000544   ARM Code       0  libspace.o(.text)
    Inline Thumb to ARM Veneer to __rt_heap_descriptor 0x00000551   Thumb Code     4  rt_heap_descriptor_intlibspace.o(.text)
    __rt_heap_descriptor                     0x00000554   ARM Code      12  rt_heap_descriptor_intlibspace.o(.text)
    __use_no_heap                            0x00000561   Thumb Code     2  hguard.o(.text)
    __heap$guard                             0x00000563   Thumb Code     2  hguard.o(.text)
    _terminate_user_alloc                    0x00000565   Thumb Code     2  init_alloc.o(.text)
    _init_user_alloc                         0x00000567   Thumb Code     2  init_alloc.o(.text)
    __Heap_Full                              0x00000569   Thumb Code    36  init_alloc.o(.text)
    __Heap_Broken                            0x0000058d   Thumb Code    14  init_alloc.o(.text)
    _init_alloc                              0x0000059b   Thumb Code    94  init_alloc.o(.text)
    __Heap_Initialize                        0x000005f9   Thumb Code    10  h1_init.o(.text)
    __Heap_DescSize                          0x00000603   Thumb Code     4  h1_init.o(.text)
    free                                     0x00000607   Thumb Code    84  h1_free.o(.text)
    std::terminate()                         0x0000065b   Thumb Code    32  arm_exceptions_terminate.o(.text)
    __user_setup_stackheap                   0x0000067c   ARM Code      96  sys_stackheap_outer.o(.text)
    __Heap_ProvideMemory                     0x000006dd   Thumb Code    56  h1_extend.o(.text)
    exit                                     0x00000715   Thumb Code    12  exit.o(.text)
    abort                                    0x00000721   Thumb Code    16  abort.o(.text)
    __rt_SIGRTMEM                            0x00000731   Thumb Code    16  defsig_rtmem_outer.o(.text)
    __cxa_get_globals                        0x00000747   Thumb Code    70  arm_exceptions_globs.o(.text)
    Inline ARM to Thumb Veneer to _sys_exit  0x00000798   ARM Code       8  sys_exit.o(.text)
    _sys_exit                                0x000007a1   Thumb Code     8  sys_exit.o(.text)
    __I$use$semihosting                      0x000007ac   ARM Code       0  use_no_semi.o(.text)
    __use_no_semihosting_swi                 0x000007ac   ARM Code       4  use_no_semi.o(.text)
    Inline Thumb to ARM Veneer to __rt_eh_globals_addr 0x000007b1   Thumb Code     4  rt_eh_globals_addr_intlibspace.o(.text)
    __semihosting_library_function           0x000007b0   ARM Code       0  indicate_semi.o(.text)
    __rt_eh_globals_addr                     0x000007b4   ARM Code      12  rt_eh_globals_addr_intlibspace.o(.text)
    __sig_exit                               0x000007c1   Thumb Code    16  defsig_exit.o(.text)
    __rt_SIGABRT                             0x000007d1   Thumb Code    16  defsig_abrt_outer.o(.text)
    __rt_SIGRTMEM_inner                      0x000007e1   Thumb Code    26  defsig_rtmem_inner.o(.text)
    __ARM_exceptions_buffer_init             0x00000835   Thumb Code    22  arm_exceptions_mem.o(.text)
    __ARM_exceptions_buffer_allocate         0x0000084b   Thumb Code    26  arm_exceptions_mem.o(.text)
    __ARM_exceptions_buffer_free             0x00000865   Thumb Code    22  arm_exceptions_mem.o(.text)
    __default_signal_display                 0x0000087b   Thumb Code    56  defsig_general.o(.text)
    __rt_SIGABRT_inner                       0x000008b5   Thumb Code    18  defsig_abrt_inner.o(.text)
    _ttywrch                                 0x000008e9   Thumb Code    16  sys_wrch.o(.text)
    Inline ARM to Thumb Veneer to operator new(unsigned) 0x000008f8   ARM Code       8  new.o(i._Znwj)
    operator new(unsigned)                   0x00000901   Thumb Code    42  new.o(i._Znwj)
    __ARM_common_call_via_r0                 0x00000931   Thumb Code     2  new.o(i.__ARM_common_call_via_r0)
    __ARM_common_call_via_r1                 0x00000933   Thumb Code     2  arm_exceptions_terminate.o(i.__ARM_common_call_via_r1)
    vtable for Led                           0x00000934   Data          12  led.o(.constdata__ZTV3Led)
    vtable for Ledinv                        0x00000940   Data          12  ledinv.o(.constdata__ZTV6Ledinv)
    vtable for Ledpos                        0x0000094c   Data          12  ledpos.o(.constdata__ZTV6Ledpos)
    Region$$Table$$Base                      0x00000958   Number         0  anon$$obj.o(Region$$Table)
    Region$$Table$$Limit                     0x00000968   Number         0  anon$$obj.o(Region$$Table)
    mystep                                   0x40000000   Data          12  main.o(.bss)
    __libspace_start                         0x4000000c   Data          96  libspace.o(.bss)
    __temporary_stack_top$libspace           0x4000006c   Data           0  libspace.o(.bss)



==============================================================================

Memory Map of the image

  Image Entry point : 0x00000000

  Load Region LR_1 (Base: 0x00000000, Size: 0x00000968, Max: 0xffffffff, ABSOLUTE)

    Execution Region ER_RO (Base: 0x00000000, Size: 0x00000968, Max: 0xffffffff, ABSOLUTE)

    Base Addr    Size         Type   Attr      Idx    E Section Name        Object

    0x00000000   0x00000008   Code   RO          129  * !!!main             c_t.l(__main.o)
    0x00000008   0x0000003c   Code   RO          617    !!!scatter          c_t.l(__scatter.o)
    0x00000044   0x0000002c   Code   RO          619    !!handler_zi        c_t.l(__scatter_zi.o)
    0x00000070   0x00000008   Ven    RO          504    .ARM.Collect$$libinit$$00000000  c_t.l(libinit.o)
    0x00000078   0x00000002   Code   RO          504    .ARM.Collect$$libinit$$00000000  c_t.l(libinit.o)
    0x0000007a   0x00000000   Code   RO          404    .ARM.Collect$$libinit$$00000002  c_t.l(libinit2.o)
    0x0000007a   0x00000008   Code   RO          405    .ARM.Collect$$libinit$$00000003  c_t.l(libinit2.o)
    0x00000082   0x00000000   Code   RO          407    .ARM.Collect$$libinit$$00000008  c_t.l(libinit2.o)
    0x00000082   0x00000000   Code   RO          409    .ARM.Collect$$libinit$$0000000A  c_t.l(libinit2.o)
    0x00000082   0x00000000   Code   RO          411    .ARM.Collect$$libinit$$0000000C  c_t.l(libinit2.o)
    0x00000082   0x00000000   Code   RO          414    .ARM.Collect$$libinit$$0000000F  c_t.l(libinit2.o)
    0x00000082   0x00000000   Code   RO          416    .ARM.Collect$$libinit$$00000011  c_t.l(libinit2.o)
    0x00000082   0x00000000   Code   RO          418    .ARM.Collect$$libinit$$00000013  c_t.l(libinit2.o)
    0x00000082   0x00000000   Code   RO          420    .ARM.Collect$$libinit$$00000015  c_t.l(libinit2.o)
    0x00000082   0x00000000   Code   RO          422    .ARM.Collect$$libinit$$00000017  c_t.l(libinit2.o)
    0x00000082   0x00000000   Code   RO          424    .ARM.Collect$$libinit$$00000019  c_t.l(libinit2.o)
    0x00000082   0x00000000   Code   RO          426    .ARM.Collect$$libinit$$0000001B  c_t.l(libinit2.o)
    0x00000082   0x00000000   Code   RO          428    .ARM.Collect$$libinit$$0000001D  c_t.l(libinit2.o)
    0x00000082   0x00000000   Code   RO          430    .ARM.Collect$$libinit$$0000001F  c_t.l(libinit2.o)
    0x00000082   0x00000000   Code   RO          432    .ARM.Collect$$libinit$$00000021  c_t.l(libinit2.o)
    0x00000082   0x00000000   Code   RO          434    .ARM.Collect$$libinit$$00000023  c_t.l(libinit2.o)
    0x00000082   0x00000000   Code   RO          438    .ARM.Collect$$libinit$$0000002A  c_t.l(libinit2.o)
    0x00000082   0x00000000   Code   RO          440    .ARM.Collect$$libinit$$0000002C  c_t.l(libinit2.o)
    0x00000082   0x00000000   Code   RO          442    .ARM.Collect$$libinit$$0000002E  c_t.l(libinit2.o)
    0x00000082   0x00000000   Code   RO          444    .ARM.Collect$$libinit$$00000030  c_t.l(libinit2.o)
    0x00000082   0x0000000c   Code   RO          445    .ARM.Collect$$libinit$$00000031  c_t.l(libinit2.o)
    0x0000008e   0x00000002   PAD
    0x00000090   0x00000008   Ven    RO          602    .ARM.Collect$$libshutdown$$00000000  c_t.l(libshutdown.o)
    0x00000098   0x00000004   Code   RO          602    .ARM.Collect$$libshutdown$$00000000  c_t.l(libshutdown.o)
    0x0000009c   0x00000000   Code   RO          581    .ARM.Collect$$libshutdown$$00000003  c_t.l(libshutdown2.o)
    0x0000009c   0x00000000   Code   RO          584    .ARM.Collect$$libshutdown$$00000006  c_t.l(libshutdown2.o)
    0x0000009c   0x00000000   Code   RO          587    .ARM.Collect$$libshutdown$$00000009  c_t.l(libshutdown2.o)
    0x0000009c   0x00000000   Code   RO          589    .ARM.Collect$$libshutdown$$0000000B  c_t.l(libshutdown2.o)
    0x0000009c   0x00000000   Code   RO          592    .ARM.Collect$$libshutdown$$0000000E  c_t.l(libshutdown2.o)
    0x0000009c   0x00000006   Code   RO          593    .ARM.Collect$$libshutdown$$0000000F  c_t.l(libshutdown2.o)
    0x000000a2   0x00000002   PAD
    0x000000a4   0x00000000   Code   RO          238    .ARM.Collect$$rtentry$$00000000  c_t.l(rtentry.o)
    0x000000a4   0x00000000   Code   RO          338    .ARM.Collect$$rtentry$$00000002  c_t.l(rtentry2.o)
    0x000000a4   0x00000008   Code   RO          350    .ARM.Collect$$rtentry$$00000004  c_t.l(rtentry4.o)
    0x000000ac   0x00000000   Code   RO          340    .ARM.Collect$$rtentry$$00000009  c_t.l(rtentry2.o)
    0x000000ac   0x00000004   Code   RO          341    .ARM.Collect$$rtentry$$0000000A  c_t.l(rtentry2.o)
    0x000000b0   0x00000000   Code   RO          343    .ARM.Collect$$rtentry$$0000000C  c_t.l(rtentry2.o)
    0x000000b0   0x00000028   Code   RO          344    .ARM.Collect$$rtentry$$0000000D  c_t.l(rtentry2.o)
    0x000000d8   0x00000004   Ven    RO          526    .ARM.Collect$$rtexit$$00000000  c_t.l(rtexit.o)
    0x000000dc   0x00000004   Code   RO          526    .ARM.Collect$$rtexit$$00000000  c_t.l(rtexit.o)
    0x000000e0   0x00000000   Code   RO          559    .ARM.Collect$$rtexit$$00000002  c_t.l(rtexit2.o)
    0x000000e0   0x00000004   Code   RO          560    .ARM.Collect$$rtexit$$00000003  c_t.l(rtexit2.o)
    0x000000e4   0x00000008   Code   RO          561    .ARM.Collect$$rtexit$$00000004  c_t.l(rtexit2.o)
    0x000000ec   0x00000000   Code   RO          480    .emb_text           c_t.l(maybetermalloc1.o)
    0x000000ec   0x00000020   Code   RO            4    .text               startup.o
    0x0000010c   0x00000088   Code   RO           11    .text               keyboard.o
    0x00000194   0x00000034   Code   RO           30    .text               led.o
    0x000001c8   0x00000110   Code   RO           49    .text               main.o
    0x000002d8   0x000000b0   Code   RO           77    .text               stepper.o
    0x00000388   0x00000094   Code   RO           93    .text               ledinv.o
    0x0000041c   0x00000094   Code   RO          109    .text               ledpos.o
    0x000004b0   0x00000006   Code   RO          127    .text               c_t.l(heapauxi.o)
    0x000004b6   0x00000002   PAD
    0x000004b8   0x00000004   Ven    RO          242    .text               c_t.l(rt_new_handler_addr_intlibspace.o)
    0x000004bc   0x0000000c   Code   RO          242    .text               c_t.l(rt_new_handler_addr_intlibspace.o)
    0x000004c8   0x0000006e   Code   RO          246    .text               c_t.l(h1_alloc.o)
    0x00000536   0x0000000c   Code   RO          309    .text               cpprt_t.l(arm_newhandler_noexceptions.o)
    0x00000542   0x00000002   PAD
    0x00000544   0x0000000c   Code   RO          332    .text               c_t.l(libspace.o)
    0x00000550   0x00000004   Ven    RO          355    .text               c_t.l(rt_heap_descriptor_intlibspace.o)
    0x00000554   0x0000000c   Code   RO          355    .text               c_t.l(rt_heap_descriptor_intlibspace.o)
    0x00000560   0x00000004   Code   RO          357    .text               c_t.l(hguard.o)
    0x00000564   0x00000094   Code   RO          359    .text               c_t.l(init_alloc.o)
    0x000005f8   0x0000000e   Code   RO          365    .text               c_t.l(h1_init.o)
    0x00000606   0x00000054   Code   RO          367    .text               c_t.l(h1_free.o)
    0x0000065a   0x00000020   Code   RO          451    .text               cpprt_t.l(arm_exceptions_terminate.o)
    0x0000067a   0x00000002   PAD
    0x0000067c   0x00000060   Code   RO          472    .text               c_t.l(sys_stackheap_outer.o)
    0x000006dc   0x00000038   Code   RO          482    .text               c_t.l(h1_extend.o)
    0x00000714   0x0000000c   Code   RO          486    .text               c_t.l(exit.o)
    0x00000720   0x00000010   Code   RO          488    .text               c_t.l(abort.o)
    0x00000730   0x00000010   Code   RO          490    .text               c_t.l(defsig_rtmem_outer.o)
    0x00000740   0x00000058   Code   RO          513    .text               cpprt_t.l(arm_exceptions_globs.o)
    0x00000798   0x00000008   Ven    RO          521    .text               c_t.l(sys_exit.o)
    0x000007a0   0x0000000c   Code   RO          521    .text               c_t.l(sys_exit.o)
    0x000007ac   0x00000004   Code   RO          523    .text               c_t.l(use_no_semi.o)
    0x000007b0   0x00000000   Code   RO          525    .text               c_t.l(indicate_semi.o)
    0x000007b0   0x00000004   Ven    RO          535    .text               c_t.l(rt_eh_globals_addr_intlibspace.o)
    0x000007b4   0x0000000c   Code   RO          535    .text               c_t.l(rt_eh_globals_addr_intlibspace.o)
    0x000007c0   0x00000010   Code   RO          543    .text               c_t.l(defsig_exit.o)
    0x000007d0   0x00000010   Code   RO          545    .text               c_t.l(defsig_abrt_outer.o)
    0x000007e0   0x00000054   Code   RO          549    .text               c_t.l(defsig_rtmem_inner.o)
    0x00000834   0x00000046   Code   RO          555    .text               cpprt_t.l(arm_exceptions_mem.o)
    0x0000087a   0x00000038   Code   RO          571    .text               c_t.l(defsig_general.o)
    0x000008b2   0x00000002   PAD
    0x000008b4   0x00000034   Code   RO          573    .text               c_t.l(defsig_abrt_inner.o)
    0x000008e8   0x00000010   Code   RO          594    .text               c_t.l(sys_wrch.o)
    0x000008f8   0x00000008   Ven    RO          131    i._Znwj             cpprt_t.l(new.o)
    0x00000900   0x00000030   Code   RO          131    i._Znwj             cpprt_t.l(new.o)
    0x00000930   0x00000002   Code   RO          135    i.__ARM_common_call_via_r0  cpprt_t.l(new.o)
    0x00000932   0x00000002   Code   RO          454    i.__ARM_common_call_via_r1  cpprt_t.l(arm_exceptions_terminate.o)
    0x00000934   0x0000000c   Data   RO           40    .constdata__ZTV3Led  led.o
    0x00000940   0x0000000c   Data   RO          103    .constdata__ZTV6Ledinv  ledinv.o
    0x0000094c   0x0000000c   Data   RO          119    .constdata__ZTV6Ledpos  ledpos.o
    0x00000958   0x00000010   Data   RO          615    Region$$Table       anon$$obj.o


    Execution Region ER_RW (Base: 0x40000000, Size: 0x00000000, Max: 0xffffffff, ABSOLUTE)

    **** No section assigned to this execution region ****


    Execution Region ER_ZI (Base: 0x40000000, Size: 0x000004f8, Max: 0xffffffff, ABSOLUTE)

    Base Addr    Size         Type   Attr      Idx    E Section Name        Object

    0x40000000   0x0000000c   Zero   RW           51    .bss                main.o
    0x4000000c   0x00000060   Zero   RW          333    .bss                c_t.l(libspace.o)
    0x4000006c   0x00000004   PAD
    0x40000070   0x00000000   Zero   RW            2    HEAP                startup.o
    0x40000070   0x00000488   Zero   RW            1    STACK               startup.o


==============================================================================

Image component sizes


      Code (inc. data)   RO Data    RW Data    ZI Data      Debug   Object Name

       136          4          0          0          0       4044   keyboard.o
        52          8         12          0          0        876   led.o
       148          4         12          0          0        460   ledinv.o
       148          4         12          0          0        460   ledpos.o
       272         16          0          0         12       3106   main.o
        32         12          0          0       1160        220   startup.o
       176          0          0          0          0       2336   stepper.o

    ----------------------------------------------------------------------
       964         48         52          0       1172      11502   Object Totals
         0          0         16          0          0          0   (incl. Generated)
         0          0          0          0          0          0   (incl. Padding)

    ----------------------------------------------------------------------

      Code (inc. data)   RO Data    RW Data    ZI Data      Debug   Library Member Name

         8          0          0          0          0         68   __main.o
        60          8          0          0          0          0   __scatter.o
        44          0          0          0          0          0   __scatter_zi.o
        16          0          0          0          0         64   abort.o
        52         34          0          0          0         80   defsig_abrt_inner.o
        16          0          0          0          0         80   defsig_abrt_outer.o
        16          0          0          0          0         80   defsig_exit.o
        56          0          0          0          0         84   defsig_general.o
        84         58          0          0          0         80   defsig_rtmem_inner.o
        16          0          0          0          0         80   defsig_rtmem_outer.o
        12          0          0          0          0         64   exit.o
       110          0          0          0          0        116   h1_alloc.o
        56          0          0          0          0         80   h1_extend.o
        84          0          0          0          0        100   h1_free.o
        14          0          0          0          0         76   h1_init.o
         6          0          0          0          0        136   heapauxi.o
         4          0          0          0          0        120   hguard.o
         0          0          0          0          0          0   indicate_semi.o
       148          0          0          0          0        192   init_alloc.o
        10          0          0          0          0          0   libinit.o
        20          0          0          0          0          0   libinit2.o
        12          0          0          0          0          0   libshutdown.o
         6          0          0          0          0          0   libshutdown2.o
        12          4          0          0         96         68   libspace.o
         0          0          0          0          0          0   maybetermalloc1.o
        16          4          0          0          0         68   rt_eh_globals_addr_intlibspace.o
        16          4          0          0          0         68   rt_heap_descriptor_intlibspace.o
        16          4          0          0          0         68   rt_new_handler_addr_intlibspace.o
         0          0          0          0          0          0   rtentry.o
        44          4          0          0          0          0   rtentry2.o
         8          0          0          0          0          0   rtentry4.o
         8          0          0          0          0          0   rtexit.o
        12          0          0          0          0          0   rtexit2.o
        20          4          0          0          0         60   sys_exit.o
        96          0          0          0          0         80   sys_stackheap_outer.o
        16          0          0          0          0         76   sys_wrch.o
         4          0          0          0          0         68   use_no_semi.o
        88         12          0          0          0        112   arm_exceptions_globs.o
        70          0          0          0          0        112   arm_exceptions_mem.o
        34          0          0          0          0        128   arm_exceptions_terminate.o
        12          0          0          0          0         80   arm_newhandler_noexceptions.o
        58          6          0          0          0        140   new.o

    ----------------------------------------------------------------------
      1392        142          0          0        100       2628   Library Totals
        12          0          0          0          4          0   (incl. Padding)

    ----------------------------------------------------------------------

      Code (inc. data)   RO Data    RW Data    ZI Data      Debug   Library Name

      1118        124          0          0         96       2056   c_t.l
       262         18          0          0          0        572   cpprt_t.l

    ----------------------------------------------------------------------
      1392        142          0          0        100       2628   Library Totals

    ----------------------------------------------------------------------

==============================================================================


      Code (inc. data)   RO Data    RW Data    ZI Data      Debug   

      2356        190         52          0       1272      12450   Grand Totals
      2356        190         52          0       1272      12450   ELF Image Totals
      2356        190         52          0          0          0   ROM Totals

==============================================================================

    Total RO  Size (Code + RO Data)                 2408 (   2.35kB)
    Total RW  Size (RW Data + ZI Data)              1272 (   1.24kB)
    Total ROM Size (Code + RO Data + RW Data)       2408 (   2.35kB)

==============================================================================

