<html>
<body>
<pre>
<h1>µVision Build Log</h1>
<h2>Project:</h2>
C:\Users\micha\Desktop\aghmtm\Semestr 4\Ppo\cpp\extra\ppo.uvproj
Project File Date:  03/31/2026

<h2>Output:</h2>
Rebuild target 'Target 1'
assembling Startup.s...
compiling keyboard.cpp...
compiling led.cpp...
led.cpp(19): warning:  #187-D: use of "=" where "==" may have been intended
compiling main.cpp...
compiling stepper.cpp...
linking...
Program Size: Code=1304 RO-data=36 RW-data=4 ZI-data=1260  
".\ppo.axf" - 0 Errors, 1 Warning(s).
Rebuild target 'Target 1'
assembling Startup.s...
compiling keyboard.cpp...
compiling led.cpp...
compiling main.cpp...
compiling stepper.cpp...
linking...
Program Size: Code=1300 RO-data=36 RW-data=4 ZI-data=1260  
".\ppo.axf" - 0 Errors, 0 Warning(s).
Rebuild target 'Target 1'
assembling Startup.s...
compiling keyboard.cpp...
compiling led.cpp...
compiling main.cpp...
compiling stepper.cpp...
linking...
Program Size: Code=1348 RO-data=36 RW-data=4 ZI-data=1260  
".\ppo.axf" - 0 Errors, 0 Warning(s).
Rebuild target 'Target 1'
assembling Startup.s...
compiling keyboard.cpp...
compiling led.cpp...
compiling main.cpp...
ledinv.h(11): warning:  #1-D: last line of file ends without a newline
compiling stepper.cpp...
ledinv.h(11): warning:  #1-D: last line of file ends without a newline
stepper.cpp(31): warning:  #1-D: last line of file ends without a newline
compiling ledinv.cpp...
ledinv.h(11): warning:  #1-D: last line of file ends without a newline
ledinv.cpp(28): warning:  #1-D: last line of file ends without a newline
linking...
Program Size: Code=1384 RO-data=36 RW-data=4 ZI-data=1260  
".\ppo.axf" - 0 Errors, 5 Warning(s).
Rebuild target 'Target 1'
assembling Startup.s...
compiling keyboard.cpp...
compiling led.cpp...
compiling main.cpp...
compiling stepper.cpp...
stepper.cpp(31): warning:  #1-D: last line of file ends without a newline
compiling ledinv.cpp...
ledinv.cpp(28): warning:  #1-D: last line of file ends without a newline
linking...
Program Size: Code=1384 RO-data=36 RW-data=4 ZI-data=1260  
".\ppo.axf" - 0 Errors, 2 Warning(s).
Rebuild target 'Target 1'
assembling Startup.s...
compiling keyboard.cpp...
compiling led.cpp...
compiling main.cpp...
compiling stepper.cpp...
compiling ledinv.cpp...
ledinv.cpp(28): warning:  #1-D: last line of file ends without a newline
linking...
Program Size: Code=1384 RO-data=36 RW-data=4 ZI-data=1260  
".\ppo.axf" - 0 Errors, 1 Warning(s).
Rebuild target 'Target 1'
assembling Startup.s...
compiling keyboard.cpp...
compiling led.cpp...
compiling main.cpp...
compiling stepper.cpp...
compiling ledinv.cpp...
linking...
Program Size: Code=1384 RO-data=36 RW-data=4 ZI-data=1260  
".\ppo.axf" - 0 Errors, 0 Warning(s).
Rebuild target 'Target 1'
assembling Startup.s...
compiling keyboard.cpp...
compiling led.cpp...
compiling main.cpp...
main.cpp(17): error:  #135: class "Stepper" has no member "Setmode"
main.cpp(19): error:  #135: class "Stepper" has no member "Setmode"
compiling stepper.cpp...
compiling ledinv.cpp...
".\ppo.axf" - 2 Errors, 0 Warning(s).
Target not created
Rebuild target 'Target 1'
assembling Startup.s...
compiling keyboard.cpp...
compiling led.cpp...
compiling main.cpp...
compiling stepper.cpp...
stepper.cpp(14): error:  #393: pointer to incomplete class type is not allowed
compiling ledinv.cpp...
".\ppo.axf" - 1 Errors, 0 Warning(s).
Target not created
Rebuild target 'Target 1'
assembling Startup.s...
compiling keyboard.cpp...
compiling led.cpp...
compiling main.cpp...
compiling stepper.cpp...
stepper.cpp(14): error:  #393: pointer to incomplete class type is not allowed
compiling ledinv.cpp...
".\ppo.axf" - 1 Errors, 0 Warning(s).
Target not created
Rebuild target 'Target 1'
assembling Startup.s...
compiling keyboard.cpp...
compiling led.cpp...
compiling main.cpp...
compiling stepper.cpp...
compiling ledinv.cpp...
linking...
Program Size: Code=2324 RO-data=40 RW-data=0 ZI-data=1272  
".\ppo.axf" - 0 Errors, 0 Warning(s).
Rebuild target 'Target 1'
assembling Startup.s...
compiling keyboard.cpp...
compiling led.cpp...
led.cpp(16): warning:  #1-D: last line of file ends without a newline
compiling main.cpp...
ledpos.h(11): warning:  #1-D: last line of file ends without a newline
compiling stepper.cpp...
compiling ledinv.cpp...
compiling ledpos.cpp...
ledpos.h(11): warning:  #1-D: last line of file ends without a newline
linking...
Program Size: Code=2356 RO-data=52 RW-data=0 ZI-data=1272  
".\ppo.axf" - 0 Errors, 3 Warning(s).
Rebuild target 'Target 1'
assembling Startup.s...
compiling keyboard.cpp...
compiling led.cpp...
led.cpp(17): warning:  #1-D: last line of file ends without a newline
compiling main.cpp...
compiling stepper.cpp...
compiling ledinv.cpp...
compiling ledpos.cpp...
linking...
Program Size: Code=2356 RO-data=52 RW-data=0 ZI-data=1272  
".\ppo.axf" - 0 Errors, 1 Warning(s).
Rebuild target 'Target 1'
assembling Startup.s...
compiling keyboard.cpp...
compiling led.cpp...
compiling main.cpp...
compiling stepper.cpp...
compiling ledinv.cpp...
compiling ledpos.cpp...
linking...
Program Size: Code=2356 RO-data=52 RW-data=0 ZI-data=1272  
".\ppo.axf" - 0 Errors, 0 Warning(s).
