<html>
<body>
<pre>
<h1>µVision Build Log</h1>
<h2>Project:</h2>
C:\Users\micha\Desktop\git\aghmtm\Semestr 4\Ppo\cpp\cpp-pop\6\6.uvproj
Project File Date:  04/21/2026

<h2>Output:</h2>
Rebuild target 'Target 1'
assembling Startup.s...
compiling main.cpp...
compiling led.cpp...
compiling keyboard.cpp...
compiling stepper.cpp...
linking...
Program Size: Code=928 RO-data=36 RW-data=4 ZI-data=1260  
".\ppo.axf" - 0 Errors, 0 Warning(s).
Rebuild target 'Target 1'
assembling Startup.s...
compiling main.cpp...
compiling led.cpp...
compiling keyboard.cpp...
compiling stepper.cpp...
stepper.cpp(25): error:  #40: expected an identifier
stepper.cpp(25): error:  #130: expected a "{"
stepper.cpp(26): error:  #20: identifier "ucLedCtr" is undefined
stepper.cpp(26): error:  #20: identifier "On" is undefined
stepper.cpp(27): warning:  #940-D: missing return statement at end of non-void function "<error>"
".\ppo.axf" - 4 Errors, 1 Warning(s).
Target not created
Rebuild target 'Target 1'
assembling Startup.s...
compiling main.cpp...
compiling led.cpp...
compiling keyboard.cpp...
compiling stepper.cpp...
linking...
Program Size: Code=976 RO-data=36 RW-data=4 ZI-data=1260  
".\ppo.axf" - 0 Errors, 0 Warning(s).
Clean started: Project: '6'
   deleting intermediate output files for target 'Target 1'
