<html>
<body>
<pre>
<h1>µVision Build Log</h1>
<h2>Project:</h2>
C:\Users\micha\Desktop\aghmtm\Semestr 4\Ppo\cpp\8f\ppo8f.uvproj
Project File Date:  03/31/2026

<h2>Output:</h2>
Rebuild target 'Target 1'
assembling Startup.s...
compiling main.cpp...
compiling led.cpp...
compiling stepper.cpp...
compiling keyboard.cpp...
compiling ledinv.cpp...
compiling ledpos.cpp...
ledpos.cpp(1): warning:  #1-D: last line of file ends without a newline
linking...
Program Size: Code=2448 RO-data=32 RW-data=8 ZI-data=1256  
FromELF: creating hex file...
".\ppo.axf" - 0 Errors, 1 Warning(s).
Rebuild target 'Target 1'
assembling Startup.s...
compiling main.cpp...
compiling led.cpp...
compiling stepper.cpp...
compiling keyboard.cpp...
compiling ledinv.cpp...
compiling ledpos.cpp...
linking...
Program Size: Code=2308 RO-data=32 RW-data=8 ZI-data=1256  
FromELF: creating hex file...
".\ppo.axf" - 0 Errors, 0 Warning(s).
Rebuild target 'Target 1'
assembling Startup.s...
compiling main.cpp...
main.cpp(21): error:  #79: expected a type specifier
compiling led.cpp...
compiling stepper.cpp...
compiling keyboard.cpp...
compiling ledinv.cpp...
compiling ledpos.cpp...
".\ppo.axf" - 1 Errors, 0 Warning(s).
Target not created
Rebuild target 'Target 1'
assembling Startup.s...
compiling main.cpp...
compiling led.cpp...
compiling stepper.cpp...
stepper.cpp(16): error:  #393: pointer to incomplete class type is not allowed
compiling keyboard.cpp...
compiling ledinv.cpp...
compiling ledpos.cpp...
".\ppo.axf" - 1 Errors, 0 Warning(s).
Target not created
Rebuild target 'Target 1'
assembling Startup.s...
compiling main.cpp...
compiling led.cpp...
compiling stepper.cpp...
stepper.cpp(14): error:  #393: pointer to incomplete class type is not allowed
compiling keyboard.cpp...
compiling ledinv.cpp...
compiling ledpos.cpp...
".\ppo.axf" - 1 Errors, 0 Warning(s).
Target not created
Rebuild target 'Target 1'
assembling Startup.s...
compiling main.cpp...
compiling led.cpp...
compiling stepper.cpp...
stepper.cpp(14): error:  #393: pointer to incomplete class type is not allowed
compiling keyboard.cpp...
compiling ledinv.cpp...
compiling ledpos.cpp...
".\ppo.axf" - 1 Errors, 0 Warning(s).
Target not created
Rebuild target 'Target 1'
assembling Startup.s...
compiling main.cpp...
compiling led.cpp...
compiling stepper.cpp...
stepper.cpp(14): error:  #393: pointer to incomplete class type is not allowed
compiling keyboard.cpp...
compiling ledinv.cpp...
compiling ledpos.cpp...
".\ppo.axf" - 1 Errors, 0 Warning(s).
Target not created
Rebuild target 'Target 1'
assembling Startup.s...
compiling main.cpp...
compiling led.cpp...
compiling stepper.cpp...
stepper.cpp(14): error:  #393: pointer to incomplete class type is not allowed
compiling keyboard.cpp...
compiling ledinv.cpp...
compiling ledpos.cpp...
".\ppo.axf" - 1 Errors, 0 Warning(s).
Target not created
Rebuild target 'Target 1'
assembling Startup.s...
compiling main.cpp...
compiling led.cpp...
compiling stepper.cpp...
stepper.cpp(14): error:  #393: pointer to incomplete class type is not allowed
compiling keyboard.cpp...
compiling ledinv.cpp...
compiling ledpos.cpp...
".\ppo.axf" - 1 Errors, 0 Warning(s).
Target not created
Rebuild target 'Target 1'
assembling Startup.s...
compiling main.cpp...
compiling led.cpp...
compiling stepper.cpp...
stepper.cpp(14): error:  #393: pointer to incomplete class type is not allowed
compiling keyboard.cpp...
compiling ledinv.cpp...
compiling ledpos.cpp...
".\ppo.axf" - 1 Errors, 0 Warning(s).
Target not created
Rebuild target 'Target 1'
assembling Startup.s...
compiling main.cpp...
compiling led.cpp...
compiling stepper.cpp...
compiling keyboard.cpp...
compiling ledinv.cpp...
compiling ledpos.cpp...
linking...
Program Size: Code=2668 RO-data=68 RW-data=8 ZI-data=1256  
FromELF: creating hex file...
".\ppo.axf" - 0 Errors, 0 Warning(s).
