<html>
<body>
<pre>
<h1>µVision Build Log</h1>
<h2>Project:</h2>
C:\Users\micha\Desktop\aghmtm\Semestr 4\Ppo\cpp\8d\ppo8d.uvproj
Project File Date:  03/31/2026

<h2>Output:</h2>
Rebuild target 'Target 1'
assembling Startup.s...
compiling main.cpp...
main.cpp(18): error:  #20: identifier "ucInversion" is undefined
main.cpp(20): error:  #20: identifier "ucInversion" is undefined
compiling led.cpp...
compiling stepper.cpp...
compiling keyboard.cpp...
compiling ledinv.cpp...
".\ppo.axf" - 2 Errors, 0 Warning(s).
Target not created
Rebuild target 'Target 1'
assembling Startup.s...
compiling main.cpp...
compiling led.cpp...
compiling stepper.cpp...
compiling keyboard.cpp...
compiling ledinv.cpp...
linking...
.\ppo.axf: Error: L6218E: Undefined symbol ucInversion (referred from main.o).
".\ppo.axf" - 1 Errors, 0 Warning(s).
Target not created
Rebuild target 'Target 1'
assembling Startup.s...
compiling main.cpp...
compiling led.cpp...
compiling stepper.cpp...
compiling keyboard.cpp...
compiling ledinv.cpp...
linking...
Program Size: Code=1656 RO-data=36 RW-data=4 ZI-data=1260  
FromELF: creating hex file...
".\ppo.axf" - 0 Errors, 0 Warning(s).
Rebuild target 'Target 1'
assembling Startup.s...
compiling main.cpp...
compiling led.cpp...
compiling stepper.cpp...
compiling keyboard.cpp...
compiling ledinv.cpp...
linking...
Program Size: Code=1656 RO-data=36 RW-data=4 ZI-data=1260  
FromELF: creating hex file...
".\ppo.axf" - 0 Errors, 0 Warning(s).
Rebuild target 'Target 1'
assembling Startup.s...
compiling main.cpp...
compiling led.cpp...
compiling stepper.cpp...
compiling keyboard.cpp...
compiling ledinv.cpp...
linking...
Program Size: Code=1656 RO-data=36 RW-data=4 ZI-data=1260  
FromELF: creating hex file...
".\ppo.axf" - 0 Errors, 0 Warning(s).
Rebuild target 'Target 1'
assembling Startup.s...
compiling main.cpp...
compiling led.cpp...
compiling stepper.cpp...
compiling keyboard.cpp...
compiling ledinv.cpp...
linking...
Program Size: Code=1656 RO-data=36 RW-data=4 ZI-data=1260  
FromELF: creating hex file...
".\ppo.axf" - 0 Errors, 0 Warning(s).
