Add component: Footprint Not Found 0805_IPC
Add component: Footprint Not Found 0805_IPC
Add component: Footprint Not Found 0805_IPC
Add component: Footprint Not Found 0805_IPC
Add component: Footprint Not Found 0805_IPC
Add component: Footprint Not Found 0805_IPC
Add component: Footprint Not Found VJ_Tantalum_D
Added Component: Designator=D1(SMC)
Add component (AddParameter): Name = "Code_JEDEC"; Value = "DO-214-AB"; VariantName = "[No Variations]"
Add component (AddParameter): Name = "LatestRevisionDate"; Value = "17-Jul-2002"; VariantName = "[No Variations]"
Add component (AddParameter): Name = "LatestRevisionNote"; Value = "Re-released for DXP Platform."; VariantName = "[No Variations]"
Add component (AddParameter): Name = "PackageDescription"; Value = "DO-214-AB/SMC; 2 C-Bend Leads; Body 7.9 x 5.9 mm, inc. leads (LxW)"; VariantName = "[No Variations]"
Add component (AddParameter): Name = "PackageReference"; Value = "SMC"; VariantName = "[No Variations]"
Add component (AddParameter): Name = "PackageVersion"; Value = "Sep-1996"; VariantName = "[No Variations]"
Add component (AddParameter): Name = "Published"; Value = "8-Jun-2000"; VariantName = "[No Variations]"
Add component (AddParameter): Name = "Publisher"; Value = "Altium Limited"; VariantName = "[No Variations]"
Added Component: Designator=P1_U_lab3_analog_input1(MMCX2.54-V5)
Add component (AddParameter): Name = "ComponentLink1Description"; Value = "Manufacturer Link"; VariantName = "[No Variations]"
Add component (AddParameter): Name = "ComponentLink1URL"; Value = "http://www.amphenolrf.com/"; VariantName = "[No Variations]"
Add component (AddParameter): Name = "DatasheetDocument"; Value = "30-May-2003"; VariantName = "[No Variations]"
Add component (AddParameter): Name = "DrillSize"; Value = "Corresponds to nominal value."; VariantName = "[No Variations]"
Add component (AddParameter): Name = "LatestRevisionDate"; Value = "15-Jul-2004"; VariantName = "[No Variations]"
Add component (AddParameter): Name = "LatestRevisionNote"; Value = "Component Replaced."; VariantName = "[No Variations]"
Add component (AddParameter): Name = "PackageDocument"; Value = "Rev. A, 16-Jun-1997"; VariantName = "[No Variations]"
Add component (AddParameter): Name = "PackageReference"; Value = "908-21103"; VariantName = "[No Variations]"
Add component (AddParameter): Name = "PCB_Layout"; Value = "Complies with manufacturer's recommendation."; VariantName = "[No Variations]"
Add component (AddParameter): Name = "Published"; Value = "15-Jul-2004"; VariantName = "[No Variations]"
Add component (AddParameter): Name = "Publisher"; Value = "Altium Limited"; VariantName = "[No Variations]"
Added Component: Designator=P1_U_lab3_analog_input2(MMCX2.54-V5)
Add component (AddParameter): Name = "ComponentLink1Description"; Value = "Manufacturer Link"; VariantName = "[No Variations]"
Add component (AddParameter): Name = "ComponentLink1URL"; Value = "http://www.amphenolrf.com/"; VariantName = "[No Variations]"
Add component (AddParameter): Name = "DatasheetDocument"; Value = "30-May-2003"; VariantName = "[No Variations]"
Add component (AddParameter): Name = "DrillSize"; Value = "Corresponds to nominal value."; VariantName = "[No Variations]"
Add component (AddParameter): Name = "LatestRevisionDate"; Value = "15-Jul-2004"; VariantName = "[No Variations]"
Add component (AddParameter): Name = "LatestRevisionNote"; Value = "Component Replaced."; VariantName = "[No Variations]"
Add component (AddParameter): Name = "PackageDocument"; Value = "Rev. A, 16-Jun-1997"; VariantName = "[No Variations]"
Add component (AddParameter): Name = "PackageReference"; Value = "908-21103"; VariantName = "[No Variations]"
Add component (AddParameter): Name = "PCB_Layout"; Value = "Complies with manufacturer's recommendation."; VariantName = "[No Variations]"
Add component (AddParameter): Name = "Published"; Value = "15-Jul-2004"; VariantName = "[No Variations]"
Add component (AddParameter): Name = "Publisher"; Value = "Altium Limited"; VariantName = "[No Variations]"
Add component: Footprint Not Found LSEM-120-03.0-L-DV-A-N-K-TR
Added Component: Designator=P3(HDR2X5)
Add component (AddParameter): Name = "LatestRevisionDate"; Value = "17-Jul-2002"; VariantName = "[No Variations]"
Add component (AddParameter): Name = "LatestRevisionNote"; Value = "Re-released for DXP Platform."; VariantName = "[No Variations]"
Add component (AddParameter): Name = "Publisher"; Value = "Altium Limited"; VariantName = "[No Variations]"
Add component: Footprint Not Found 0603
Add component: Footprint Not Found 0603
Add component: Footprint Not Found 0603
Add component: Footprint Not Found 0603
Add component: Footprint Not Found 0603
Add component: Footprint Not Found 0603
Add component: Footprint Not Found 0603
Add component: Footprint Not Found 0603
Add component: Footprint Not Found 0603
Added Component: Designator=U1_U_lab3_analog_input1(LT-MS8-8_L)
Add component (AddParameter): Name = "Channels (#)"; Value = "1"; VariantName = "[No Variations]"
Add component (AddParameter): Name = "ComponentLink1Description"; Value = "Manufacturer URL"; VariantName = "[No Variations]"
Add component (AddParameter): Name = "ComponentLink1URL"; Value = "http://www.linear.com/"; VariantName = "[No Variations]"
Add component (AddParameter): Name = "ComponentLink2Description"; Value = "Datasheet"; VariantName = "[No Variations]"
Add component (AddParameter): Name = "ComponentLink2URL"; Value = "http://cds.linear.com/docs/en/datasheet/1992fb.pdf"; VariantName = "[No Variations]"
Add component (AddParameter): Name = "ComponentLink3Description"; Value = "Package Specification"; VariantName = "[No Variations]"
Add component (AddParameter): Name = "ComponentLink3URL"; Value = "http://cds.linear.com/docs/en/packaging/05081610_G_SO8.pdf"; VariantName = "[No Variations]"
Add component (AddParameter): Name = "DatasheetVersion"; Value = "Rev. A"; VariantName = "[No Variations]"
Add component (AddParameter): Name = "GBW (MHz) Typical"; Value = "4"; VariantName = "[No Variations]"
Add component (AddParameter): Name = "Is (mA) Typical"; Value = "0.65"; VariantName = "[No Variations]"
Add component (AddParameter): Name = "Linear Technology Part Number"; Value = "LTC1992"; VariantName = "[No Variations]"
Add component (AddParameter): Name = "Manufacturer"; Value = "Linear Technology"; VariantName = "[No Variations]"
Add component (AddParameter): Name = "Mounting Technology"; Value = "Surface Mount"; VariantName = "[No Variations]"
Add component (AddParameter): Name = "PackageDescription"; Value = "8-Lead Plastic Small Outline, Body 3.9 x 4.9 mm, Pitch 1.27 mm"; VariantName = "[No Variations]"
Add component (AddParameter): Name = "PackageReference"; Value = "LT-MS8-8"; VariantName = "[No Variations]"
Add component (AddParameter): Name = "PackageVersion"; Value = "Rev G"; VariantName = "[No Variations]"
Add component (AddParameter): Name = "PartNumber"; Value = "LTC1992IMS8"; VariantName = "[No Variations]"
Add component (AddParameter): Name = "RevisionNote"; Value = "URLs updated"; VariantName = "[No Variations]"
Add component (AddParameter): Name = "SR (V/us) Typical"; Value = "0.75"; VariantName = "[No Variations]"
Add component (AddParameter): Name = "Type"; Value = "DIFF"; VariantName = "[No Variations]"
Add component (AddParameter): Name = "Vos (mV) Typical"; Value = "0.25"; VariantName = "[No Variations]"
Add component (AddParameter): Name = "Vs Max (V)"; Value = "12"; VariantName = "[No Variations]"
Add component (AddParameter): Name = "Vs Min (V)"; Value = "2.4"; VariantName = "[No Variations]"
Added Component: Designator=U1_U_lab3_analog_input2(LT-MS8-8_L)
Add component (AddParameter): Name = "Channels (#)"; Value = "1"; VariantName = "[No Variations]"
Add component (AddParameter): Name = "ComponentLink1Description"; Value = "Manufacturer URL"; VariantName = "[No Variations]"
Add component (AddParameter): Name = "ComponentLink1URL"; Value = "http://www.linear.com/"; VariantName = "[No Variations]"
Add component (AddParameter): Name = "ComponentLink2Description"; Value = "Datasheet"; VariantName = "[No Variations]"
Add component (AddParameter): Name = "ComponentLink2URL"; Value = "http://cds.linear.com/docs/en/datasheet/1992fb.pdf"; VariantName = "[No Variations]"
Add component (AddParameter): Name = "ComponentLink3Description"; Value = "Package Specification"; VariantName = "[No Variations]"
Add component (AddParameter): Name = "ComponentLink3URL"; Value = "http://cds.linear.com/docs/en/packaging/05081610_G_SO8.pdf"; VariantName = "[No Variations]"
Add component (AddParameter): Name = "DatasheetVersion"; Value = "Rev. A"; VariantName = "[No Variations]"
Add component (AddParameter): Name = "GBW (MHz) Typical"; Value = "4"; VariantName = "[No Variations]"
Add component (AddParameter): Name = "Is (mA) Typical"; Value = "0.65"; VariantName = "[No Variations]"
Add component (AddParameter): Name = "Linear Technology Part Number"; Value = "LTC1992"; VariantName = "[No Variations]"
Add component (AddParameter): Name = "Manufacturer"; Value = "Linear Technology"; VariantName = "[No Variations]"
Add component (AddParameter): Name = "Mounting Technology"; Value = "Surface Mount"; VariantName = "[No Variations]"
Add component (AddParameter): Name = "PackageDescription"; Value = "8-Lead Plastic Small Outline, Body 3.9 x 4.9 mm, Pitch 1.27 mm"; VariantName = "[No Variations]"
Add component (AddParameter): Name = "PackageReference"; Value = "LT-MS8-8"; VariantName = "[No Variations]"
Add component (AddParameter): Name = "PackageVersion"; Value = "Rev G"; VariantName = "[No Variations]"
Add component (AddParameter): Name = "PartNumber"; Value = "LTC1992IMS8"; VariantName = "[No Variations]"
Add component (AddParameter): Name = "RevisionNote"; Value = "URLs updated"; VariantName = "[No Variations]"
Add component (AddParameter): Name = "SR (V/us) Typical"; Value = "0.75"; VariantName = "[No Variations]"
Add component (AddParameter): Name = "Type"; Value = "DIFF"; VariantName = "[No Variations]"
Add component (AddParameter): Name = "Vos (mV) Typical"; Value = "0.25"; VariantName = "[No Variations]"
Add component (AddParameter): Name = "Vs Max (V)"; Value = "12"; VariantName = "[No Variations]"
Add component (AddParameter): Name = "Vs Min (V)"; Value = "2.4"; VariantName = "[No Variations]"
Add component: Footprint Not Found 64A_M
Added Pin To Net: NetName=5V0 Pin=P3-4
Added Pin To Net: NetName=5V0 Pin=U1_U_lab3_analog_input1-3
Added Pin To Net: NetName=5V0 Pin=U1_U_lab3_analog_input2-3
Added Net: Name=5V0
Added Pin To Net: NetName=\R\E\S\E\T\ Pin=P3-6
Added Net: Name=\R\E\S\E\T\
Added Net: Name=ADC1_N
Added Net: Name=ADC2_N
Added Pin To Net: NetName=GND Pin=D1-2
Added Pin To Net: NetName=GND Pin=P1_U_lab3_analog_input1-2
Added Pin To Net: NetName=GND Pin=P1_U_lab3_analog_input1-3
Added Pin To Net: NetName=GND Pin=P1_U_lab3_analog_input1-4
Added Pin To Net: NetName=GND Pin=P1_U_lab3_analog_input1-5
Added Pin To Net: NetName=GND Pin=P1_U_lab3_analog_input2-2
Added Pin To Net: NetName=GND Pin=P1_U_lab3_analog_input2-3
Added Pin To Net: NetName=GND Pin=P1_U_lab3_analog_input2-4
Added Pin To Net: NetName=GND Pin=P1_U_lab3_analog_input2-5
Added Pin To Net: NetName=GND Pin=P3-2
Added Pin To Net: NetName=GND Pin=P3-10
Added Pin To Net: NetName=GND Pin=U1_U_lab3_analog_input1-6
Added Pin To Net: NetName=GND Pin=U1_U_lab3_analog_input2-6
Added Net: Name=GND
Added Pin To Net: NetName=IN_U_lab3_analog_input1 Pin=P1_U_lab3_analog_input1-1
Added Net: Name=IN_U_lab3_analog_input1
Added Pin To Net: NetName=IN_U_lab3_analog_input2 Pin=P1_U_lab3_analog_input2-1
Added Net: Name=IN_U_lab3_analog_input2
Added Pin To Net: NetName=NetC1_U_lab3_analog_input1_2 Pin=U1_U_lab3_analog_input1-2
Added Pin To Net: NetName=NetC1_U_lab3_analog_input1_2 Pin=U1_U_lab3_analog_input1-7
Added Net: Name=NetC1_U_lab3_analog_input1_2
Added Pin To Net: NetName=NetC1_U_lab3_analog_input2_2 Pin=U1_U_lab3_analog_input2-2
Added Pin To Net: NetName=NetC1_U_lab3_analog_input2_2 Pin=U1_U_lab3_analog_input2-7
Added Net: Name=NetC1_U_lab3_analog_input2_2
Added Pin To Net: NetName=NetD1_1 Pin=D1-1
Added Net: Name=NetD1_1
Added Pin To Net: NetName=NetR1_U_lab3_analog_input1_1 Pin=U1_U_lab3_analog_input1-1
Added Net: Name=NetR1_U_lab3_analog_input1_1
Added Pin To Net: NetName=NetR1_U_lab3_analog_input2_1 Pin=U1_U_lab3_analog_input2-1
Added Net: Name=NetR1_U_lab3_analog_input2_1
Added Pin To Net: NetName=NetR3_U_lab3_analog_input1_2 Pin=U1_U_lab3_analog_input1-8
Added Net: Name=NetR3_U_lab3_analog_input1_2
Added Pin To Net: NetName=NetR3_U_lab3_analog_input2_2 Pin=U1_U_lab3_analog_input2-8
Added Net: Name=NetR3_U_lab3_analog_input2_2
Added Net: Name=NetR5_2
Added Pin To Net: NetName=OUT_N1 Pin=U1_U_lab3_analog_input1-5
Added Net: Name=OUT_N1
Added Pin To Net: NetName=OUT_N2 Pin=U1_U_lab3_analog_input2-5
Added Net: Name=OUT_N2
Added Pin To Net: NetName=OUT_P1 Pin=U1_U_lab3_analog_input1-4
Added Net: Name=OUT_P1
Added Pin To Net: NetName=OUT_P2 Pin=U1_U_lab3_analog_input2-4
Added Net: Name=OUT_P2
Added Net: Name=PA0
Added Net: Name=PA1
Added Net: Name=PA2
Added Net: Name=PA3
Added Net: Name=PC0
Added Net: Name=PC1
Added Net: Name=PC2
Added Net: Name=PC3
Added Net: Name=PC4
Added Net: Name=PC5
Added Net: Name=PC6
Added Net: Name=PC7
Added Pin To Net: NetName=TCK Pin=P3-1
Added Net: Name=TCK
Added Pin To Net: NetName=TDI Pin=P3-9
Added Net: Name=TDI
Added Pin To Net: NetName=TDO Pin=P3-3
Added Net: Name=TDO
Added Pin To Net: NetName=TMS Pin=P3-5
Added Net: Name=TMS
Added Class: Name=lab3_schematic
Added Class: Name=U_lab3_analog_input1
Added Class: Name=U_lab3_analog_input2
Added Class: Name=U_lab3_microprocessor
Added Class: Name=OUT_N[1..2]
Added Class: Name=OUT_P[1..2]
Added Class: Name=PC[0..7]
Added Class: Name=lab3_analog_input
Added Rule: Name=Schematic Supply Nets
Added Rule: Name=Schematic Supply Nets_1
Added Rule: Name=Schematic Width Constraint
Added Rule: Name=Schematic Width Constraint_1
