<html>
<body>
<pre>
<h1>µVision Build Log</h1>
<h2>Project:</h2>
C:\Users\micha\Desktop\AGH MTM\Semestr 2\ppsw\P. Obowiazkowy\Konwersje2\Konwersje2.uvproj
Project File Date:  06/17/2025

<h2>Output:</h2>
Rebuild target 'Target 1'
assembling Startup.s...
compiling Konwersje2.c...
linking...
Program Size: Code=856 RO-data=32 RW-data=8 ZI-data=1256  
".\Konwersje2.axf" - 0 Errors, 0 Warning(s).
Rebuild target 'Target 1'
assembling Startup.s...
compiling Konwersje2.c...
linking...
Program Size: Code=856 RO-data=32 RW-data=8 ZI-data=1256  
".\Konwersje2.axf" - 0 Errors, 0 Warning(s).
Rebuild target 'Target 1'
assembling Startup.s...
compiling Konwersje2.c...
linking...
Program Size: Code=856 RO-data=32 RW-data=8 ZI-data=1256  
".\Konwersje2.axf" - 0 Errors, 0 Warning(s).
Rebuild target 'Target 1'
assembling Startup.s...
compiling Konwersje2.c...
linking...
Program Size: Code=1128 RO-data=32 RW-data=8 ZI-data=1256  
FromELF: creating hex file...
".\Konwersje2.axf" - 0 Errors, 0 Warning(s).
Rebuild target 'Target 1'
assembling Startup.s...
compiling Konwersje2.c...
linking...
Program Size: Code=1128 RO-data=32 RW-data=8 ZI-data=1256  
FromELF: creating hex file...
".\Konwersje2.axf" - 0 Errors, 0 Warning(s).
