<html>
<body>
<pre>
<h1>µVision Build Log</h1>
<h2>Project:</h2>
C:\Users\micha\Desktop\aghmtm\Semestr 4\Ppo\cpp\8\ppo8.uvproj
Project File Date:  03/30/2026

<h2>Output:</h2>
Rebuild target 'Target 1'
assembling Startup.s...
compiling keyboard.cpp...
keyboard.cpp(13): error:  #97: a function may not return a value of this type
keyboard.cpp(15): error:  #20: identifier "BUTTON_1" is undefined
keyboard.cpp(18): error:  #20: identifier "BUTTON_2" is undefined
keyboard.cpp(21): error:  #20: identifier "BUTTON_3" is undefined
keyboard.cpp(24): error:  #20: identifier "BUTTON_4" is undefined
keyboard.cpp(27): error:  #20: identifier "RELASED" is undefined
compiling led.cpp...
compiling main.cpp...
compiling stepper.cpp...
".\ppo.axf" - 6 Errors, 0 Warning(s).
Target not created
Rebuild target 'Target 1'
assembling Startup.s...
compiling keyboard.cpp...
keyboard.cpp(9): error:  #135: class "Keyboard" has no member "Init"
compiling led.cpp...
compiling main.cpp...
compiling stepper.cpp...
".\ppo.axf" - 1 Errors, 0 Warning(s).
Target not created
Rebuild target 'Target 1'
assembling Startup.s...
compiling keyboard.cpp...
keyboard.cpp(9): error:  #963: return type may not be specified on a constructor
compiling led.cpp...
compiling main.cpp...
compiling stepper.cpp...
".\ppo.axf" - 1 Errors, 0 Warning(s).
Target not created
Build target 'Target 1'
compiling keyboard.cpp...
linking...
Program Size: Code=1000 RO-data=36 RW-data=4 ZI-data=1260  
".\ppo.axf" - 0 Errors, 0 Warning(s).
Rebuild target 'Target 1'
assembling Startup.s...
compiling keyboard.cpp...
compiling led.cpp...
compiling main.cpp...
compiling stepper.cpp...
linking...
Program Size: Code=1000 RO-data=36 RW-data=4 ZI-data=1260  
".\ppo.axf" - 0 Errors, 0 Warning(s).
Rebuild target 'Target 1'
assembling Startup.s...
compiling keyboard.cpp...
compiling led.cpp...
compiling main.cpp...
compiling stepper.cpp...
linking...
Program Size: Code=964 RO-data=36 RW-data=4 ZI-data=1260  
".\ppo.axf" - 0 Errors, 0 Warning(s).
Rebuild target 'Target 1'
assembling Startup.s...
compiling main.cpp...
compiling led.cpp...
compiling stepper.cpp...
compiling keyboard.cpp...
linking...
Program Size: Code=1112 RO-data=36 RW-data=4 ZI-data=1260  
".\ppo.axf" - 0 Errors, 0 Warning(s).
Rebuild target 'Target 1'
assembling Startup.s...
compiling main.cpp...
main.cpp(18): error:  #711: expression must have bool type (or be convertible to bool)
main.cpp(18): error:  #65: expected a ";"
compiling led.cpp...
compiling stepper.cpp...
compiling keyboard.cpp...
".\ppo.axf" - 2 Errors, 0 Warning(s).
Target not created
Rebuild target 'Target 1'
assembling Startup.s...
compiling main.cpp...
main.cpp(18): error:  #137: expression must be a modifiable lvalue
compiling led.cpp...
compiling stepper.cpp...
compiling keyboard.cpp...
".\ppo.axf" - 1 Errors, 0 Warning(s).
Target not created
Rebuild target 'Target 1'
assembling Startup.s...
compiling main.cpp...
compiling led.cpp...
compiling stepper.cpp...
compiling keyboard.cpp...
linking...
Program Size: Code=1132 RO-data=36 RW-data=4 ZI-data=1260  
".\ppo.axf" - 0 Errors, 0 Warning(s).
Rebuild target 'Target 1'
assembling Startup.s...
compiling main.cpp...
compiling led.cpp...
compiling stepper.cpp...
compiling keyboard.cpp...
linking...
Program Size: Code=1160 RO-data=36 RW-data=4 ZI-data=1260  
".\ppo.axf" - 0 Errors, 0 Warning(s).
Rebuild target 'Target 1'
assembling Startup.s...
compiling main.cpp...
compiling led.cpp...
compiling stepper.cpp...
compiling keyboard.cpp...
linking...
Program Size: Code=1160 RO-data=36 RW-data=4 ZI-data=1260  
".\ppo.axf" - 0 Errors, 0 Warning(s).
Rebuild target 'Target 1'
assembling Startup.s...
compiling main.cpp...
compiling led.cpp...
compiling stepper.cpp...
compiling keyboard.cpp...
linking...
Program Size: Code=1176 RO-data=36 RW-data=4 ZI-data=1260  
".\ppo.axf" - 0 Errors, 0 Warning(s).
Rebuild target 'Target 1'
assembling Startup.s...
compiling main.cpp...
compiling led.cpp...
compiling stepper.cpp...
compiling keyboard.cpp...
linking...
Program Size: Code=1176 RO-data=36 RW-data=4 ZI-data=1260  
".\ppo.axf" - 0 Errors, 0 Warning(s).
Rebuild target 'Target 1'
assembling Startup.s...
compiling main.cpp...
compiling led.cpp...
compiling stepper.cpp...
compiling keyboard.cpp...
linking...
Program Size: Code=1448 RO-data=36 RW-data=4 ZI-data=1260  
FromELF: creating hex file...
".\ppo.axf" - 0 Errors, 0 Warning(s).
Rebuild target 'Target 1'
assembling Startup.s...
compiling main.cpp...
compiling led.cpp...
compiling stepper.cpp...
compiling keyboard.cpp...
linking...
Program Size: Code=1448 RO-data=36 RW-data=4 ZI-data=1260  
FromELF: creating hex file...
".\ppo.axf" - 0 Errors, 0 Warning(s).
Rebuild target 'Target 1'
assembling Startup.s...
compiling main.cpp...
compiling led.cpp...
compiling stepper.cpp...
compiling keyboard.cpp...
linking...
Program Size: Code=1448 RO-data=36 RW-data=4 ZI-data=1260  
FromELF: creating hex file...
".\ppo.axf" - 0 Errors, 0 Warning(s).
Rebuild target 'Target 1'
assembling Startup.s...
compiling main.cpp...
compiling led.cpp...
compiling stepper.cpp...
compiling keyboard.cpp...
linking...
Program Size: Code=1448 RO-data=36 RW-data=4 ZI-data=1260  
FromELF: creating hex file...
".\ppo.axf" - 0 Errors, 0 Warning(s).
Rebuild target 'Target 1'
assembling Startup.s...
compiling main.cpp...
compiling led.cpp...
compiling stepper.cpp...
compiling keyboard.cpp...
linking...
Program Size: Code=1448 RO-data=36 RW-data=4 ZI-data=1260  
FromELF: creating hex file...
".\ppo.axf" - 0 Errors, 0 Warning(s).
Rebuild target 'Target 1'
assembling Startup.s...
compiling main.cpp...
compiling led.cpp...
compiling stepper.cpp...
compiling keyboard.cpp...
linking...
Program Size: Code=1448 RO-data=36 RW-data=4 ZI-data=1260  
FromELF: creating hex file...
".\ppo.axf" - 0 Errors, 0 Warning(s).
