<html>
<body>
<pre>
<h1>µVision Build Log</h1>
<h2>Project:</h2>
C:\Users\micha\Desktop\git\aghmtm\Semestr 4\Ppo\cpp\cpp-pop\3\3.uvproj
Project File Date:  04/20/2026

<h2>Output:</h2>
Rebuild target 'Target 1'
assembling Startup.s...
compiling main.cpp...
compiling led.cpp...
compiling keyboard.cpp...
linking...
Program Size: Code=820 RO-data=16 RW-data=0 ZI-data=1256  
".\ppo.axf" - 0 Errors, 0 Warning(s).
Rebuild target 'Target 1'
assembling Startup.s...
compiling main.cpp...
main.cpp(18): error:  #135: class "Led" has no member "StepLeft"
compiling led.cpp...
compiling keyboard.cpp...
compiling stepper.cpp...
stepper.h(13): warning:  #1-D: last line of file ends without a newline
stepper.cpp(3): error:  #276: name followed by "::" must be a class or namespace name
stepper.cpp(3): error:  #70: incomplete type is not allowed
stepper.cpp(4): error:  #20: identifier "LEFT" is undefined
stepper.cpp(5): error:  #20: identifier "ucLedCtr" is undefined
stepper.cpp(7): error:  #20: identifier "RIGHT" is undefined
stepper.cpp(8): error:  #20: identifier "ucLedCtr" is undefined
stepper.cpp(11): error:  #20: identifier "ucLedCtr" is undefined
stepper.cpp(12): error:  #20: identifier "On" is undefined
stepper.cpp(15): error:  #276: name followed by "::" must be a class or namespace name
stepper.cpp(16): error:  #70: incomplete type is not allowed
stepper.cpp(19): error:  #276: name followed by "::" must be a class or namespace name
stepper.cpp(20): error:  #70: incomplete type is not allowed
".\ppo.axf" - 13 Errors, 1 Warning(s).
Target not created
Rebuild target 'Target 1'
assembling Startup.s...
compiling main.cpp...
stepper.h(13): warning:  #1-D: last line of file ends without a newline
main.cpp(14): error:  #65: expected a ";"
main.cpp(22): warning: At end of source:  #12-D: parsing restarts here after previous syntax error
compiling led.cpp...
compiling keyboard.cpp...
compiling stepper.cpp...
stepper.h(13): warning:  #1-D: last line of file ends without a newline
stepper.cpp(3): error:  #276: name followed by "::" must be a class or namespace name
stepper.cpp(3): error:  #70: incomplete type is not allowed
stepper.cpp(4): error:  #20: identifier "LEFT" is undefined
stepper.cpp(5): error:  #20: identifier "ucLedCtr" is undefined
stepper.cpp(7): error:  #20: identifier "RIGHT" is undefined
stepper.cpp(8): error:  #20: identifier "ucLedCtr" is undefined
stepper.cpp(11): error:  #20: identifier "ucLedCtr" is undefined
stepper.cpp(12): error:  #20: identifier "On" is undefined
stepper.cpp(15): error:  #276: name followed by "::" must be a class or namespace name
stepper.cpp(16): error:  #70: incomplete type is not allowed
stepper.cpp(19): error:  #276: name followed by "::" must be a class or namespace name
stepper.cpp(20): error:  #70: incomplete type is not allowed
".\ppo.axf" - 13 Errors, 3 Warning(s).
Target not created
Rebuild target 'Target 1'
assembling Startup.s...
compiling main.cpp...
stepper.h(13): warning:  #1-D: last line of file ends without a newline
main.cpp(20): error:  #135: class "Led" has no member "StepLeft"
compiling led.cpp...
compiling keyboard.cpp...
compiling stepper.cpp...
stepper.h(13): warning:  #1-D: last line of file ends without a newline
stepper.cpp(3): error:  #276: name followed by "::" must be a class or namespace name
stepper.cpp(3): error:  #70: incomplete type is not allowed
stepper.cpp(4): error:  #20: identifier "LEFT" is undefined
stepper.cpp(5): error:  #20: identifier "ucLedCtr" is undefined
stepper.cpp(7): error:  #20: identifier "RIGHT" is undefined
stepper.cpp(8): error:  #20: identifier "ucLedCtr" is undefined
stepper.cpp(11): error:  #20: identifier "ucLedCtr" is undefined
stepper.cpp(12): error:  #20: identifier "On" is undefined
stepper.cpp(15): error:  #276: name followed by "::" must be a class or namespace name
stepper.cpp(16): error:  #70: incomplete type is not allowed
stepper.cpp(19): error:  #276: name followed by "::" must be a class or namespace name
stepper.cpp(20): error:  #70: incomplete type is not allowed
".\ppo.axf" - 13 Errors, 2 Warning(s).
Target not created
Rebuild target 'Target 1'
assembling Startup.s...
compiling main.cpp...
stepper.h(13): warning:  #1-D: last line of file ends without a newline
compiling led.cpp...
compiling keyboard.cpp...
compiling stepper.cpp...
stepper.h(13): warning:  #1-D: last line of file ends without a newline
stepper.cpp(3): error:  #276: name followed by "::" must be a class or namespace name
stepper.cpp(3): error:  #70: incomplete type is not allowed
stepper.cpp(4): error:  #20: identifier "LEFT" is undefined
stepper.cpp(5): error:  #20: identifier "ucLedCtr" is undefined
stepper.cpp(7): error:  #20: identifier "RIGHT" is undefined
stepper.cpp(8): error:  #20: identifier "ucLedCtr" is undefined
stepper.cpp(11): error:  #20: identifier "ucLedCtr" is undefined
stepper.cpp(12): error:  #20: identifier "On" is undefined
stepper.cpp(15): error:  #276: name followed by "::" must be a class or namespace name
stepper.cpp(16): error:  #70: incomplete type is not allowed
stepper.cpp(19): error:  #276: name followed by "::" must be a class or namespace name
stepper.cpp(20): error:  #70: incomplete type is not allowed
".\ppo.axf" - 12 Errors, 2 Warning(s).
Target not created
Rebuild target 'Target 1'
assembling Startup.s...
compiling main.cpp...
stepper.h(13): warning:  #1-D: last line of file ends without a newline
compiling led.cpp...
compiling keyboard.cpp...
compiling stepper.cpp...
stepper.h(13): warning:  #1-D: last line of file ends without a newline
stepper.cpp(14): error:  #20: identifier "On" is undefined
".\ppo.axf" - 1 Errors, 2 Warning(s).
Target not created
Rebuild target 'Target 1'
assembling Startup.s...
compiling main.cpp...
compiling led.cpp...
compiling keyboard.cpp...
compiling stepper.cpp...
stepper.cpp(14): error:  #20: identifier "On" is undefined
".\ppo.axf" - 1 Errors, 0 Warning(s).
Target not created
Rebuild target 'Target 1'
assembling Startup.s...
compiling main.cpp...
compiling led.cpp...
compiling keyboard.cpp...
compiling stepper.cpp...
stepper.cpp(5): error:  #20: identifier "Led" is undefined
stepper.cpp(16): error:  #20: identifier "MyLed" is undefined
".\ppo.axf" - 2 Errors, 0 Warning(s).
Target not created
Rebuild target 'Target 1'
assembling Startup.s...
compiling main.cpp...
compiling led.cpp...
compiling keyboard.cpp...
compiling stepper.cpp...
stepper.cpp(5): error:  #20: identifier "Led" is undefined
".\ppo.axf" - 1 Errors, 0 Warning(s).
Target not created
Rebuild target 'Target 1'
assembling Startup.s...
compiling main.cpp...
compiling led.cpp...
compiling keyboard.cpp...
compiling stepper.cpp...
stepper.cpp(17): error:  #265-D: function "Led::On" (declared at line 6 of "led.h") is inaccessible
".\ppo.axf" - 1 Errors, 0 Warning(s).
Target not created
Rebuild target 'Target 1'
assembling Startup.s...
compiling main.cpp...
compiling led.cpp...
compiling keyboard.cpp...
compiling stepper.cpp...
linking...
Program Size: Code=868 RO-data=32 RW-data=4 ZI-data=1260  
".\ppo.axf" - 0 Errors, 0 Warning(s).
Clean started: Project: '3'
   deleting intermediate output files for target 'Target 1'
