Remove Pin=P2-1 From Net=GND
Remove Pin=P2-3 From Net=5V0
Remove Pin=P2-14 From Net=PA3
Remove Pin=P2-16 From Net=PA2
Remove Pin=P2-18 From Net=PA1
Remove Pin=P2-20 From Net=PA0
Remove Pin=P2-26 From Net=PC
Remove Pin=P2-28 From Net=PC
Remove Pin=P2-30 From Net=PC
Remove Pin=P2-32 From Net=PC
Remove Pin=P2-34 From Net=PC
Remove Pin=P2-36 From Net=PC
Remove Pin=P2-38 From Net=PC
Remove Pin=P2-40 From Net=PC
Remove Pin=P3-1 From Net=TCK
Remove Pin=P3-2 From Net=GND
Remove Pin=P3-3 From Net=TDO
Remove Pin=P3-4 From Net=5V0
Remove Pin=P3-5 From Net=TMS
Remove Pin=P3-6 From Net=\R\E\S\E\T\
Remove Pin=P3-9 From Net=TDI
Remove Pin=P3-10 From Net=GND
