Add component: Footprint Not Found SMC
Add component: Footprint Not Found LT-MS8-8_L
Add component: Footprint Not Found LT-MS8-8_L
Add Pin To Net: Unknown Pin: Pin D1-1
Add Pin To Net: Unknown Pin: Pin D1-2
Add Pin To Net: Unknown Pin: Pin U1_U_lab3_analog_input1-1
Add Pin To Net: Unknown Pin: Pin U1_U_lab3_analog_input1-2
Add Pin To Net: Unknown Pin: Pin U1_U_lab3_analog_input1-3
Add Pin To Net: Unknown Pin: Pin U1_U_lab3_analog_input1-4
Add Pin To Net: Unknown Pin: Pin U1_U_lab3_analog_input1-5
Add Pin To Net: Unknown Pin: Pin U1_U_lab3_analog_input1-6
Add Pin To Net: Unknown Pin: Pin U1_U_lab3_analog_input1-7
Add Pin To Net: Unknown Pin: Pin U1_U_lab3_analog_input1-8
Add Pin To Net: Unknown Pin: Pin U1_U_lab3_analog_input2-1
Add Pin To Net: Unknown Pin: Pin U1_U_lab3_analog_input2-2
Add Pin To Net: Unknown Pin: Pin U1_U_lab3_analog_input2-3
Add Pin To Net: Unknown Pin: Pin U1_U_lab3_analog_input2-4
Add Pin To Net: Unknown Pin: Pin U1_U_lab3_analog_input2-5
Add Pin To Net: Unknown Pin: Pin U1_U_lab3_analog_input2-6
Add Pin To Net: Unknown Pin: Pin U1_U_lab3_analog_input2-7
Add Pin To Net: Unknown Pin: Pin U1_U_lab3_analog_input2-8
Add Class Member: Failed to add class member : Component D1 Diode
Add Class Member: Failed to add class member : Component U1_U_lab3_analog_input1 (U1) LTC1992IMS8
Add Class Member: Failed to add class member : Component U1_U_lab3_analog_input2 (U1) LTC1992IMS8
