Added Component: Designator=U?_U_lab3_analog_input1(LT-MS8-8_L)
Add component (AddParameter): Name = "Channels (#)"; Value = "1"; VariantName = "[No Variations]"
Add component (AddParameter): Name = "ComponentLink1Description"; Value = "Manufacturer URL"; VariantName = "[No Variations]"
Add component (AddParameter): Name = "ComponentLink1URL"; Value = "http://www.linear.com/"; VariantName = "[No Variations]"
Add component (AddParameter): Name = "ComponentLink2Description"; Value = "Datasheet"; VariantName = "[No Variations]"
Add component (AddParameter): Name = "ComponentLink2URL"; Value = "http://cds.linear.com/docs/en/datasheet/1992fb.pdf"; VariantName = "[No Variations]"
Add component (AddParameter): Name = "ComponentLink3Description"; Value = "Package Specification"; VariantName = "[No Variations]"
Add component (AddParameter): Name = "ComponentLink3URL"; Value = "http://cds.linear.com/docs/en/packaging/05081610_G_SO8.pdf"; VariantName = "[No Variations]"
Add component (AddParameter): Name = "DatasheetVersion"; Value = "Rev. A"; VariantName = "[No Variations]"
Add component (AddParameter): Name = "GBW (MHz) Typical"; Value = "4"; VariantName = "[No Variations]"
Add component (AddParameter): Name = "Is (mA) Typical"; Value = "0.65"; VariantName = "[No Variations]"
Add component (AddParameter): Name = "Linear Technology Part Number"; Value = "LTC1992"; VariantName = "[No Variations]"
Add component (AddParameter): Name = "Manufacturer"; Value = "Linear Technology"; VariantName = "[No Variations]"
Add component (AddParameter): Name = "Mounting Technology"; Value = "Surface Mount"; VariantName = "[No Variations]"
Add component (AddParameter): Name = "PackageDescription"; Value = "8-Lead Plastic Small Outline, Body 3.9 x 4.9 mm, Pitch 1.27 mm"; VariantName = "[No Variations]"
Add component (AddParameter): Name = "PackageReference"; Value = "LT-MS8-8"; VariantName = "[No Variations]"
Add component (AddParameter): Name = "PackageVersion"; Value = "Rev G"; VariantName = "[No Variations]"
Add component (AddParameter): Name = "PartNumber"; Value = "LTC1992IMS8"; VariantName = "[No Variations]"
Add component (AddParameter): Name = "RevisionNote"; Value = "URLs updated"; VariantName = "[No Variations]"
Add component (AddParameter): Name = "SR (V/us) Typical"; Value = "0.75"; VariantName = "[No Variations]"
Add component (AddParameter): Name = "Type"; Value = "DIFF"; VariantName = "[No Variations]"
Add component (AddParameter): Name = "Vos (mV) Typical"; Value = "0.25"; VariantName = "[No Variations]"
Add component (AddParameter): Name = "Vs Max (V)"; Value = "12"; VariantName = "[No Variations]"
Add component (AddParameter): Name = "Vs Min (V)"; Value = "2.4"; VariantName = "[No Variations]"
Added Component: Designator=U?_U_lab3_analog_input2(LT-MS8-8_L)
Add component (AddParameter): Name = "Channels (#)"; Value = "1"; VariantName = "[No Variations]"
Add component (AddParameter): Name = "ComponentLink1Description"; Value = "Manufacturer URL"; VariantName = "[No Variations]"
Add component (AddParameter): Name = "ComponentLink1URL"; Value = "http://www.linear.com/"; VariantName = "[No Variations]"
Add component (AddParameter): Name = "ComponentLink2Description"; Value = "Datasheet"; VariantName = "[No Variations]"
Add component (AddParameter): Name = "ComponentLink2URL"; Value = "http://cds.linear.com/docs/en/datasheet/1992fb.pdf"; VariantName = "[No Variations]"
Add component (AddParameter): Name = "ComponentLink3Description"; Value = "Package Specification"; VariantName = "[No Variations]"
Add component (AddParameter): Name = "ComponentLink3URL"; Value = "http://cds.linear.com/docs/en/packaging/05081610_G_SO8.pdf"; VariantName = "[No Variations]"
Add component (AddParameter): Name = "DatasheetVersion"; Value = "Rev. A"; VariantName = "[No Variations]"
Add component (AddParameter): Name = "GBW (MHz) Typical"; Value = "4"; VariantName = "[No Variations]"
Add component (AddParameter): Name = "Is (mA) Typical"; Value = "0.65"; VariantName = "[No Variations]"
Add component (AddParameter): Name = "Linear Technology Part Number"; Value = "LTC1992"; VariantName = "[No Variations]"
Add component (AddParameter): Name = "Manufacturer"; Value = "Linear Technology"; VariantName = "[No Variations]"
Add component (AddParameter): Name = "Mounting Technology"; Value = "Surface Mount"; VariantName = "[No Variations]"
Add component (AddParameter): Name = "PackageDescription"; Value = "8-Lead Plastic Small Outline, Body 3.9 x 4.9 mm, Pitch 1.27 mm"; VariantName = "[No Variations]"
Add component (AddParameter): Name = "PackageReference"; Value = "LT-MS8-8"; VariantName = "[No Variations]"
Add component (AddParameter): Name = "PackageVersion"; Value = "Rev G"; VariantName = "[No Variations]"
Add component (AddParameter): Name = "PartNumber"; Value = "LTC1992IMS8"; VariantName = "[No Variations]"
Add component (AddParameter): Name = "RevisionNote"; Value = "URLs updated"; VariantName = "[No Variations]"
Add component (AddParameter): Name = "SR (V/us) Typical"; Value = "0.75"; VariantName = "[No Variations]"
Add component (AddParameter): Name = "Type"; Value = "DIFF"; VariantName = "[No Variations]"
Add component (AddParameter): Name = "Vos (mV) Typical"; Value = "0.25"; VariantName = "[No Variations]"
Add component (AddParameter): Name = "Vs Max (V)"; Value = "12"; VariantName = "[No Variations]"
Add component (AddParameter): Name = "Vs Min (V)"; Value = "2.4"; VariantName = "[No Variations]"
Added Pin To Net: NetName=NetR1_U_lab3_analog_input1_1 Pin=U?_U_lab3_analog_input1-1
Added Pin To Net: NetName=NetC1_U_lab3_analog_input1_2 Pin=U?_U_lab3_analog_input1-2
Added Pin To Net: NetName=5V0 Pin=U?_U_lab3_analog_input1-3
Added Pin To Net: NetName=OUT_P1 Pin=U?_U_lab3_analog_input1-4
Added Pin To Net: NetName=OUT_N1 Pin=U?_U_lab3_analog_input1-5
Added Pin To Net: NetName=GND Pin=U?_U_lab3_analog_input1-6
Added Pin To Net: NetName=NetC1_U_lab3_analog_input1_2 Pin=U?_U_lab3_analog_input1-7
Added Pin To Net: NetName=NetR3_U_lab3_analog_input1_2 Pin=U?_U_lab3_analog_input1-8
Added Pin To Net: NetName=NetR1_U_lab3_analog_input2_1 Pin=U?_U_lab3_analog_input2-1
Added Pin To Net: NetName=NetC1_U_lab3_analog_input2_2 Pin=U?_U_lab3_analog_input2-2
Added Pin To Net: NetName=5V0 Pin=U?_U_lab3_analog_input2-3
Added Pin To Net: NetName=OUT_P2 Pin=U?_U_lab3_analog_input2-4
Added Pin To Net: NetName=OUT_N2 Pin=U?_U_lab3_analog_input2-5
Added Pin To Net: NetName=GND Pin=U?_U_lab3_analog_input2-6
Added Pin To Net: NetName=NetC1_U_lab3_analog_input2_2 Pin=U?_U_lab3_analog_input2-7
Added Pin To Net: NetName=NetR3_U_lab3_analog_input2_2 Pin=U?_U_lab3_analog_input2-8
Added Member To Class: ClassName=U_lab3_analog_input1 Member=Component U?_U_lab3_analog_input1 (U?) LTC1992IMS8
Added Member To Class: ClassName=U_lab3_analog_input2 Member=Component U?_U_lab3_analog_input2 (U?) LTC1992IMS8
