<html>
<body>
<pre>
<h1>µVision Build Log</h1>
<h2>Project:</h2>
C:\Users\micha\Desktop\aghmtm\Semestr 4\Ppo\cpp\8e\ppo8e.uvproj
Project File Date:  03/31/2026

<h2>Output:</h2>
Rebuild target 'Target 1'
assembling Startup.s...
compiling main.cpp...
main.cpp(18): error:  #135: class "Stepper" has no member "Setmode"
main.cpp(20): error:  #135: class "Stepper" has no member "Setmode"
compiling led.cpp...
compiling stepper.cpp...
compiling keyboard.cpp...
compiling ledinv.cpp...
".\ppo.axf" - 2 Errors, 0 Warning(s).
Target not created
Rebuild target 'Target 1'
assembling Startup.s...
compiling main.cpp...
compiling led.cpp...
compiling stepper.cpp...
compiling keyboard.cpp...
compiling ledinv.cpp...
linking...
Program Size: Code=2448 RO-data=32 RW-data=8 ZI-data=1256  
FromELF: creating hex file...
".\ppo.axf" - 0 Errors, 0 Warning(s).
